Archive member included because of file (symbol)

.\CortexM3\ARM_GCC_493\Debug\CY8CKIT-059_USBUART.a(cyfitter_cfg.o)
                              .\CortexM3\ARM_GCC_493\Debug\Cm3Start.o (cyfitter_cfg)
.\CortexM3\ARM_GCC_493\Debug\CY8CKIT-059_USBUART.a(LED.o)
                              .\CortexM3\ARM_GCC_493\Debug\main.o (LED_Write)
.\CortexM3\ARM_GCC_493\Debug\CY8CKIT-059_USBUART.a(CyBootAsmGnu.o)
                              .\CortexM3\ARM_GCC_493\Debug\CY8CKIT-059_USBUART.a(cyfitter_cfg.o) (CyDelayCycles)
.\CortexM3\ARM_GCC_493\Debug\CY8CKIT-059_USBUART.a(CyLib.o)
                              .\CortexM3\ARM_GCC_493\Debug\Cm3Start.o (CyHalt)
.\CortexM3\ARM_GCC_493\Debug\CY8CKIT-059_USBUART.a(cyPm.o)
                              .\CortexM3\ARM_GCC_493\Debug\CY8CKIT-059_USBUART.a(CyLib.o) (CyPmReadStatus)
.\CortexM3\ARM_GCC_493\Debug\CY8CKIT-059_USBUART.a(USBUART_1.o)
                              .\CortexM3\ARM_GCC_493\Debug\com.o (USBUART_1_Start)
.\CortexM3\ARM_GCC_493\Debug\CY8CKIT-059_USBUART.a(USBUART_1_cdc.o)
                              .\CortexM3\ARM_GCC_493\Debug\com.o (USBUART_1_CDC_Init)
.\CortexM3\ARM_GCC_493\Debug\CY8CKIT-059_USBUART.a(USBUART_1_drv.o)
                              .\CortexM3\ARM_GCC_493\Debug\CY8CKIT-059_USBUART.a(USBUART_1.o) (USBUART_1_lastPacketSize)
.\CortexM3\ARM_GCC_493\Debug\CY8CKIT-059_USBUART.a(USBUART_1_episr.o)
                              .\CortexM3\ARM_GCC_493\Debug\CY8CKIT-059_USBUART.a(USBUART_1.o) (USBUART_1_EP_1_ISR)
.\CortexM3\ARM_GCC_493\Debug\CY8CKIT-059_USBUART.a(USBUART_1_pm.o)
                              .\CortexM3\ARM_GCC_493\Debug\CY8CKIT-059_USBUART.a(USBUART_1.o) (USBUART_1_DP_ISR)
.\CortexM3\ARM_GCC_493\Debug\CY8CKIT-059_USBUART.a(USBUART_1_std.o)
                              .\CortexM3\ARM_GCC_493\Debug\CY8CKIT-059_USBUART.a(USBUART_1_pm.o) (USBUART_1_ConfigReg)
.\CortexM3\ARM_GCC_493\Debug\CY8CKIT-059_USBUART.a(USBUART_1_vnd.o)
                              .\CortexM3\ARM_GCC_493\Debug\CY8CKIT-059_USBUART.a(USBUART_1_drv.o) (USBUART_1_HandleVendorRqst)
.\CortexM3\ARM_GCC_493\Debug\CY8CKIT-059_USBUART.a(USBUART_1_Dp.o)
                              .\CortexM3\ARM_GCC_493\Debug\CY8CKIT-059_USBUART.a(USBUART_1_pm.o) (USBUART_1_Dp_ClearInterrupt)
.\CortexM3\ARM_GCC_493\Debug\CY8CKIT-059_USBUART.a(CyFlash.o)
                              .\CortexM3\ARM_GCC_493\Debug\CY8CKIT-059_USBUART.a(cyPm.o) (CyFlash_SetWaitCycles)
.\CortexM3\ARM_GCC_493\Debug\CY8CKIT-059_USBUART.a(CySpc.o)
                              .\CortexM3\ARM_GCC_493\Debug\CY8CKIT-059_USBUART.a(CyFlash.o) (CySpcStart)
.\CortexM3\ARM_GCC_493\Debug\CY8CKIT-059_USBUART.a(USBUART_1_cls.o)
                              .\CortexM3\ARM_GCC_493\Debug\CY8CKIT-059_USBUART.a(USBUART_1_drv.o) (USBUART_1_DispatchClassRqst)
.\CortexM3\ARM_GCC_493\Debug\CY8CKIT-059_USBUART.a(USBUART_1_descr.o)
                              .\CortexM3\ARM_GCC_493\Debug\CY8CKIT-059_USBUART.a(USBUART_1_std.o) (USBUART_1_idSerialNumberStringDescriptor)
c:/program files (x86)/cypress/psoc creator/3.3/psoc creator/import/gnu/arm/4.9.3/bin/../lib/gcc/arm-none-eabi/4.9.3/../../../../arm-none-eabi/lib/armv7-m\libm.a(lib_a-s_sin.o)
                              .\CortexM3\ARM_GCC_493\Debug\main.o (sin)
c:/program files (x86)/cypress/psoc creator/3.3/psoc creator/import/gnu/arm/4.9.3/bin/../lib/gcc/arm-none-eabi/4.9.3/../../../../arm-none-eabi/lib/armv7-m\libm.a(lib_a-e_rem_pio2.o)
                              c:/program files (x86)/cypress/psoc creator/3.3/psoc creator/import/gnu/arm/4.9.3/bin/../lib/gcc/arm-none-eabi/4.9.3/../../../../arm-none-eabi/lib/armv7-m\libm.a(lib_a-s_sin.o) (__ieee754_rem_pio2)
c:/program files (x86)/cypress/psoc creator/3.3/psoc creator/import/gnu/arm/4.9.3/bin/../lib/gcc/arm-none-eabi/4.9.3/../../../../arm-none-eabi/lib/armv7-m\libm.a(lib_a-k_cos.o)
                              c:/program files (x86)/cypress/psoc creator/3.3/psoc creator/import/gnu/arm/4.9.3/bin/../lib/gcc/arm-none-eabi/4.9.3/../../../../arm-none-eabi/lib/armv7-m\libm.a(lib_a-s_sin.o) (__kernel_cos)
c:/program files (x86)/cypress/psoc creator/3.3/psoc creator/import/gnu/arm/4.9.3/bin/../lib/gcc/arm-none-eabi/4.9.3/../../../../arm-none-eabi/lib/armv7-m\libm.a(lib_a-k_rem_pio2.o)
                              c:/program files (x86)/cypress/psoc creator/3.3/psoc creator/import/gnu/arm/4.9.3/bin/../lib/gcc/arm-none-eabi/4.9.3/../../../../arm-none-eabi/lib/armv7-m\libm.a(lib_a-e_rem_pio2.o) (__kernel_rem_pio2)
c:/program files (x86)/cypress/psoc creator/3.3/psoc creator/import/gnu/arm/4.9.3/bin/../lib/gcc/arm-none-eabi/4.9.3/../../../../arm-none-eabi/lib/armv7-m\libm.a(lib_a-k_sin.o)
                              c:/program files (x86)/cypress/psoc creator/3.3/psoc creator/import/gnu/arm/4.9.3/bin/../lib/gcc/arm-none-eabi/4.9.3/../../../../arm-none-eabi/lib/armv7-m\libm.a(lib_a-s_sin.o) (__kernel_sin)
[...]
Memory Configuration

Name             Origin             Length             Attributes
rom              0x00000000         0x00040000         xr
ram              0x1fff8000         0x00010000         xrw
*default*        0x00000000         0xffffffff

Linker script and memory map

LOAD c:/program files (x86)/cypress/psoc creator/3.3/psoc creator/import/gnu/arm/4.9.3/bin/../lib/gcc/arm-none-eabi/4.9.3/armv7-m/crti.o
LOAD c:/program files (x86)/cypress/psoc creator/3.3/psoc creator/import/gnu/arm/4.9.3/bin/../lib/gcc/arm-none-eabi/4.9.3/armv7-m/crtbegin.o
LOAD c:/program files (x86)/cypress/psoc creator/3.3/psoc creator/import/gnu/arm/4.9.3/bin/../lib/gcc/arm-none-eabi/4.9.3/../../../../arm-none-eabi/lib/armv7-m/crt0.o
START GROUP
LOAD .\CortexM3\ARM_GCC_493\Debug\croutine.o
LOAD .\CortexM3\ARM_GCC_493\Debug\event_groups.o
LOAD .\CortexM3\ARM_GCC_493\Debug\list.o
LOAD .\CortexM3\ARM_GCC_493\Debug\port.o
LOAD .\CortexM3\ARM_GCC_493\Debug\queue.o
LOAD .\CortexM3\ARM_GCC_493\Debug\tasks.o
LOAD .\CortexM3\ARM_GCC_493\Debug\timers.o
LOAD .\CortexM3\ARM_GCC_493\Debug\heap_2.o
LOAD .\CortexM3\ARM_GCC_493\Debug\com.o
LOAD .\CortexM3\ARM_GCC_493\Debug\fixedpoint.o
LOAD .\CortexM3\ARM_GCC_493\Debug\utility.o
LOAD .\CortexM3\ARM_GCC_493\Debug\main.o
LOAD .\CortexM3\ARM_GCC_493\Debug\cymetadata.o
LOAD .\CortexM3\ARM_GCC_493\Debug\Cm3Start.o
LOAD .\CortexM3\ARM_GCC_493\Debug\CY8CKIT-059_USBUART.a
LOAD C:\Program Files (x86)\Cypress\PSoC Creator\3.3\PSoC Creator\psoc\content\cycomponentlibrary\CyComponentLibrary.cylib\CortexM3\ARM_GCC_493\Debug\CyComponentLibrary.a
LOAD c:/program files (x86)/cypress/psoc creator/3.3/psoc creator/import/gnu/arm/4.9.3/bin/../lib/gcc/arm-none-eabi/4.9.3/../../../../arm-none-eabi/lib/armv7-m\libm.a
END GROUP
START GROUP
LOAD c:/program files (x86)/cypress/psoc creator/3.3/psoc creator/import/gnu/arm/4.9.3/bin/../lib/gcc/arm-none-eabi/4.9.3/armv7-m\libgcc.a
LOAD c:/program files (x86)/cypress/psoc creator/3.3/psoc creator/import/gnu/arm/4.9.3/bin/../lib/gcc/arm-none-eabi/4.9.3/../../../../arm-none-eabi/lib/armv7-m\libg_nano.a
LOAD c:/program files (x86)/cypress/psoc creator/3.3/psoc creator/import/gnu/arm/4.9.3/bin/../lib/gcc/arm-none-eabi/4.9.3/../../../../arm-none-eabi/lib/armv7-m\libc_nano.a
END GROUP
START GROUP
LOAD c:/program files (x86)/cypress/psoc creator/3.3/psoc creator/import/gnu/arm/4.9.3/bin/../lib/gcc/arm-none-eabi/4.9.3/armv7-m\libgcc.a
LOAD c:/program files (x86)/cypress/psoc creator/3.3/psoc creator/import/gnu/arm/4.9.3/bin/../lib/gcc/arm-none-eabi/4.9.3/../../../../arm-none-eabi/lib/armv7-m\libc_nano.a
END GROUP
LOAD c:/program files (x86)/cypress/psoc creator/3.3/psoc creator/import/gnu/arm/4.9.3/bin/../lib/gcc/arm-none-eabi/4.9.3/armv7-m/crtend.o
LOAD c:/program files (x86)/cypress/psoc creator/3.3/psoc creator/import/gnu/arm/4.9.3/bin/../lib/gcc/arm-none-eabi/4.9.3/armv7-m/crtn.o
START GROUP
LOAD c:/program files (x86)/cypress/psoc creator/3.3/psoc creator/import/gnu/arm/4.9.3/bin/../lib/gcc/arm-none-eabi/4.9.3/armv7-m\libgcc.a
LOAD c:/program files (x86)/cypress/psoc creator/3.3/psoc creator/import/gnu/arm/4.9.3/bin/../lib/gcc/arm-none-eabi/4.9.3/../../../../arm-none-eabi/lib/armv7-m\libc.a
LOAD c:/program files (x86)/cypress/psoc creator/3.3/psoc creator/import/gnu/arm/4.9.3/bin/../lib/gcc/arm-none-eabi/4.9.3/../../../../arm-none-eabi/lib/armv7-m\libnosys.a
END GROUP
                0x00000000                CY_APPL_ORIGIN = 0x0
                0x00000100                CY_FLASH_ROW_SIZE = 0x100
                0x00000020                CY_ECC_ROW_SIZE = 0x20
                0x00000000                CY_EE_IN_BTLDR = 0x0
                0x00000000                CY_APPL_LOADABLE = 0x0
                0x00000800                CY_EE_SIZE = 0x800
                0x00000001                CY_APPL_NUM = 0x1
                0x00000001                CY_APPL_MAX = 0x1
                0x00000040                CY_METADATA_SIZE = 0x40
                0x00000000                CY_APPL_LOADABLE = 0x0
                0x00000000                CY_CHECKSUM_EXCLUDE_SIZE = ALIGN (0x0, CY_FLASH_ROW_SIZE)
                0x200003c0                PROVIDE (__cy_heap_start, _end)
                0x00000001                PROVIDE (__cy_region_num, ((__cy_regions_end - __cy_regions) / 0x10))
                0x20008000                PROVIDE (__cy_stack, (ORIGIN (ram) + 0x10000))
                0x20007800                PROVIDE (__cy_heap_end, (__cy_stack - 0x800))

.cybootloader   0x00000000        0x0
 *(.cybootloader)
                0x00000000                appl1_start = CY_APPL_ORIGIN?CY_APPL_ORIGIN:ALIGN (CY_FLASH_ROW_SIZE)
                0x0001ff00                appl2_start = (appl1_start + ALIGN ((((0x40000 - appl1_start) - (0x2 * CY_FLASH_ROW_SIZE)) / 0x2), CY_FLASH_ROW_SIZE))
                0x00000000                appl_start = (CY_APPL_NUM == 0x1)?appl1_start:appl2_start
                0x00000000                ecc_offset = ((appl_start / CY_FLASH_ROW_SIZE) * CY_ECC_ROW_SIZE)
                0x00000000                ee_offset = (CY_APPL_LOADABLE && ! (CY_EE_IN_BTLDR))?((CY_EE_SIZE / CY_APPL_MAX) * (CY_APPL_NUM - 0x1)):0x0
                0x00000800                ee_size = (CY_APPL_LOADABLE && ! (CY_EE_IN_BTLDR))?(CY_EE_SIZE / CY_APPL_MAX):CY_EE_SIZE
                0x00000000                PROVIDE (CY_ECC_OFFSET, ecc_offset)

.text           0x00000000     0x4bb0
 CREATE_OBJECT_SYMBOLS
                0x00000000                PROVIDE (__cy_interrupt_vector, RomVectors)
 *(.romvectors)
 .romvectors    0x00000000       0x10 .\CortexM3\ARM_GCC_493\Debug\Cm3Start.o
                0x00000000                RomVectors
                0x00000001                ASSERT ((. != __cy_interrupt_vector), No interrupt vector)
                0x00000001                ASSERT (CY_APPL_ORIGIN?(SIZEOF (.cybootloader) <= CY_APPL_ORIGIN):0x1, Wrong image location)
                0x00000010                PROVIDE (__cy_reset, Reset)
 *(.text.Reset)
 .text.Reset    0x00000010       0x18 .\CortexM3\ARM_GCC_493\Debug\Cm3Start.o
                0x00000010                Reset
                0x00000001                ASSERT ((. != __cy_reset), No reset code)
 *(.dma_init)
                0x00000001                ASSERT ((((appl_start + .) <= 0x10000) || 0x1), DMA Init must be within the first 64k of flash)
 *(.text .text.* .gnu.linkonce.t.*)
 .text          0x00000028       0x5c c:/program files (x86)/cypress/psoc creator/3.3/psoc creator/import/gnu/arm/4.9.3/bin/../lib/gcc/arm-none-eabi/4.9.3/armv7-m/crtbegin.o
 .text.vListInitialise
                0x00000084       0x18 .\CortexM3\ARM_GCC_493\Debug\list.o
                0x00000084                vListInitialise
 .text.vListInitialiseItem
                0x0000009c        0x8 .\CortexM3\ARM_GCC_493\Debug\list.o
                0x0000009c                vListInitialiseItem
 .text.vListInsertEnd
                0x000000a4       0x18 .\CortexM3\ARM_GCC_493\Debug\list.o
                0x000000a4                vListInsertEnd
 .text.vListInsert
                0x000000bc       0x34 .\CortexM3\ARM_GCC_493\Debug\list.o
                0x000000bc                vListInsert
 .text.uxListRemove
                0x000000f0       0x24 .\CortexM3\ARM_GCC_493\Debug\list.o
                0x000000f0                uxListRemove
 .text.prvPortStartFirstTask
                0x00000114       0x20 .\CortexM3\ARM_GCC_493\Debug\port.o
 .text.pxPortInitialiseStack
                0x00000134       0x20 .\CortexM3\ARM_GCC_493\Debug\port.o
                0x00000134                pxPortInitialiseStack
 .text.vPortSVCHandler
                0x00000154       0x24 .\CortexM3\ARM_GCC_493\Debug\port.o
                0x00000154                vPortSVCHandler
 .text.vPortYield
                0x00000178       0x18 .\CortexM3\ARM_GCC_493\Debug\port.o
                0x00000178                vPortYield
 .text.ulPortSetInterruptMask
                0x00000190       0x10 .\CortexM3\ARM_GCC_493\Debug\port.o
                0x00000190                ulPortSetInterruptMask
 .text.prvTaskExitError
                0x000001a0        0x8 .\CortexM3\ARM_GCC_493\Debug\port.o
 .text.vPortEnterCritical
                0x000001a8       0x1c .\CortexM3\ARM_GCC_493\Debug\port.o
                0x000001a8                vPortEnterCritical
 .text.vPortClearInterruptMask
                0x000001c4        0x8 .\CortexM3\ARM_GCC_493\Debug\port.o
                0x000001c4                vPortClearInterruptMask
 .text.vPortExitCritical
                0x000001cc       0x18 .\CortexM3\ARM_GCC_493\Debug\port.o
                0x000001cc                vPortExitCritical
 .text.xPortPendSVHandler
                0x000001e4       0x44 .\CortexM3\ARM_GCC_493\Debug\port.o
                0x000001e4                xPortPendSVHandler
 .text.xPortSysTickHandler
                0x00000228       0x20 .\CortexM3\ARM_GCC_493\Debug\port.o
                0x00000228                xPortSysTickHandler
 .text.vPortSetupTimerInterrupt
                0x00000248       0x18 .\CortexM3\ARM_GCC_493\Debug\port.o
                0x00000248                vPortSetupTimerInterrupt
 .text.xPortStartScheduler
                0x00000260       0x30 .\CortexM3\ARM_GCC_493\Debug\port.o
                0x00000260                xPortStartScheduler
 .text.prvIsQueueFull
                0x00000290       0x20 .\CortexM3\ARM_GCC_493\Debug\queue.o
 .text.prvIsQueueEmpty
                0x000002b0       0x1c .\CortexM3\ARM_GCC_493\Debug\queue.o
 .text.prvCopyDataToQueue
                0x000002cc       0x7c .\CortexM3\ARM_GCC_493\Debug\queue.o
 .text.prvCopyDataFromQueue
                0x00000348       0x24 .\CortexM3\ARM_GCC_493\Debug\queue.o
 .text.prvUnlockQueue
                0x0000036c       0x64 .\CortexM3\ARM_GCC_493\Debug\queue.o
 .text.xQueueGenericSend
                0x000003d0       0xd8 .\CortexM3\ARM_GCC_493\Debug\queue.o
                0x000003d0                xQueueGenericSend
 .text.xQueueCreateMutex
                0x000004a8       0x44 .\CortexM3\ARM_GCC_493\Debug\queue.o
                0x000004a8                xQueueCreateMutex
 .text.xQueueGenericReceive
                0x000004ec      0x100 .\CortexM3\ARM_GCC_493\Debug\queue.o
                0x000004ec                xQueueGenericReceive
 .text.prvResetNextTaskUnblockTime
                0x000005ec       0x2c .\CortexM3\ARM_GCC_493\Debug\tasks.o
 .text.prvDeleteTCB
                0x00000618       0x14 .\CortexM3\ARM_GCC_493\Debug\tasks.o
 .text.prvAllocateTCBAndStack
                0x0000062c       0x3c .\CortexM3\ARM_GCC_493\Debug\tasks.o
 .text.prvInitialiseTCBVariables
                0x00000668       0x50 .\CortexM3\ARM_GCC_493\Debug\tasks.o
 .text.prvInitialiseTaskLists
                0x000006b8       0x58 .\CortexM3\ARM_GCC_493\Debug\tasks.o
 .text.prvAddCurrentTaskToDelayedList
                0x00000710       0x44 .\CortexM3\ARM_GCC_493\Debug\tasks.o
 .text.xTaskGenericCreate
                0x00000754       0xf4 .\CortexM3\ARM_GCC_493\Debug\tasks.o
                0x00000754                xTaskGenericCreate
 .text.vTaskStartScheduler
                0x00000848       0x4c .\CortexM3\ARM_GCC_493\Debug\tasks.o
                0x00000848                vTaskStartScheduler
 .text.vTaskSuspendAll
                0x00000894       0x14 .\CortexM3\ARM_GCC_493\Debug\tasks.o
                0x00000894                vTaskSuspendAll
 .text.xTaskIncrementTick
                0x000008a8      0x104 .\CortexM3\ARM_GCC_493\Debug\tasks.o
                0x000008a8                xTaskIncrementTick
 .text.xTaskResumeAll
                0x000009ac       0xcc .\CortexM3\ARM_GCC_493\Debug\tasks.o
                0x000009ac                xTaskResumeAll
 .text.vTaskDelay
                0x00000a78       0x50 .\CortexM3\ARM_GCC_493\Debug\tasks.o
                0x00000a78                vTaskDelay
 .text.prvCheckTasksWaitingTermination
                0x00000ac8       0x54 .\CortexM3\ARM_GCC_493\Debug\tasks.o
 .text.prvIdleTask
                0x00000b1c        0x8 .\CortexM3\ARM_GCC_493\Debug\tasks.o
 .text.vTaskSwitchContext
                0x00000b24       0xa8 .\CortexM3\ARM_GCC_493\Debug\tasks.o
                0x00000b24                vTaskSwitchContext
 .text.vTaskPlaceOnEventList
                0x00000bcc       0x58 .\CortexM3\ARM_GCC_493\Debug\tasks.o
                0x00000bcc                vTaskPlaceOnEventList
 .text.xTaskRemoveFromEventList
                0x00000c24       0x70 .\CortexM3\ARM_GCC_493\Debug\tasks.o
                0x00000c24                xTaskRemoveFromEventList
 .text.vTaskSetTimeOutState
                0x00000c94       0x14 .\CortexM3\ARM_GCC_493\Debug\tasks.o
                0x00000c94                vTaskSetTimeOutState
 .text.xTaskCheckForTimeOut
                0x00000ca8       0x58 .\CortexM3\ARM_GCC_493\Debug\tasks.o
                0x00000ca8                xTaskCheckForTimeOut
 .text.vTaskMissedYield
                0x00000d00       0x10 .\CortexM3\ARM_GCC_493\Debug\tasks.o
                0x00000d00                vTaskMissedYield
 .text.vTaskPriorityInherit
                0x00000d10       0xb0 .\CortexM3\ARM_GCC_493\Debug\tasks.o
                0x00000d10                vTaskPriorityInherit
 .text.xTaskPriorityDisinherit
                0x00000dc0       0x84 .\CortexM3\ARM_GCC_493\Debug\tasks.o
                0x00000dc0                xTaskPriorityDisinherit
 .text.pvTaskIncrementMutexHeldCount
                0x00000e44       0x20 .\CortexM3\ARM_GCC_493\Debug\tasks.o
                0x00000e44                pvTaskIncrementMutexHeldCount
 .text.prvHeapInit
                0x00000e64       0x30 .\CortexM3\ARM_GCC_493\Debug\heap_2.o
 .text.pvPortMalloc
                0x00000e94       0xb4 .\CortexM3\ARM_GCC_493\Debug\heap_2.o
                0x00000e94                pvPortMalloc
 .text.vPortFree
                0x00000f48       0x44 .\CortexM3\ARM_GCC_493\Debug\heap_2.o
                0x00000f48                vPortFree
 .text.COM_printf
                0x00000f8c       0x48 .\CortexM3\ARM_GCC_493\Debug\com.o
                0x00000f8c                COM_printf
 .text.Init_COM
                0x00000fd4       0x48 .\CortexM3\ARM_GCC_493\Debug\com.o
                0x00000fd4                Init_COM
 .text.COM_Wait_PC_Term
                0x0000101c       0x48 .\CortexM3\ARM_GCC_493\Debug\com.o
                0x0000101c                COM_Wait_PC_Term
 .text.xatoi    0x00001064       0x3c .\CortexM3\ARM_GCC_493\Debug\utility.o
                0x00001064                xatoi
 .text.xitoa    0x000010a0      0x11c .\CortexM3\ARM_GCC_493\Debug\utility.o
                0x000010a0                xitoa
 .text.xvsnprintf
                0x000011bc      0x15c .\CortexM3\ARM_GCC_493\Debug\utility.o
                0x000011bc                xvsnprintf
 .text.Task_LED
                0x00001318       0x18 .\CortexM3\ARM_GCC_493\Debug\main.o
                0x00001318                Task_LED
 .text.Task_USBUART
                0x00001330      0x140 .\CortexM3\ARM_GCC_493\Debug\main.o
                0x00001330                Task_USBUART
 .text.prvHardwareSetup
                0x00001470       0x20 .\CortexM3\ARM_GCC_493\Debug\main.o
                0x00001470                prvHardwareSetup
 .text.main     0x00001490       0x68 .\CortexM3\ARM_GCC_493\Debug\main.o
                0x00001490                main
 .text.vApplicationStackOverflowHook
                0x000014f8        0x8 .\CortexM3\ARM_GCC_493\Debug\main.o
                0x000014f8                vApplicationStackOverflowHook
 .text.vApplicationMallocFailedHook
                0x00001500        0x8 .\CortexM3\ARM_GCC_493\Debug\main.o
                0x00001500                vApplicationMallocFailedHook
 .text.IntDefaultHandler
                0x00001508        0x4 .\CortexM3\ARM_GCC_493\Debug\Cm3Start.o
                0x00001508                IntDefaultHandler
 .text.Start_c  0x0000150c       0x4c .\CortexM3\ARM_GCC_493\Debug\Cm3Start.o
                0x0000150c                Start_c
 .text.initialize_psoc
                0x00001558       0x74 .\CortexM3\ARM_GCC_493\Debug\Cm3Start.o
                0x00001558                initialize_psoc
 .text.CyClockStartupError
                0x000015cc        0x4 .\CortexM3\ARM_GCC_493\Debug\CY8CKIT-059_USBUART.a(cyfitter_cfg.o)
 .text.cfg_write_bytes32
                0x000015d0       0x34 .\CortexM3\ARM_GCC_493\Debug\CY8CKIT-059_USBUART.a(cyfitter_cfg.o)
 .text.AnalogSetDefault
                0x00001604       0x28 .\CortexM3\ARM_GCC_493\Debug\CY8CKIT-059_USBUART.a(cyfitter_cfg.o)
 .text.ClockSetup
                0x0000162c       0xa0 .\CortexM3\ARM_GCC_493\Debug\CY8CKIT-059_USBUART.a(cyfitter_cfg.o)
 .text.CYMEMZERO
                0x000016cc        0xc .\CortexM3\ARM_GCC_493\Debug\CY8CKIT-059_USBUART.a(cyfitter_cfg.o)
 .text.CYCONFIGCPY
                0x000016d8        0x8 .\CortexM3\ARM_GCC_493\Debug\CY8CKIT-059_USBUART.a(cyfitter_cfg.o)
 .text.cyfitter_cfg
                0x000016e0       0xd4 .\CortexM3\ARM_GCC_493\Debug\CY8CKIT-059_USBUART.a(cyfitter_cfg.o)
                0x000016e0                cyfitter_cfg
 .text.LED_Write
                0x000017b4       0x18 .\CortexM3\ARM_GCC_493\Debug\CY8CKIT-059_USBUART.a(LED.o)
                0x000017b4                LED_Write
 .text.LED_Read
                0x000017cc       0x10 .\CortexM3\ARM_GCC_493\Debug\CY8CKIT-059_USBUART.a(LED.o)
                0x000017cc                LED_Read
 *fill*         0x000017dc        0x4 
 .text          0x000017e0       0x20 .\CortexM3\ARM_GCC_493\Debug\CY8CKIT-059_USBUART.a(CyBootAsmGnu.o)
                0x000017e0                CyDelayCycles
                0x000017f0                CyEnterCriticalSection
                0x000017f8                CyExitCriticalSection
 .text.CyHalt   0x00001800        0x4 .\CortexM3\ARM_GCC_493\Debug\CY8CKIT-059_USBUART.a(CyLib.o)
                0x00001800                CyHalt
 .text.CyDelayUs
                0x00001804       0x14 .\CortexM3\ARM_GCC_493\Debug\CY8CKIT-059_USBUART.a(CyLib.o)
                0x00001804                CyDelayUs
 .text.CyIntSetVector
                0x00001818       0x28 .\CortexM3\ARM_GCC_493\Debug\CY8CKIT-059_USBUART.a(CyLib.o)
                0x00001818                CyIntSetVector
 .text.CyIntSetPriority
                0x00001840       0x30 .\CortexM3\ARM_GCC_493\Debug\CY8CKIT-059_USBUART.a(CyLib.o)
                0x00001840                CyIntSetPriority
 .text.CyGetUniqueId
                0x00001870       0x70 .\CortexM3\ARM_GCC_493\Debug\CY8CKIT-059_USBUART.a(CyLib.o)
                0x00001870                CyGetUniqueId
 .text.USBUART_1_Init
                0x000018e0      0x140 .\CortexM3\ARM_GCC_493\Debug\CY8CKIT-059_USBUART.a(USBUART_1.o)
                0x000018e0                USBUART_1_Init
 .text.USBUART_1_InitComponent
                0x00001a20       0xb8 .\CortexM3\ARM_GCC_493\Debug\CY8CKIT-059_USBUART.a(USBUART_1.o)
                0x00001a20                USBUART_1_InitComponent
 .text.USBUART_1_Start
                0x00001ad8       0x24 .\CortexM3\ARM_GCC_493\Debug\CY8CKIT-059_USBUART.a(USBUART_1.o)
                0x00001ad8                USBUART_1_Start
 .text.USBUART_1_ReInitComponent
                0x00001afc       0x4c .\CortexM3\ARM_GCC_493\Debug\CY8CKIT-059_USBUART.a(USBUART_1.o)
                0x00001afc                USBUART_1_ReInitComponent
 .text.USBUART_1_Stop
                0x00001b48       0x94 .\CortexM3\ARM_GCC_493\Debug\CY8CKIT-059_USBUART.a(USBUART_1.o)
                0x00001b48                USBUART_1_Stop
 .text.USBUART_1_GetConfiguration
                0x00001bdc        0xc .\CortexM3\ARM_GCC_493\Debug\CY8CKIT-059_USBUART.a(USBUART_1.o)
                0x00001bdc                USBUART_1_GetConfiguration
 .text.USBUART_1_GetEPState
                0x00001be8       0x14 .\CortexM3\ARM_GCC_493\Debug\CY8CKIT-059_USBUART.a(USBUART_1.o)
                0x00001be8                USBUART_1_GetEPState
 .text.USBUART_1_GetEPCount
                0x00001bfc       0x28 .\CortexM3\ARM_GCC_493\Debug\CY8CKIT-059_USBUART.a(USBUART_1.o)
                0x00001bfc                USBUART_1_GetEPCount
 .text.USBUART_1_LoadInEP
                0x00001c24       0x94 .\CortexM3\ARM_GCC_493\Debug\CY8CKIT-059_USBUART.a(USBUART_1.o)
                0x00001c24                USBUART_1_LoadInEP
 .text.USBUART_1_EnableOutEP
                0x00001cb8       0x2c .\CortexM3\ARM_GCC_493\Debug\CY8CKIT-059_USBUART.a(USBUART_1.o)
                0x00001cb8                USBUART_1_EnableOutEP
 .text.USBUART_1_ReadOutEP
                0x00001ce4       0x50 .\CortexM3\ARM_GCC_493\Debug\CY8CKIT-059_USBUART.a(USBUART_1.o)
                0x00001ce4                USBUART_1_ReadOutEP
 .text.USBUART_1_GetInterfaceComPort
                0x00001d34       0x3c .\CortexM3\ARM_GCC_493\Debug\CY8CKIT-059_USBUART.a(USBUART_1_cdc.o)
                0x00001d34                USBUART_1_GetInterfaceComPort
 .text.USBUART_1_DispatchCDCClassRqst
                0x00001d70       0x98 .\CortexM3\ARM_GCC_493\Debug\CY8CKIT-059_USBUART.a(USBUART_1_cdc.o)
                0x00001d70                USBUART_1_DispatchCDCClassRqst
 .text.USBUART_1_CDC_Init
                0x00001e08       0x98 .\CortexM3\ARM_GCC_493\Debug\CY8CKIT-059_USBUART.a(USBUART_1_cdc.o)
                0x00001e08                USBUART_1_CDC_Init
 .text.USBUART_1_PutData
                0x00001ea0       0x4c .\CortexM3\ARM_GCC_493\Debug\CY8CKIT-059_USBUART.a(USBUART_1_cdc.o)
                0x00001ea0                USBUART_1_PutData
 .text.USBUART_1_PutChar
                0x00001eec       0x28 .\CortexM3\ARM_GCC_493\Debug\CY8CKIT-059_USBUART.a(USBUART_1_cdc.o)
                0x00001eec                USBUART_1_PutChar
 .text.USBUART_1_DataIsReady
                0x00001f14       0x18 .\CortexM3\ARM_GCC_493\Debug\CY8CKIT-059_USBUART.a(USBUART_1_cdc.o)
                0x00001f14                USBUART_1_DataIsReady
 .text.USBUART_1_CDCIsReady
                0x00001f2c       0x18 .\CortexM3\ARM_GCC_493\Debug\CY8CKIT-059_USBUART.a(USBUART_1_cdc.o)
                0x00001f2c                USBUART_1_CDCIsReady
 .text.USBUART_1_GetData
                0x00001f44       0x20 .\CortexM3\ARM_GCC_493\Debug\CY8CKIT-059_USBUART.a(USBUART_1_cdc.o)
                0x00001f44                USBUART_1_GetData
 .text.USBUART_1_Cdc_EpInit
                0x00001f64       0x50 .\CortexM3\ARM_GCC_493\Debug\CY8CKIT-059_USBUART.a(USBUART_1_cdc.o)
                0x00001f64                USBUART_1_Cdc_EpInit
 .text.USBUART_1_LoadEP0
                0x00001fb4       0x94 .\CortexM3\ARM_GCC_493\Debug\CY8CKIT-059_USBUART.a(USBUART_1_drv.o)
                0x00001fb4                USBUART_1_LoadEP0
 .text.USBUART_1_InitZeroLengthControlTransfer
                0x00002048       0x34 .\CortexM3\ARM_GCC_493\Debug\CY8CKIT-059_USBUART.a(USBUART_1_drv.o)
                0x00002048                USBUART_1_InitZeroLengthControlTransfer
 .text.USBUART_1_ControlReadDataStage
                0x0000207c        0x8 .\CortexM3\ARM_GCC_493\Debug\CY8CKIT-059_USBUART.a(USBUART_1_drv.o)
                0x0000207c                USBUART_1_ControlReadDataStage
 .text.USBUART_1_ControlWriteDataStage
                0x00002084       0x80 .\CortexM3\ARM_GCC_493\Debug\CY8CKIT-059_USBUART.a(USBUART_1_drv.o)
                0x00002084                USBUART_1_ControlWriteDataStage
 .text.USBUART_1_InitNoDataControlTransfer
                0x00002104       0x2c .\CortexM3\ARM_GCC_493\Debug\CY8CKIT-059_USBUART.a(USBUART_1_drv.o)
                0x00002104                USBUART_1_InitNoDataControlTransfer
 .text.USBUART_1_UpdateStatusBlock
                0x00002130       0x24 .\CortexM3\ARM_GCC_493\Debug\CY8CKIT-059_USBUART.a(USBUART_1_drv.o)
                0x00002130                USBUART_1_UpdateStatusBlock
 .text.USBUART_1_HandleSetup
                0x00002154       0x5c .\CortexM3\ARM_GCC_493\Debug\CY8CKIT-059_USBUART.a(USBUART_1_drv.o)
                0x00002154                USBUART_1_HandleSetup
 .text.USBUART_1_ControlReadStatusStage
                0x000021b0       0x34 .\CortexM3\ARM_GCC_493\Debug\CY8CKIT-059_USBUART.a(USBUART_1_drv.o)
                0x000021b0                USBUART_1_ControlReadStatusStage
 .text.USBUART_1_HandleOUT
                0x000021e4       0x38 .\CortexM3\ARM_GCC_493\Debug\CY8CKIT-059_USBUART.a(USBUART_1_drv.o)
                0x000021e4                USBUART_1_HandleOUT
 .text.USBUART_1_ControlWriteStatusStage
                0x0000221c       0x20 .\CortexM3\ARM_GCC_493\Debug\CY8CKIT-059_USBUART.a(USBUART_1_drv.o)
                0x0000221c                USBUART_1_ControlWriteStatusStage
 .text.USBUART_1_NoDataControlStatusStage
                0x0000223c       0x40 .\CortexM3\ARM_GCC_493\Debug\CY8CKIT-059_USBUART.a(USBUART_1_drv.o)
                0x0000223c                USBUART_1_NoDataControlStatusStage
 .text.USBUART_1_HandleIN
                0x0000227c       0x2c .\CortexM3\ARM_GCC_493\Debug\CY8CKIT-059_USBUART.a(USBUART_1_drv.o)
                0x0000227c                USBUART_1_HandleIN
 .text.USBUART_1_EP_0_ISR
                0x000022a8       0xb8 .\CortexM3\ARM_GCC_493\Debug\CY8CKIT-059_USBUART.a(USBUART_1_drv.o)
                0x000022a8                USBUART_1_EP_0_ISR
 .text.USBUART_1_InitializeStatusBlock
                0x00002360       0x24 .\CortexM3\ARM_GCC_493\Debug\CY8CKIT-059_USBUART.a(USBUART_1_drv.o)
                0x00002360                USBUART_1_InitializeStatusBlock
 .text.USBUART_1_InitControlRead
                0x00002384       0x50 .\CortexM3\ARM_GCC_493\Debug\CY8CKIT-059_USBUART.a(USBUART_1_drv.o)
                0x00002384                USBUART_1_InitControlRead
 .text.USBUART_1_InitControlWrite
                0x000023d4       0x48 .\CortexM3\ARM_GCC_493\Debug\CY8CKIT-059_USBUART.a(USBUART_1_drv.o)
                0x000023d4                USBUART_1_InitControlWrite
 .text.USBUART_1_EP_1_ISR
                0x0000241c       0x38 .\CortexM3\ARM_GCC_493\Debug\CY8CKIT-059_USBUART.a(USBUART_1_episr.o)
                0x0000241c                USBUART_1_EP_1_ISR
 .text.USBUART_1_EP_2_ISR
                0x00002454       0x3c .\CortexM3\ARM_GCC_493\Debug\CY8CKIT-059_USBUART.a(USBUART_1_episr.o)
                0x00002454                USBUART_1_EP_2_ISR
 .text.USBUART_1_EP_3_ISR
                0x00002490       0x44 .\CortexM3\ARM_GCC_493\Debug\CY8CKIT-059_USBUART.a(USBUART_1_episr.o)
                0x00002490                USBUART_1_EP_3_ISR
 .text.USBUART_1_SOF_ISR
                0x000024d4        0x4 .\CortexM3\ARM_GCC_493\Debug\CY8CKIT-059_USBUART.a(USBUART_1_episr.o)
                0x000024d4                USBUART_1_SOF_ISR
 .text.USBUART_1_BUS_RESET_ISR
                0x000024d8        0x8 .\CortexM3\ARM_GCC_493\Debug\CY8CKIT-059_USBUART.a(USBUART_1_episr.o)
                0x000024d8                USBUART_1_BUS_RESET_ISR
 .text.USBUART_1_DP_ISR
                0x000024e0        0x8 .\CortexM3\ARM_GCC_493\Debug\CY8CKIT-059_USBUART.a(USBUART_1_pm.o)
                0x000024e0                USBUART_1_DP_ISR
 .text.USBUART_1_ReadDieID
                0x000024e8       0x6c .\CortexM3\ARM_GCC_493\Debug\CY8CKIT-059_USBUART.a(USBUART_1_std.o)
                0x000024e8                USBUART_1_ReadDieID
 .text.USBUART_1_ConfigReg
                0x00002554       0xa4 .\CortexM3\ARM_GCC_493\Debug\CY8CKIT-059_USBUART.a(USBUART_1_std.o)
                0x00002554                USBUART_1_ConfigReg
 .text.USBUART_1_GetConfigTablePtr
                0x000025f8       0x28 .\CortexM3\ARM_GCC_493\Debug\CY8CKIT-059_USBUART.a(USBUART_1_std.o)
                0x000025f8                USBUART_1_GetConfigTablePtr
 .text.USBUART_1_ConfigAltChanged
                0x00002620      0x11c .\CortexM3\ARM_GCC_493\Debug\CY8CKIT-059_USBUART.a(USBUART_1_std.o)
                0x00002620                USBUART_1_ConfigAltChanged
 .text.USBUART_1_GetDeviceTablePtr
                0x0000273c       0x18 .\CortexM3\ARM_GCC_493\Debug\CY8CKIT-059_USBUART.a(USBUART_1_std.o)
                0x0000273c                USBUART_1_GetDeviceTablePtr
 .text.USBUART_1_GetInterfaceClassTablePtr
                0x00002754       0x24 .\CortexM3\ARM_GCC_493\Debug\CY8CKIT-059_USBUART.a(USBUART_1_std.o)
                0x00002754                USBUART_1_GetInterfaceClassTablePtr
 .text.USBUART_1_Config
                0x00002778      0x1e4 .\CortexM3\ARM_GCC_493\Debug\CY8CKIT-059_USBUART.a(USBUART_1_std.o)
                0x00002778                USBUART_1_Config
 .text.USBUART_1_SetEndpointHalt
                0x0000295c       0x64 .\CortexM3\ARM_GCC_493\Debug\CY8CKIT-059_USBUART.a(USBUART_1_std.o)
                0x0000295c                USBUART_1_SetEndpointHalt
 .text.USBUART_1_ClearEndpointHalt
                0x000029c0       0xa8 .\CortexM3\ARM_GCC_493\Debug\CY8CKIT-059_USBUART.a(USBUART_1_std.o)
                0x000029c0                USBUART_1_ClearEndpointHalt
 .text.USBUART_1_ValidateAlternateSetting
                0x00002a68       0x4c .\CortexM3\ARM_GCC_493\Debug\CY8CKIT-059_USBUART.a(USBUART_1_std.o)
                0x00002a68                USBUART_1_ValidateAlternateSetting
 .text.USBUART_1_HandleStandardRqst
                0x00002ab4      0x350 .\CortexM3\ARM_GCC_493\Debug\CY8CKIT-059_USBUART.a(USBUART_1_std.o)
                0x00002ab4                USBUART_1_HandleStandardRqst
 .text.USBUART_1_HandleVendorRqst
                0x00002e04       0x18 .\CortexM3\ARM_GCC_493\Debug\CY8CKIT-059_USBUART.a(USBUART_1_vnd.o)
                0x00002e04                USBUART_1_HandleVendorRqst
 .text.USBUART_1_Dp_ClearInterrupt
                0x00002e1c       0x10 .\CortexM3\ARM_GCC_493\Debug\CY8CKIT-059_USBUART.a(USBUART_1_Dp.o)
                0x00002e1c                USBUART_1_Dp_ClearInterrupt
 .text.USBUART_1_DispatchClassRqst
                0x00002e2c       0x58 .\CortexM3\ARM_GCC_493\Debug\CY8CKIT-059_USBUART.a(USBUART_1_cls.o)
                0x00002e2c                USBUART_1_DispatchClassRqst
 .text.sin      0x00002e84       0x94 c:/program files (x86)/cypress/psoc creator/3.3/psoc creator/import/gnu/arm/4.9.3/bin/../lib/gcc/arm-none-eabi/4.9.3/../../../../arm-none-eabi/lib/armv7-m\libm.a(lib_a-s_sin.o)
                0x00002e84                sin
 .text.__ieee754_rem_pio2
                0x00002f18      0x428 c:/program files (x86)/cypress/psoc creator/3.3/psoc creator/import/gnu/arm/4.9.3/bin/../lib/gcc/arm-none-eabi/4.9.3/../../../../arm-none-eabi/lib/armv7-m\libm.a(lib_a-e_rem_pio2.o)
                0x00002f18                __ieee754_rem_pio2
 .text.__kernel_cos
                0x00003340      0x248 c:/program files (x86)/cypress/psoc creator/3.3/psoc creator/import/gnu/arm/4.9.3/bin/../lib/gcc/arm-none-eabi/4.9.3/../../../../arm-none-eabi/lib/armv7-m\libm.a(lib_a-k_cos.o)
                0x00003340                __kernel_cos
 .text.__kernel_rem_pio2
                0x00003588      0x808 c:/program files (x86)/cypress/psoc creator/3.3/psoc creator/import/gnu/arm/4.9.3/bin/../lib/gcc/arm-none-eabi/4.9.3/../../../../arm-none-eabi/lib/armv7-m\libm.a(lib_a-k_rem_pio2.o)
                0x00003588                __kernel_rem_pio2
 .text.__kernel_sin
                0x00003d90      0x170 c:/program files (x86)/cypress/psoc creator/3.3/psoc creator/import/gnu/arm/4.9.3/bin/../lib/gcc/arm-none-eabi/4.9.3/../../../../arm-none-eabi/lib/armv7-m\libm.a(lib_a-k_sin.o)
                0x00003d90                __kernel_sin
 .text.fabs     0x00003f00        0x8 c:/program files (x86)/cypress/psoc creator/3.3/psoc creator/import/gnu/arm/4.9.3/bin/../lib/gcc/arm-none-eabi/4.9.3/../../../../arm-none-eabi/lib/armv7-m\libm.a(lib_a-s_fabs.o)
                0x00003f00                fabs
 .text.floor    0x00003f08      0x118 c:/program files (x86)/cypress/psoc creator/3.3/psoc creator/import/gnu/arm/4.9.3/bin/../lib/gcc/arm-none-eabi/4.9.3/../../../../arm-none-eabi/lib/armv7-m\libm.a(lib_a-s_floor.o)
                0x00003f08                floor
 .text.scalbn   0x00004020       0xf0 c:/program files (x86)/cypress/psoc creator/3.3/psoc creator/import/gnu/arm/4.9.3/bin/../lib/gcc/arm-none-eabi/4.9.3/../../../../arm-none-eabi/lib/armv7-m\libm.a(lib_a-s_scalbn.o)
                0x00004020                scalbn
 .text.copysign
                0x00004110       0x10 c:/program files (x86)/cypress/psoc creator/3.3/psoc creator/import/gnu/arm/4.9.3/bin/../lib/gcc/arm-none-eabi/4.9.3/../../../../arm-none-eabi/lib/armv7-m\libm.a(lib_a-s_copysign.o)
                0x00004110                copysign
 .text          0x00004120      0x370 c:/program files (x86)/cypress/psoc creator/3.3/psoc creator/import/gnu/arm/4.9.3/bin/../lib/gcc/arm-none-eabi/4.9.3/armv7-m\libgcc.a(_arm_addsubdf3.o)
                0x00004120                __aeabi_drsub
                0x00004128                __aeabi_dsub
                0x00004128                __subdf3
                0x0000412c                __aeabi_dadd
                0x0000412c                __adddf3
                0x000043a4                __floatunsidf
                0x000043a4                __aeabi_ui2d
                0x000043c4                __floatsidf
                0x000043c4                __aeabi_i2d
                0x000043e8                __aeabi_f2d
                0x000043e8                __extendsfdf2
                0x00004424                __floatundidf
                0x00004424                __aeabi_ul2d
                0x00004434                __floatdidf
                0x00004434                __aeabi_l2d
 .text          0x00004490      0x424 c:/program files (x86)/cypress/psoc creator/3.3/psoc creator/import/gnu/arm/4.9.3/bin/../lib/gcc/arm-none-eabi/4.9.3/armv7-m\libgcc.a(_arm_muldivdf3.o)
                0x00004490                __aeabi_dmul
                0x00004490                __muldf3
                0x000046e4                __divdf3
                0x000046e4                __aeabi_ddiv
 .text          0x000048b4      0x110 c:/program files (x86)/cypress/psoc creator/3.3/psoc creator/import/gnu/arm/4.9.3/bin/../lib/gcc/arm-none-eabi/4.9.3/armv7-m\libgcc.a(_arm_cmpdf2.o)
                0x000048b4                __gtdf2
                0x000048b4                __gedf2
                0x000048bc                __ltdf2
                0x000048bc                __ledf2
                0x000048c4                __nedf2
                0x000048c4                __eqdf2
                0x000048c4                __cmpdf2
                0x00004940                __aeabi_cdrcmple
                0x00004950                __aeabi_cdcmpeq
                0x00004950                __aeabi_cdcmple
                0x00004960                __aeabi_dcmpeq
                0x00004974                __aeabi_dcmplt
                0x00004988                __aeabi_dcmple
                0x0000499c                __aeabi_dcmpge
                0x000049b0                __aeabi_dcmpgt
 .text          0x000049c4       0x50 c:/program files (x86)/cypress/psoc creator/3.3/psoc creator/import/gnu/arm/4.9.3/bin/../lib/gcc/arm-none-eabi/4.9.3/armv7-m\libgcc.a(_arm_fixdfsi.o)
                0x000049c4                __aeabi_d2iz
                0x000049c4                __fixdfsi
 .text.__libc_init_array
                0x00004a14       0x4c c:/program files (x86)/cypress/psoc creator/3.3/psoc creator/import/gnu/arm/4.9.3/bin/../lib/gcc/arm-none-eabi/4.9.3/../../../../arm-none-eabi/lib/armv7-m\libg_nano.a(lib_a-init.o)
                0x00004a14                __libc_init_array
 .text.memcpy   0x00004a60       0x16 c:/program files (x86)/cypress/psoc creator/3.3/psoc creator/import/gnu/arm/4.9.3/bin/../lib/gcc/arm-none-eabi/4.9.3/../../../../arm-none-eabi/lib/armv7-m\libg_nano.a(lib_a-memcpy.o)
                0x00004a60                memcpy
 .text.memset   0x00004a76       0x10 c:/program files (x86)/cypress/psoc creator/3.3/psoc creator/import/gnu/arm/4.9.3/bin/../lib/gcc/arm-none-eabi/4.9.3/../../../../arm-none-eabi/lib/armv7-m\libg_nano.a(lib_a-memset.o)
                0x00004a76                memset
 *fill*         0x00004a86        0x2 
 .text._strtol_r
                0x00004a88      0x10c c:/program files (x86)/cypress/psoc creator/3.3/psoc creator/import/gnu/arm/4.9.3/bin/../lib/gcc/arm-none-eabi/4.9.3/../../../../arm-none-eabi/lib/armv7-m\libg_nano.a(lib_a-strtol.o)
                0x00004a88                _strtol_r
 .text.strtol   0x00004b94       0x1c c:/program files (x86)/cypress/psoc creator/3.3/psoc creator/import/gnu/arm/4.9.3/bin/../lib/gcc/arm-none-eabi/4.9.3/../../../../arm-none-eabi/lib/armv7-m\libg_nano.a(lib_a-strtol.o)
                0x00004b94                strtol
 *(.plt)
 *(.gnu.warning)
 *(.glue_7t)
 .glue_7t       0x00000000        0x0 linker stubs
 *(.glue_7)
 .glue_7        0x00000000        0x0 linker stubs
 *(.vfp11_veneer)
 .vfp11_veneer  0x00000000        0x0 linker stubs
 *(.bootloader)
 *(.ARM.extab* .gnu.linkonce.armextab.*)
 *(.gcc_except_table)

.v4_bx          0x00004bb0        0x0
 .v4_bx         0x00000000        0x0 linker stubs

.iplt           0x00004bb0        0x0
 .iplt          0x00000000        0x0 c:/program files (x86)/cypress/psoc creator/3.3/psoc creator/import/gnu/arm/4.9.3/bin/../lib/gcc/arm-none-eabi/4.9.3/armv7-m/crtbegin.o

.eh_frame_hdr
 *(.eh_frame_hdr)

.eh_frame       0x00004bb0        0x4
 *(.eh_frame)
 .eh_frame      0x00004bb0        0x0 c:/program files (x86)/cypress/psoc creator/3.3/psoc creator/import/gnu/arm/4.9.3/bin/../lib/gcc/arm-none-eabi/4.9.3/armv7-m/crtbegin.o
 .eh_frame      0x00004bb0        0x4 c:/program files (x86)/cypress/psoc creator/3.3/psoc creator/import/gnu/arm/4.9.3/bin/../lib/gcc/arm-none-eabi/4.9.3/armv7-m/crtend.o
                0x00004bb4                PROVIDE (__exidx_start, .)

.ARM.exidx
 *(.ARM.exidx* .gnu.linkonce.armexidx.*)
                0x00004bb4                __exidx_end = .

.rodata         0x00004bb8      0x538
 *(.rodata .rodata.* .gnu.linkonce.r.*)
 .rodata.str1.4
                0x00004bb8        0x5 .\CortexM3\ARM_GCC_493\Debug\tasks.o
                                  0x8 (size before relaxing)
 *fill*         0x00004bbd        0x3 
 .rodata.str1.4
                0x00004bc0       0x3c .\CortexM3\ARM_GCC_493\Debug\com.o
 .rodata.str1.4
                0x00004bfc       0x40 .\CortexM3\ARM_GCC_493\Debug\main.o
 .rodata        0x00004c3c       0x30 .\CortexM3\ARM_GCC_493\Debug\CY8CKIT-059_USBUART.a(cyfitter_cfg.o)
 .rodata.str1.4
                0x00004c6c       0x14 .\CortexM3\ARM_GCC_493\Debug\CY8CKIT-059_USBUART.a(USBUART_1_std.o)
 .rodata        0x00004c80      0x160 .\CortexM3\ARM_GCC_493\Debug\CY8CKIT-059_USBUART.a(USBUART_1_descr.o)
                0x00004c80                USBUART_1_TABLE
                0x00004c88                USBUART_1_DEVICE0_TABLE
                0x00004ca0                USBUART_1_DEVICE0_CONFIGURATION0_TABLE
                0x00004cc8                USBUART_1_DEVICE0_CONFIGURATION0_INTERFACE_CLASS
                0x00004ccc                USBUART_1_DEVICE0_CONFIGURATION0_EP_SETTINGS_TABLE
                0x00004ce4                USBUART_1_SN_STRING_DESCRIPTOR
                0x00004ce8                USBUART_1_STRING_DESCRIPTORS
                0x00004d88                USBUART_1_DEVICE0_CONFIGURATION0_DESCR
                0x00004dcc                USBUART_1_DEVICE0_DESCR
 .rodata.npio2_hw
                0x00004de0       0x80 c:/program files (x86)/cypress/psoc creator/3.3/psoc creator/import/gnu/arm/4.9.3/bin/../lib/gcc/arm-none-eabi/4.9.3/../../../../arm-none-eabi/lib/armv7-m\libm.a(lib_a-e_rem_pio2.o)
 .rodata.two_over_pi
                0x00004e60      0x108 c:/program files (x86)/cypress/psoc creator/3.3/psoc creator/import/gnu/arm/4.9.3/bin/../lib/gcc/arm-none-eabi/4.9.3/../../../../arm-none-eabi/lib/armv7-m\libm.a(lib_a-e_rem_pio2.o)
 .rodata.init_jk
                0x00004f68       0x10 c:/program files (x86)/cypress/psoc creator/3.3/psoc creator/import/gnu/arm/4.9.3/bin/../lib/gcc/arm-none-eabi/4.9.3/../../../../arm-none-eabi/lib/armv7-m\libm.a(lib_a-k_rem_pio2.o)
 .rodata.PIo2   0x00004f78       0x40 c:/program files (x86)/cypress/psoc creator/3.3/psoc creator/import/gnu/arm/4.9.3/bin/../lib/gcc/arm-none-eabi/4.9.3/../../../../arm-none-eabi/lib/armv7-m\libm.a(lib_a-k_rem_pio2.o)
 .rodata.str1.1
                0x00004fb8        0x2 c:/program files (x86)/cypress/psoc creator/3.3/psoc creator/import/gnu/arm/4.9.3/bin/../lib/gcc/arm-none-eabi/4.9.3/../../../../arm-none-eabi/lib/armv7-m\libg_nano.a(lib_a-impure.o)
 .rodata._ctype_
                0x00004fba      0x101 c:/program files (x86)/cypress/psoc creator/3.3/psoc creator/import/gnu/arm/4.9.3/bin/../lib/gcc/arm-none-eabi/4.9.3/../../../../arm-none-eabi/lib/armv7-m\libg_nano.a(lib_a-ctype_.o)
                0x00004fba                _ctype_
                0x000050bc                . = ALIGN (0x4)
 *fill*         0x000050bb        0x1 
 *(.init)
 .init          0x000050bc        0x4 c:/program files (x86)/cypress/psoc creator/3.3/psoc creator/import/gnu/arm/4.9.3/bin/../lib/gcc/arm-none-eabi/4.9.3/armv7-m/crti.o
                0x000050bc                _init
 .init          0x000050c0        0x8 c:/program files (x86)/cypress/psoc creator/3.3/psoc creator/import/gnu/arm/4.9.3/bin/../lib/gcc/arm-none-eabi/4.9.3/armv7-m/crtn.o
                0x000050c8                . = ALIGN (0x4)
                0x000050c8                __preinit_array_start = .
 *(.preinit_array)
                0x000050c8                __preinit_array_end = .
                0x000050c8                . = ALIGN (0x4)
                0x000050c8                __init_array_start = .
 *(SORT(.init_array.*))
 *(.init_array)
 .init_array    0x000050c8        0x4 c:/program files (x86)/cypress/psoc creator/3.3/psoc creator/import/gnu/arm/4.9.3/bin/../lib/gcc/arm-none-eabi/4.9.3/armv7-m/crtbegin.o
 .init_array    0x000050cc        0x4 .\CortexM3\ARM_GCC_493\Debug\Cm3Start.o
                0x000050d0                __init_array_end = .
                0x000050d0                . = ALIGN (0x4)
 *(.fini)
 .fini          0x000050d0        0x4 c:/program files (x86)/cypress/psoc creator/3.3/psoc creator/import/gnu/arm/4.9.3/bin/../lib/gcc/arm-none-eabi/4.9.3/armv7-m/crti.o
                0x000050d0                _fini
 .fini          0x000050d4        0x8 c:/program files (x86)/cypress/psoc creator/3.3/psoc creator/import/gnu/arm/4.9.3/bin/../lib/gcc/arm-none-eabi/4.9.3/armv7-m/crtn.o
                0x000050dc                . = ALIGN (0x4)
                0x000050dc                __fini_array_start = .
 *(.fini_array)
 .fini_array    0x000050dc        0x4 c:/program files (x86)/cypress/psoc creator/3.3/psoc creator/import/gnu/arm/4.9.3/bin/../lib/gcc/arm-none-eabi/4.9.3/armv7-m/crtbegin.o
 *(SORT(.fini_array.*))
                0x000050e0                __fini_array_end = .
                0x000050e0                . = ALIGN (0x4)
 *crtbegin.o(.ctors)
 *(EXCLUDE_FILE(*crtend.o) .ctors)
 *(SORT(.ctors.*))
 *crtend.o(.ctors)
                0x000050e0                . = ALIGN (0x4)
 *crtbegin.o(.dtors)
 *(EXCLUDE_FILE(*crtend.o) .dtors)
 *(SORT(.dtors.*))
 *crtend.o(.dtors)
                0x000050e0                . = ALIGN (0x4)
                0x000050e0                __cy_regions = .
                0x000050e0        0x4 LONG 0x50f0 __cy_region_init_ram
                0x000050e4        0x4 LONG 0x1fff8108 __cy_region_start_data
                0x000050e8        0x4 LONG 0xa0 __cy_region_init_size_ram
                0x000050ec        0x4 LONG 0x8218 __cy_region_zero_size_ram
                0x000050f0                __cy_regions_end = .
                0x000050f0                . = ALIGN (0x8)
                0x000050f0                _etext = .

.cy_checksum_exclude
                0x000050f0        0x0
 *(.cy_checksum_exclude)

.ramvectors     0x1fff8000      0x100
                0x1fff8000                __cy_region_start_ram = .
 *(.ramvectors)
 .ramvectors    0x1fff8000      0x100 .\CortexM3\ARM_GCC_493\Debug\Cm3Start.o
                0x1fff8000                CyRamVectors

.noinit         0x1fff8100        0x5
 *(.noinit)
 .noinit        0x1fff8100        0x4 .\CortexM3\ARM_GCC_493\Debug\Cm3Start.o
 .noinit        0x1fff8104        0x1 .\CortexM3\ARM_GCC_493\Debug\CY8CKIT-059_USBUART.a(CyLib.o)
                0x1fff8104                CyResetStatus

.data           0x1fff8108       0xa0 load address 0x000050f0
                0x1fff8108                __cy_region_start_data = .
 *(.jcr)
 .jcr           0x1fff8108        0x0 c:/program files (x86)/cypress/psoc creator/3.3/psoc creator/import/gnu/arm/4.9.3/bin/../lib/gcc/arm-none-eabi/4.9.3/armv7-m/crtbegin.o
 .jcr           0x1fff8108        0x4 c:/program files (x86)/cypress/psoc creator/3.3/psoc creator/import/gnu/arm/4.9.3/bin/../lib/gcc/arm-none-eabi/4.9.3/armv7-m/crtend.o
 *(.got.plt)
 *(.got)
 *(.shdata)
 *(.data .data.* .gnu.linkonce.d.*)
 .data          0x1fff810c        0x4 .\CortexM3\ARM_GCC_493\Debug\port.o
 .data          0x1fff8110        0x4 .\CortexM3\ARM_GCC_493\Debug\heap_2.o
 .data          0x1fff8114       0x10 .\CortexM3\ARM_GCC_493\Debug\CY8CKIT-059_USBUART.a(CyLib.o)
                0x1fff8114                cydelay_32k_ms
                0x1fff8118                cydelay_freq_khz
                0x1fff811c                cydelay_freq_mhz
                0x1fff8120                cydelay_freq_hz
 .data          0x1fff8124       0x1c .\CortexM3\ARM_GCC_493\Debug\CY8CKIT-059_USBUART.a(USBUART_1_cdc.o)
                0x1fff8124                USBUART_1_linesCoding
 .data.impure_data
                0x1fff8140       0x60 c:/program files (x86)/cypress/psoc creator/3.3/psoc creator/import/gnu/arm/4.9.3/bin/../lib/gcc/arm-none-eabi/4.9.3/../../../../arm-none-eabi/lib/armv7-m\libg_nano.a(lib_a-impure.o)
 .data._impure_ptr
                0x1fff81a0        0x4 c:/program files (x86)/cypress/psoc creator/3.3/psoc creator/import/gnu/arm/4.9.3/bin/../lib/gcc/arm-none-eabi/4.9.3/../../../../arm-none-eabi/lib/armv7-m\libg_nano.a(lib_a-impure.o)
                0x1fff81a0                _impure_ptr
 .data.__ctype_ptr__
                0x1fff81a4        0x4 c:/program files (x86)/cypress/psoc creator/3.3/psoc creator/import/gnu/arm/4.9.3/bin/../lib/gcc/arm-none-eabi/4.9.3/../../../../arm-none-eabi/lib/armv7-m\libg_nano.a(lib_a-ctype_.o)
                0x1fff81a4                __ctype_ptr__
                0x1fff81a8                . = ALIGN (0x8)
 *(.ram)
                0x1fff81a8                _edata = .

.igot.plt       0x1fff81a8        0x0 load address 0x00005190
 .igot.plt      0x00000000        0x0 c:/program files (x86)/cypress/psoc creator/3.3/psoc creator/import/gnu/arm/4.9.3/bin/../lib/gcc/arm-none-eabi/4.9.3/armv7-m/crtbegin.o

.bss            0x1fff81a8     0x8218 load address 0x00005190
                0x1fff81a8                PROVIDE (__bss_start__, .)
 *(.shbss)
 *(.bss .bss.* .gnu.linkonce.b.*)
 .bss           0x1fff81a8       0x1c c:/program files (x86)/cypress/psoc creator/3.3/psoc creator/import/gnu/arm/4.9.3/bin/../lib/gcc/arm-none-eabi/4.9.3/armv7-m/crtbegin.o
 .bss           0x1fff81c4      0x100 .\CortexM3\ARM_GCC_493\Debug\tasks.o
                0x1fff8298                pxCurrentTCB
 .bss           0x1fff82c4     0x8014 .\CortexM3\ARM_GCC_493\Debug\heap_2.o
 .bss           0x200002d8        0x1 .\CortexM3\ARM_GCC_493\Debug\CY8CKIT-059_USBUART.a(USBUART_1.o)
                0x200002d8                USBUART_1_initVar
 .bss           0x200002d9        0x1 .\CortexM3\ARM_GCC_493\Debug\CY8CKIT-059_USBUART.a(USBUART_1_cdc.o)
 *fill*         0x200002da        0x2 
 .bss           0x200002dc        0x4 .\CortexM3\ARM_GCC_493\Debug\CY8CKIT-059_USBUART.a(USBUART_1_std.o)
 *(COMMON)
 COMMON         0x200002e0        0x4 .\CortexM3\ARM_GCC_493\Debug\com.o
                0x200002e0                gUSBUART_Ready
 COMMON         0x200002e4        0x4 .\CortexM3\ARM_GCC_493\Debug\main.o
                0x200002e4                xMutex_COM
 COMMON         0x200002e8       0x18 .\CortexM3\ARM_GCC_493\Debug\CY8CKIT-059_USBUART.a(USBUART_1_cdc.o)
                0x200002e8                USBUART_1_cdcDataInEp
                0x200002ec                USBUART_1_cdcDataOutEp
                0x200002f0                USBUART_1_cdcCommInInterruptEp
                0x200002f4                USBUART_1_serialStateBitmap
                0x200002f8                USBUART_1_linesChanged
                0x200002fc                USBUART_1_linesControlBitmap
 COMMON         0x20000300       0x97 .\CortexM3\ARM_GCC_493\Debug\CY8CKIT-059_USBUART.a(USBUART_1_drv.o)
                0x20000300                USBUART_1_interfaceSettingLast
                0x20000302                USBUART_1_ep0Mode
                0x20000303                USBUART_1_lastPacketSize
                0x20000304                USBUART_1_configurationChanged
                0x20000305                USBUART_1_configuration
                0x20000306                USBUART_1_interfaceNumber
                0x20000307                USBUART_1_deviceStatus
                0x20000308                USBUART_1_ep0Toggle
                0x2000030c                USBUART_1_interfaceClass
                0x20000310                USBUART_1_interfaceSetting
                0x20000314                USBUART_1_currentTD
                0x20000320                USBUART_1_ep0Count
                0x20000324                USBUART_1_EP
                0x20000390                USBUART_1_transferByteCount
                0x20000392                USBUART_1_transferState
                0x20000393                USBUART_1_device
                0x20000394                USBUART_1_interfaceStatus
                0x20000396                USBUART_1_deviceAddress
 *fill*         0x20000397        0x1 
 COMMON         0x20000398       0x22 .\CortexM3\ARM_GCC_493\Debug\CY8CKIT-059_USBUART.a(USBUART_1_descr.o)
                0x20000398                USBUART_1_idSerialNumberStringDescriptor
                0x200003c0                . = ALIGN (0x8)
 *fill*         0x200003ba        0x6 
 *(.ram.b)
                0x200003c0                _end = .
                0x200003c0                __end = .
                0x200003c0                PROVIDE (end, .)
                0x200003c0                PROVIDE (__bss_end__, .)
                0x000050f0                __cy_region_init_ram = LOADADDR (.data)
                0x000000a0                __cy_region_init_size_ram = (_edata - ADDR (.data))
                0x00008218                __cy_region_zero_size_ram = (_end - _edata)

.heap           0x200003c0       0x80 load address 0x00005190
                0x200003c0                . = _end
                0x20000440                . = (. + 0x80)
 *fill*         0x200003c0       0x80 
                0x20000440                __cy_heap_limit = .

.stack          0x20007800      0x800
                0x20007800                __cy_stack_limit = .
                0x20008000                . = (. + 0x800)
 *fill*         0x20007800      0x800 
                0x00000001                ASSERT ((__cy_stack_limit >= __cy_heap_limit), region RAM overflowed with stack)
                0x00000000                cy_checksum_exclude_size = (CY_APPL_LOADABLE == 0x1)?SIZEOF (.cy_checksum_exclude):0x0
                0x00000001                ASSERT ((cy_checksum_exclude_size <= CY_CHECKSUM_EXCLUDE_SIZE), CY_BOOT: Section .cy_checksum_exclude size exceedes specified limit.)

.cyloadermeta
 *(.cyloadermeta)

.cyloadablemeta
 *(.cyloadablemeta)

.cyconfigecc    0x80000000       0x80
 *(.cyconfigecc)
 .cyconfigecc   0x80000000       0x80 .\CortexM3\ARM_GCC_493\Debug\cymetadata.o
                0x80000000                cy_meta_configecc

.cycustnvl      0x90000000        0x4
 *(.cycustnvl)
 .cycustnvl     0x90000000        0x4 .\CortexM3\ARM_GCC_493\Debug\cymetadata.o
                0x90000000                cy_meta_custnvl

.cywolatch      0x90100000        0x4
 *(.cywolatch)
 .cywolatch     0x90100000        0x4 .\CortexM3\ARM_GCC_493\Debug\cymetadata.o
                0x90100000                cy_meta_wonvl

.cyeeprom       0x90200000        0x0
 *(.cyeeprom)
                0x00000001                ASSERT ((. <= ((0x90200000 + ee_offset) + ee_size)), .cyeeprom data will not fit in EEPROM)

.cyflashprotect
                0x90400000      0x100
 *(.cyflashprotect)
 .cyflashprotect
                0x90400000      0x100 .\CortexM3\ARM_GCC_493\Debug\cymetadata.o
                0x90400000                cy_meta_flashprotect

.cymeta         0x90500000        0xc
 *(.cymeta)
 .cymeta        0x90500000        0xc .\CortexM3\ARM_GCC_493\Debug\cymetadata.o
                0x90500000                cy_metadata

.rel.dyn        0x00005190        0x0 load address 0x9050000c
 .rel.iplt      0x00000000        0x0 c:/program files (x86)/cypress/psoc creator/3.3/psoc creator/import/gnu/arm/4.9.3/bin/../lib/gcc/arm-none-eabi/4.9.3/armv7-m/crtbegin.o

.stab
 *(.stab)

.stabstr
 *(.stabstr)

.debug
 *(.debug)

.line
 *(.line)

.debug_srcinfo
 *(.debug_srcinfo)

.debug_sfnames
 *(.debug_sfnames)

.debug_aranges  0x00000000      0xef8
 *(.debug_aranges)
 .debug_aranges
                0x00000000       0x18 .\CortexM3\ARM_GCC_493\Debug\croutine.o
 .debug_aranges
                0x00000018       0x68 .\CortexM3\ARM_GCC_493\Debug\event_groups.o
 .debug_aranges
                0x00000080       0x40 .\CortexM3\ARM_GCC_493\Debug\list.o
 .debug_aranges
                0x000000c0       0x88 .\CortexM3\ARM_GCC_493\Debug\port.o
 .debug_aranges
                0x00000148       0xe0 .\CortexM3\ARM_GCC_493\Debug\queue.o
 .debug_aranges
                0x00000228      0x1a0 .\CortexM3\ARM_GCC_493\Debug\tasks.o
 .debug_aranges
                0x000003c8       0x18 .\CortexM3\ARM_GCC_493\Debug\timers.o
 .debug_aranges
                0x000003e0       0x40 .\CortexM3\ARM_GCC_493\Debug\heap_2.o
 .debug_aranges
                0x00000420       0x30 .\CortexM3\ARM_GCC_493\Debug\com.o
 .debug_aranges
                0x00000450       0xc0 .\CortexM3\ARM_GCC_493\Debug\fixedpoint.o
 .debug_aranges
                0x00000510       0x80 .\CortexM3\ARM_GCC_493\Debug\utility.o
 .debug_aranges
                0x00000590       0x48 .\CortexM3\ARM_GCC_493\Debug\main.o
 .debug_aranges
                0x000005d8       0x18 .\CortexM3\ARM_GCC_493\Debug\cymetadata.o
 .debug_aranges
                0x000005f0       0x48 .\CortexM3\ARM_GCC_493\Debug\Cm3Start.o
 .debug_aranges
                0x00000638       0x58 .\CortexM3\ARM_GCC_493\Debug\CY8CKIT-059_USBUART.a(cyfitter_cfg.o)
 .debug_aranges
                0x00000690       0x38 .\CortexM3\ARM_GCC_493\Debug\CY8CKIT-059_USBUART.a(LED.o)
 .debug_aranges
                0x000006c8       0x20 .\CortexM3\ARM_GCC_493\Debug\CY8CKIT-059_USBUART.a(CyBootAsmGnu.o)
 .debug_aranges
                0x000006e8      0x298 .\CortexM3\ARM_GCC_493\Debug\CY8CKIT-059_USBUART.a(CyLib.o)
 .debug_aranges
                0x00000980       0x98 .\CortexM3\ARM_GCC_493\Debug\CY8CKIT-059_USBUART.a(cyPm.o)
 .debug_aranges
                0x00000a18       0xc8 .\CortexM3\ARM_GCC_493\Debug\CY8CKIT-059_USBUART.a(USBUART_1.o)
 .debug_aranges
                0x00000ae0       0xe8 .\CortexM3\ARM_GCC_493\Debug\CY8CKIT-059_USBUART.a(USBUART_1_cdc.o)
 .debug_aranges
                0x00000bc8       0x98 .\CortexM3\ARM_GCC_493\Debug\CY8CKIT-059_USBUART.a(USBUART_1_drv.o)
 .debug_aranges
                0x00000c60       0x40 .\CortexM3\ARM_GCC_493\Debug\CY8CKIT-059_USBUART.a(USBUART_1_episr.o)
 .debug_aranges
                0x00000ca0       0x40 .\CortexM3\ARM_GCC_493\Debug\CY8CKIT-059_USBUART.a(USBUART_1_pm.o)
 .debug_aranges
                0x00000ce0       0x80 .\CortexM3\ARM_GCC_493\Debug\CY8CKIT-059_USBUART.a(USBUART_1_std.o)
 .debug_aranges
                0x00000d60       0x20 .\CortexM3\ARM_GCC_493\Debug\CY8CKIT-059_USBUART.a(USBUART_1_vnd.o)
 .debug_aranges
                0x00000d80       0x48 .\CortexM3\ARM_GCC_493\Debug\CY8CKIT-059_USBUART.a(USBUART_1_Dp.o)
 .debug_aranges
                0x00000dc8       0x80 .\CortexM3\ARM_GCC_493\Debug\CY8CKIT-059_USBUART.a(CyFlash.o)
 .debug_aranges
                0x00000e48       0x78 .\CortexM3\ARM_GCC_493\Debug\CY8CKIT-059_USBUART.a(CySpc.o)
 .debug_aranges
                0x00000ec0       0x20 .\CortexM3\ARM_GCC_493\Debug\CY8CKIT-059_USBUART.a(USBUART_1_cls.o)
 .debug_aranges
                0x00000ee0       0x18 .\CortexM3\ARM_GCC_493\Debug\CY8CKIT-059_USBUART.a(USBUART_1_descr.o)

.debug_pubnames
 *(.debug_pubnames)

.debug_info     0x00000000     0xcb48
 *(.debug_info .gnu.linkonce.wi.*)
 .debug_info    0x00000000       0xa7 .\CortexM3\ARM_GCC_493\Debug\croutine.o
 .debug_info    0x000000a7      0x906 .\CortexM3\ARM_GCC_493\Debug\event_groups.o
 .debug_info    0x000009ad      0x2d3 .\CortexM3\ARM_GCC_493\Debug\list.o
 .debug_info    0x00000c80      0x2f0 .\CortexM3\ARM_GCC_493\Debug\port.o
 .debug_info    0x00000f70     0x1311 .\CortexM3\ARM_GCC_493\Debug\queue.o
 .debug_info    0x00002281     0x1f02 .\CortexM3\ARM_GCC_493\Debug\tasks.o
 .debug_info    0x00004183       0xa7 .\CortexM3\ARM_GCC_493\Debug\timers.o
 .debug_info    0x0000422a      0x384 .\CortexM3\ARM_GCC_493\Debug\heap_2.o
 .debug_info    0x000045ae      0x35c .\CortexM3\ARM_GCC_493\Debug\com.o
 .debug_info    0x0000490a      0xadd .\CortexM3\ARM_GCC_493\Debug\fixedpoint.o
 .debug_info    0x000053e7      0x949 .\CortexM3\ARM_GCC_493\Debug\utility.o
 .debug_info    0x00005d30      0x7e0 .\CortexM3\ARM_GCC_493\Debug\main.o
 .debug_info    0x00006510      0x13a .\CortexM3\ARM_GCC_493\Debug\cymetadata.o
 .debug_info    0x0000664a      0x3a5 .\CortexM3\ARM_GCC_493\Debug\Cm3Start.o
 .debug_info    0x000069ef      0x4ad .\CortexM3\ARM_GCC_493\Debug\CY8CKIT-059_USBUART.a(cyfitter_cfg.o)
 .debug_info    0x00006e9c      0x11f .\CortexM3\ARM_GCC_493\Debug\CY8CKIT-059_USBUART.a(LED.o)
 .debug_info    0x00006fbb       0x9a .\CortexM3\ARM_GCC_493\Debug\CY8CKIT-059_USBUART.a(CyBootAsmGnu.o)
 .debug_info    0x00007055     0x1371 .\CortexM3\ARM_GCC_493\Debug\CY8CKIT-059_USBUART.a(CyLib.o)
 .debug_info    0x000083c6      0xa58 .\CortexM3\ARM_GCC_493\Debug\CY8CKIT-059_USBUART.a(cyPm.o)
 .debug_info    0x00008e1e      0x9b0 .\CortexM3\ARM_GCC_493\Debug\CY8CKIT-059_USBUART.a(USBUART_1.o)
 .debug_info    0x000097ce      0xb16 .\CortexM3\ARM_GCC_493\Debug\CY8CKIT-059_USBUART.a(USBUART_1_cdc.o)
 .debug_info    0x0000a2e4      0x649 .\CortexM3\ARM_GCC_493\Debug\CY8CKIT-059_USBUART.a(USBUART_1_drv.o)
 .debug_info    0x0000a92d      0x244 .\CortexM3\ARM_GCC_493\Debug\CY8CKIT-059_USBUART.a(USBUART_1_episr.o)
 .debug_info    0x0000ab71      0x2ef .\CortexM3\ARM_GCC_493\Debug\CY8CKIT-059_USBUART.a(USBUART_1_pm.o)
 .debug_info    0x0000ae60      0xb35 .\CortexM3\ARM_GCC_493\Debug\CY8CKIT-059_USBUART.a(USBUART_1_std.o)
 .debug_info    0x0000b995       0xe6 .\CortexM3\ARM_GCC_493\Debug\CY8CKIT-059_USBUART.a(USBUART_1_vnd.o)
 .debug_info    0x0000ba7b      0x174 .\CortexM3\ARM_GCC_493\Debug\CY8CKIT-059_USBUART.a(USBUART_1_Dp.o)
 .debug_info    0x0000bbef      0x60a .\CortexM3\ARM_GCC_493\Debug\CY8CKIT-059_USBUART.a(CyFlash.o)
 .debug_info    0x0000c1f9      0x4f0 .\CortexM3\ARM_GCC_493\Debug\CY8CKIT-059_USBUART.a(CySpc.o)
 .debug_info    0x0000c6e9      0x1d2 .\CortexM3\ARM_GCC_493\Debug\CY8CKIT-059_USBUART.a(USBUART_1_cls.o)
 .debug_info    0x0000c8bb      0x28d .\CortexM3\ARM_GCC_493\Debug\CY8CKIT-059_USBUART.a(USBUART_1_descr.o)

.debug_abbrev   0x00000000     0x2fa5
 *(.debug_abbrev)
 .debug_abbrev  0x00000000       0x4b .\CortexM3\ARM_GCC_493\Debug\croutine.o
 .debug_abbrev  0x0000004b      0x250 .\CortexM3\ARM_GCC_493\Debug\event_groups.o
 .debug_abbrev  0x0000029b       0xf6 .\CortexM3\ARM_GCC_493\Debug\list.o
 .debug_abbrev  0x00000391      0x1aa .\CortexM3\ARM_GCC_493\Debug\port.o
 .debug_abbrev  0x0000053b      0x27a .\CortexM3\ARM_GCC_493\Debug\queue.o
 .debug_abbrev  0x000007b5      0x307 .\CortexM3\ARM_GCC_493\Debug\tasks.o
 .debug_abbrev  0x00000abc       0x4b .\CortexM3\ARM_GCC_493\Debug\timers.o
 .debug_abbrev  0x00000b07      0x1d9 .\CortexM3\ARM_GCC_493\Debug\heap_2.o
 .debug_abbrev  0x00000ce0      0x1d7 .\CortexM3\ARM_GCC_493\Debug\com.o
 .debug_abbrev  0x00000eb7      0x19b .\CortexM3\ARM_GCC_493\Debug\fixedpoint.o
 .debug_abbrev  0x00001052      0x20a .\CortexM3\ARM_GCC_493\Debug\utility.o
 .debug_abbrev  0x0000125c      0x265 .\CortexM3\ARM_GCC_493\Debug\main.o
 .debug_abbrev  0x000014c1       0x5d .\CortexM3\ARM_GCC_493\Debug\cymetadata.o
 .debug_abbrev  0x0000151e      0x20f .\CortexM3\ARM_GCC_493\Debug\Cm3Start.o
 .debug_abbrev  0x0000172d      0x1eb .\CortexM3\ARM_GCC_493\Debug\CY8CKIT-059_USBUART.a(cyfitter_cfg.o)
 .debug_abbrev  0x00001918       0x90 .\CortexM3\ARM_GCC_493\Debug\CY8CKIT-059_USBUART.a(LED.o)
 .debug_abbrev  0x000019a8       0x14 .\CortexM3\ARM_GCC_493\Debug\CY8CKIT-059_USBUART.a(CyBootAsmGnu.o)
 .debug_abbrev  0x000019bc      0x296 .\CortexM3\ARM_GCC_493\Debug\CY8CKIT-059_USBUART.a(CyLib.o)
 .debug_abbrev  0x00001c52      0x1ed .\CortexM3\ARM_GCC_493\Debug\CY8CKIT-059_USBUART.a(cyPm.o)
 .debug_abbrev  0x00001e3f      0x25e .\CortexM3\ARM_GCC_493\Debug\CY8CKIT-059_USBUART.a(USBUART_1.o)
 .debug_abbrev  0x0000209d      0x28b .\CortexM3\ARM_GCC_493\Debug\CY8CKIT-059_USBUART.a(USBUART_1_cdc.o)
 .debug_abbrev  0x00002328      0x18b .\CortexM3\ARM_GCC_493\Debug\CY8CKIT-059_USBUART.a(USBUART_1_drv.o)
 .debug_abbrev  0x000024b3      0x11b .\CortexM3\ARM_GCC_493\Debug\CY8CKIT-059_USBUART.a(USBUART_1_episr.o)
 .debug_abbrev  0x000025ce      0x146 .\CortexM3\ARM_GCC_493\Debug\CY8CKIT-059_USBUART.a(USBUART_1_pm.o)
 .debug_abbrev  0x00002714      0x23d .\CortexM3\ARM_GCC_493\Debug\CY8CKIT-059_USBUART.a(USBUART_1_std.o)
 .debug_abbrev  0x00002951       0x9b .\CortexM3\ARM_GCC_493\Debug\CY8CKIT-059_USBUART.a(USBUART_1_vnd.o)
 .debug_abbrev  0x000029ec       0x90 .\CortexM3\ARM_GCC_493\Debug\CY8CKIT-059_USBUART.a(USBUART_1_Dp.o)
 .debug_abbrev  0x00002a7c      0x1d1 .\CortexM3\ARM_GCC_493\Debug\CY8CKIT-059_USBUART.a(CyFlash.o)
 .debug_abbrev  0x00002c4d      0x1c1 .\CortexM3\ARM_GCC_493\Debug\CY8CKIT-059_USBUART.a(CySpc.o)
 .debug_abbrev  0x00002e0e       0xe3 .\CortexM3\ARM_GCC_493\Debug\CY8CKIT-059_USBUART.a(USBUART_1_cls.o)
 .debug_abbrev  0x00002ef1       0xb4 .\CortexM3\ARM_GCC_493\Debug\CY8CKIT-059_USBUART.a(USBUART_1_descr.o)

.debug_line     0x00000000     0x4e71
 *(.debug_line)
 .debug_line    0x00000000      0x13a .\CortexM3\ARM_GCC_493\Debug\croutine.o
 .debug_line    0x0000013a      0x369 .\CortexM3\ARM_GCC_493\Debug\event_groups.o
 .debug_line    0x000004a3      0x1e6 .\CortexM3\ARM_GCC_493\Debug\list.o
 .debug_line    0x00000689      0x290 .\CortexM3\ARM_GCC_493\Debug\port.o
 .debug_line    0x00000919      0x56d .\CortexM3\ARM_GCC_493\Debug\queue.o
 .debug_line    0x00000e86      0x991 .\CortexM3\ARM_GCC_493\Debug\tasks.o
 .debug_line    0x00001817      0x13a .\CortexM3\ARM_GCC_493\Debug\timers.o
 .debug_line    0x00001951      0x296 .\CortexM3\ARM_GCC_493\Debug\heap_2.o
 .debug_line    0x00001be7      0x27b .\CortexM3\ARM_GCC_493\Debug\com.o
 .debug_line    0x00001e62      0x3a6 .\CortexM3\ARM_GCC_493\Debug\fixedpoint.o
 .debug_line    0x00002208      0x487 .\CortexM3\ARM_GCC_493\Debug\utility.o
 .debug_line    0x0000268f      0x2c1 .\CortexM3\ARM_GCC_493\Debug\main.o
 .debug_line    0x00002950       0x53 .\CortexM3\ARM_GCC_493\Debug\cymetadata.o
 .debug_line    0x000029a3      0x249 .\CortexM3\ARM_GCC_493\Debug\Cm3Start.o
 .debug_line    0x00002bec      0x1d9 .\CortexM3\ARM_GCC_493\Debug\CY8CKIT-059_USBUART.a(cyfitter_cfg.o)
 .debug_line    0x00002dc5       0x92 .\CortexM3\ARM_GCC_493\Debug\CY8CKIT-059_USBUART.a(LED.o)
 .debug_line    0x00002e57       0x68 .\CortexM3\ARM_GCC_493\Debug\CY8CKIT-059_USBUART.a(CyBootAsmGnu.o)
 .debug_line    0x00002ebf      0x806 .\CortexM3\ARM_GCC_493\Debug\CY8CKIT-059_USBUART.a(CyLib.o)
 .debug_line    0x000036c5      0x366 .\CortexM3\ARM_GCC_493\Debug\CY8CKIT-059_USBUART.a(cyPm.o)
 .debug_line    0x00003a2b      0x2d0 .\CortexM3\ARM_GCC_493\Debug\CY8CKIT-059_USBUART.a(USBUART_1.o)
 .debug_line    0x00003cfb      0x2fa .\CortexM3\ARM_GCC_493\Debug\CY8CKIT-059_USBUART.a(USBUART_1_cdc.o)
 .debug_line    0x00003ff5      0x229 .\CortexM3\ARM_GCC_493\Debug\CY8CKIT-059_USBUART.a(USBUART_1_drv.o)
 .debug_line    0x0000421e       0xee .\CortexM3\ARM_GCC_493\Debug\CY8CKIT-059_USBUART.a(USBUART_1_episr.o)
 .debug_line    0x0000430c      0x118 .\CortexM3\ARM_GCC_493\Debug\CY8CKIT-059_USBUART.a(USBUART_1_pm.o)
 .debug_line    0x00004424      0x3ea .\CortexM3\ARM_GCC_493\Debug\CY8CKIT-059_USBUART.a(USBUART_1_std.o)
 .debug_line    0x0000480e       0x79 .\CortexM3\ARM_GCC_493\Debug\CY8CKIT-059_USBUART.a(USBUART_1_vnd.o)
 .debug_line    0x00004887       0xbf .\CortexM3\ARM_GCC_493\Debug\CY8CKIT-059_USBUART.a(USBUART_1_Dp.o)
 .debug_line    0x00004946      0x1ec .\CortexM3\ARM_GCC_493\Debug\CY8CKIT-059_USBUART.a(CyFlash.o)
 .debug_line    0x00004b32      0x23e .\CortexM3\ARM_GCC_493\Debug\CY8CKIT-059_USBUART.a(CySpc.o)
 .debug_line    0x00004d70       0x9a .\CortexM3\ARM_GCC_493\Debug\CY8CKIT-059_USBUART.a(USBUART_1_cls.o)
 .debug_line    0x00004e0a       0x67 .\CortexM3\ARM_GCC_493\Debug\CY8CKIT-059_USBUART.a(USBUART_1_descr.o)

.debug_frame    0x00000000     0x2c84
 *(.debug_frame)
 .debug_frame   0x00000000      0x148 .\CortexM3\ARM_GCC_493\Debug\event_groups.o
 .debug_frame   0x00000148       0x70 .\CortexM3\ARM_GCC_493\Debug\list.o
 .debug_frame   0x000001b8      0x12c .\CortexM3\ARM_GCC_493\Debug\port.o
 .debug_frame   0x000002e4      0x2f4 .\CortexM3\ARM_GCC_493\Debug\queue.o
 .debug_frame   0x000005d8      0x5c8 .\CortexM3\ARM_GCC_493\Debug\tasks.o
 .debug_frame   0x00000ba0       0x8c .\CortexM3\ARM_GCC_493\Debug\heap_2.o
 .debug_frame   0x00000c2c       0xa0 .\CortexM3\ARM_GCC_493\Debug\com.o
 .debug_frame   0x00000ccc      0x254 .\CortexM3\ARM_GCC_493\Debug\fixedpoint.o
 .debug_frame   0x00000f20      0x1b0 .\CortexM3\ARM_GCC_493\Debug\utility.o
 .debug_frame   0x000010d0       0xb8 .\CortexM3\ARM_GCC_493\Debug\main.o
 .debug_frame   0x00001188       0xac .\CortexM3\ARM_GCC_493\Debug\Cm3Start.o
 .debug_frame   0x00001234       0xe0 .\CortexM3\ARM_GCC_493\Debug\CY8CKIT-059_USBUART.a(cyfitter_cfg.o)
 .debug_frame   0x00001314       0x50 .\CortexM3\ARM_GCC_493\Debug\CY8CKIT-059_USBUART.a(LED.o)
 .debug_frame   0x00001364      0x728 .\CortexM3\ARM_GCC_493\Debug\CY8CKIT-059_USBUART.a(CyLib.o)
 .debug_frame   0x00001a8c      0x1f8 .\CortexM3\ARM_GCC_493\Debug\CY8CKIT-059_USBUART.a(cyPm.o)
 .debug_frame   0x00001c84      0x1dc .\CortexM3\ARM_GCC_493\Debug\CY8CKIT-059_USBUART.a(USBUART_1.o)
 .debug_frame   0x00001e60      0x278 .\CortexM3\ARM_GCC_493\Debug\CY8CKIT-059_USBUART.a(USBUART_1_cdc.o)
 .debug_frame   0x000020d8      0x194 .\CortexM3\ARM_GCC_493\Debug\CY8CKIT-059_USBUART.a(USBUART_1_drv.o)
 .debug_frame   0x0000226c       0x6c .\CortexM3\ARM_GCC_493\Debug\CY8CKIT-059_USBUART.a(USBUART_1_episr.o)
 .debug_frame   0x000022d8       0xa0 .\CortexM3\ARM_GCC_493\Debug\CY8CKIT-059_USBUART.a(USBUART_1_pm.o)
 .debug_frame   0x00002378      0x17c .\CortexM3\ARM_GCC_493\Debug\CY8CKIT-059_USBUART.a(USBUART_1_std.o)
 .debug_frame   0x000024f4       0x20 .\CortexM3\ARM_GCC_493\Debug\CY8CKIT-059_USBUART.a(USBUART_1_vnd.o)
 .debug_frame   0x00002514       0x70 .\CortexM3\ARM_GCC_493\Debug\CY8CKIT-059_USBUART.a(USBUART_1_Dp.o)
 .debug_frame   0x00002584      0x174 .\CortexM3\ARM_GCC_493\Debug\CY8CKIT-059_USBUART.a(CyFlash.o)
 .debug_frame   0x000026f8      0x160 .\CortexM3\ARM_GCC_493\Debug\CY8CKIT-059_USBUART.a(CySpc.o)
 .debug_frame   0x00002858       0x2c .\CortexM3\ARM_GCC_493\Debug\CY8CKIT-059_USBUART.a(USBUART_1_cls.o)
 .debug_frame   0x00002884       0x38 c:/program files (x86)/cypress/psoc creator/3.3/psoc creator/import/gnu/arm/4.9.3/bin/../lib/gcc/arm-none-eabi/4.9.3/../../../../arm-none-eabi/lib/armv7-m\libm.a(lib_a-s_sin.o)
 .debug_frame   0x000028bc       0x48 c:/program files (x86)/cypress/psoc creator/3.3/psoc creator/import/gnu/arm/4.9.3/bin/../lib/gcc/arm-none-eabi/4.9.3/../../../../arm-none-eabi/lib/armv7-m\libm.a(lib_a-e_rem_pio2.o)
 .debug_frame   0x00002904       0x4c c:/program files (x86)/cypress/psoc creator/3.3/psoc creator/import/gnu/arm/4.9.3/bin/../lib/gcc/arm-none-eabi/4.9.3/../../../../arm-none-eabi/lib/armv7-m\libm.a(lib_a-k_cos.o)
 .debug_frame   0x00002950       0x54 c:/program files (x86)/cypress/psoc creator/3.3/psoc creator/import/gnu/arm/4.9.3/bin/../lib/gcc/arm-none-eabi/4.9.3/../../../../arm-none-eabi/lib/armv7-m\libm.a(lib_a-k_rem_pio2.o)
 .debug_frame   0x000029a4       0x48 c:/program files (x86)/cypress/psoc creator/3.3/psoc creator/import/gnu/arm/4.9.3/bin/../lib/gcc/arm-none-eabi/4.9.3/../../../../arm-none-eabi/lib/armv7-m\libm.a(lib_a-k_sin.o)
 .debug_frame   0x000029ec       0x20 c:/program files (x86)/cypress/psoc creator/3.3/psoc creator/import/gnu/arm/4.9.3/bin/../lib/gcc/arm-none-eabi/4.9.3/../../../../arm-none-eabi/lib/armv7-m\libm.a(lib_a-s_fabs.o)
 .debug_frame   0x00002a0c       0x34 c:/program files (x86)/cypress/psoc creator/3.3/psoc creator/import/gnu/arm/4.9.3/bin/../lib/gcc/arm-none-eabi/4.9.3/../../../../arm-none-eabi/lib/armv7-m\libm.a(lib_a-s_floor.o)
 .debug_frame   0x00002a40       0x30 c:/program files (x86)/cypress/psoc creator/3.3/psoc creator/import/gnu/arm/4.9.3/bin/../lib/gcc/arm-none-eabi/4.9.3/../../../../arm-none-eabi/lib/armv7-m\libm.a(lib_a-s_scalbn.o)
 .debug_frame   0x00002a70       0x20 c:/program files (x86)/cypress/psoc creator/3.3/psoc creator/import/gnu/arm/4.9.3/bin/../lib/gcc/arm-none-eabi/4.9.3/../../../../arm-none-eabi/lib/armv7-m\libm.a(lib_a-s_copysign.o)
 .debug_frame   0x00002a90       0x28 c:/program files (x86)/cypress/psoc creator/3.3/psoc creator/import/gnu/arm/4.9.3/bin/../lib/gcc/arm-none-eabi/4.9.3/armv7-m\libgcc.a(_aeabi_ldivmod.o)
 .debug_frame   0x00002ab8       0x54 c:/program files (x86)/cypress/psoc creator/3.3/psoc creator/import/gnu/arm/4.9.3/bin/../lib/gcc/arm-none-eabi/4.9.3/armv7-m\libgcc.a(bpabi.o)
 .debug_frame   0x00002b0c       0x34 c:/program files (x86)/cypress/psoc creator/3.3/psoc creator/import/gnu/arm/4.9.3/bin/../lib/gcc/arm-none-eabi/4.9.3/armv7-m\libgcc.a(_divdi3.o)
 .debug_frame   0x00002b40       0x34 c:/program files (x86)/cypress/psoc creator/3.3/psoc creator/import/gnu/arm/4.9.3/bin/../lib/gcc/arm-none-eabi/4.9.3/armv7-m\libgcc.a(_udivdi3.o)
 .debug_frame   0x00002b74       0x20 c:/program files (x86)/cypress/psoc creator/3.3/psoc creator/import/gnu/arm/4.9.3/bin/../lib/gcc/arm-none-eabi/4.9.3/../../../../arm-none-eabi/lib/armv7-m\libg_nano.a(lib_a-errno.o)
 .debug_frame   0x00002b94       0x28 c:/program files (x86)/cypress/psoc creator/3.3/psoc creator/import/gnu/arm/4.9.3/bin/../lib/gcc/arm-none-eabi/4.9.3/../../../../arm-none-eabi/lib/armv7-m\libg_nano.a(lib_a-exit.o)
 .debug_frame   0x00002bbc       0x2c c:/program files (x86)/cypress/psoc creator/3.3/psoc creator/import/gnu/arm/4.9.3/bin/../lib/gcc/arm-none-eabi/4.9.3/../../../../arm-none-eabi/lib/armv7-m\libg_nano.a(lib_a-init.o)
 .debug_frame   0x00002be8       0x28 c:/program files (x86)/cypress/psoc creator/3.3/psoc creator/import/gnu/arm/4.9.3/bin/../lib/gcc/arm-none-eabi/4.9.3/../../../../arm-none-eabi/lib/armv7-m\libg_nano.a(lib_a-memcpy.o)
 .debug_frame   0x00002c10       0x20 c:/program files (x86)/cypress/psoc creator/3.3/psoc creator/import/gnu/arm/4.9.3/bin/../lib/gcc/arm-none-eabi/4.9.3/../../../../arm-none-eabi/lib/armv7-m\libg_nano.a(lib_a-memset.o)
 .debug_frame   0x00002c30       0x54 c:/program files (x86)/cypress/psoc creator/3.3/psoc creator/import/gnu/arm/4.9.3/bin/../lib/gcc/arm-none-eabi/4.9.3/../../../../arm-none-eabi/lib/armv7-m\libg_nano.a(lib_a-strtol.o)

.debug_str      0x00000000     0x3f8c
 *(.debug_str)
 .debug_str     0x00000000      0x165 .\CortexM3\ARM_GCC_493\Debug\croutine.o
                                0x1ad (size before relaxing)
 .debug_str     0x00000165      0x444 .\CortexM3\ARM_GCC_493\Debug\event_groups.o
                                0x624 (size before relaxing)
 .debug_str     0x000005a9       0x90 .\CortexM3\ARM_GCC_493\Debug\list.o
                                0x2fc (size before relaxing)
 .debug_str     0x00000639      0x136 .\CortexM3\ARM_GCC_493\Debug\port.o
                                0x361 (size before relaxing)
 .debug_str     0x0000076f      0x55a .\CortexM3\ARM_GCC_493\Debug\queue.o
                                0x8cb (size before relaxing)
 .debug_str     0x00000cc9      0x8d9 .\CortexM3\ARM_GCC_493\Debug\tasks.o
                                0xeb8 (size before relaxing)
 .debug_str     0x000015a2       0x15 .\CortexM3\ARM_GCC_493\Debug\timers.o
                                0x1ab (size before relaxing)
 .debug_str     0x000015b7      0x14f .\CortexM3\ARM_GCC_493\Debug\heap_2.o
                                0x372 (size before relaxing)
 .debug_str     0x00001706      0x132 .\CortexM3\ARM_GCC_493\Debug\com.o
                                0x2d0 (size before relaxing)
 .debug_str     0x00001838      0x1d3 .\CortexM3\ARM_GCC_493\Debug\fixedpoint.o
                                0x376 (size before relaxing)
 .debug_str     0x00001a0b      0x17d .\CortexM3\ARM_GCC_493\Debug\utility.o
                                0x382 (size before relaxing)
 .debug_str     0x00001b88       0xbf .\CortexM3\ARM_GCC_493\Debug\main.o
                                0x4a9 (size before relaxing)
 .debug_str     0x00001c47       0x77 .\CortexM3\ARM_GCC_493\Debug\cymetadata.o
                                0x1f4 (size before relaxing)
 .debug_str     0x00001cbe      0x144 .\CortexM3\ARM_GCC_493\Debug\Cm3Start.o
                                0x308 (size before relaxing)
 .debug_str     0x00001e02      0x142 .\CortexM3\ARM_GCC_493\Debug\CY8CKIT-059_USBUART.a(cyfitter_cfg.o)
                                0x30d (size before relaxing)
 .debug_str     0x00001f44       0x50 .\CortexM3\ARM_GCC_493\Debug\CY8CKIT-059_USBUART.a(LED.o)
                                0x1e2 (size before relaxing)
 .debug_str     0x00001f94      0x839 .\CortexM3\ARM_GCC_493\Debug\CY8CKIT-059_USBUART.a(CyLib.o)
                                0xa2d (size before relaxing)
 .debug_str     0x000027cd      0x35b .\CortexM3\ARM_GCC_493\Debug\CY8CKIT-059_USBUART.a(cyPm.o)
                                0x725 (size before relaxing)
 .debug_str     0x00002b28      0x437 .\CortexM3\ARM_GCC_493\Debug\CY8CKIT-059_USBUART.a(USBUART_1.o)
                                0x6a9 (size before relaxing)
 .debug_str     0x00002f5f      0x507 .\CortexM3\ARM_GCC_493\Debug\CY8CKIT-059_USBUART.a(USBUART_1_cdc.o)
                                0x839 (size before relaxing)
 .debug_str     0x00003466      0x2c3 .\CortexM3\ARM_GCC_493\Debug\CY8CKIT-059_USBUART.a(USBUART_1_drv.o)
                                0x69a (size before relaxing)
 .debug_str     0x00003729       0x8e .\CortexM3\ARM_GCC_493\Debug\CY8CKIT-059_USBUART.a(USBUART_1_episr.o)
                                0x2f3 (size before relaxing)
 .debug_str     0x000037b7      0x104 .\CortexM3\ARM_GCC_493\Debug\CY8CKIT-059_USBUART.a(USBUART_1_pm.o)
                                0x30d (size before relaxing)
 .debug_str     0x000038bb      0x278 .\CortexM3\ARM_GCC_493\Debug\CY8CKIT-059_USBUART.a(USBUART_1_std.o)
                                0x80f (size before relaxing)
 .debug_str     0x00003b33       0x29 .\CortexM3\ARM_GCC_493\Debug\CY8CKIT-059_USBUART.a(USBUART_1_vnd.o)
                                0x1f1 (size before relaxing)
 .debug_str     0x00003b5c       0xa7 .\CortexM3\ARM_GCC_493\Debug\CY8CKIT-059_USBUART.a(USBUART_1_Dp.o)
                                0x259 (size before relaxing)
 .debug_str     0x00003c03      0x19e .\CortexM3\ARM_GCC_493\Debug\CY8CKIT-059_USBUART.a(CyFlash.o)
                                0x39f (size before relaxing)
 .debug_str     0x00003da1       0xae .\CortexM3\ARM_GCC_493\Debug\CY8CKIT-059_USBUART.a(CySpc.o)
                                0x328 (size before relaxing)
 .debug_str     0x00003e4f       0x29 .\CortexM3\ARM_GCC_493\Debug\CY8CKIT-059_USBUART.a(USBUART_1_cls.o)
                                0x2b8 (size before relaxing)
 .debug_str     0x00003e78      0x114 .\CortexM3\ARM_GCC_493\Debug\CY8CKIT-059_USBUART.a(USBUART_1_descr.o)
                                0x371 (size before relaxing)

.debug_loc      0x00000000     0x717f
 *(.debug_loc)
 .debug_loc     0x00000000      0x65e .\CortexM3\ARM_GCC_493\Debug\event_groups.o
 .debug_loc     0x0000065e       0x65 .\CortexM3\ARM_GCC_493\Debug\list.o
 .debug_loc     0x000006c3       0x80 .\CortexM3\ARM_GCC_493\Debug\port.o
 .debug_loc     0x00000743      0xeb5 .\CortexM3\ARM_GCC_493\Debug\queue.o
 .debug_loc     0x000015f8     0x13e3 .\CortexM3\ARM_GCC_493\Debug\tasks.o
 .debug_loc     0x000029db      0x1cc .\CortexM3\ARM_GCC_493\Debug\heap_2.o
 .debug_loc     0x00002ba7       0x92 .\CortexM3\ARM_GCC_493\Debug\com.o
 .debug_loc     0x00002c39      0x956 .\CortexM3\ARM_GCC_493\Debug\fixedpoint.o
 .debug_loc     0x0000358f      0xd1f .\CortexM3\ARM_GCC_493\Debug\utility.o
 .debug_loc     0x000042ae      0x145 .\CortexM3\ARM_GCC_493\Debug\main.o
 .debug_loc     0x000043f3      0x144 .\CortexM3\ARM_GCC_493\Debug\Cm3Start.o
 .debug_loc     0x00004537      0x1d7 .\CortexM3\ARM_GCC_493\Debug\CY8CKIT-059_USBUART.a(cyfitter_cfg.o)
 .debug_loc     0x0000470e       0x42 .\CortexM3\ARM_GCC_493\Debug\CY8CKIT-059_USBUART.a(LED.o)
 .debug_loc     0x00004750      0xa11 .\CortexM3\ARM_GCC_493\Debug\CY8CKIT-059_USBUART.a(CyLib.o)
 .debug_loc     0x00005161      0x1e4 .\CortexM3\ARM_GCC_493\Debug\CY8CKIT-059_USBUART.a(cyPm.o)
 .debug_loc     0x00005345      0x3e1 .\CortexM3\ARM_GCC_493\Debug\CY8CKIT-059_USBUART.a(USBUART_1.o)
 .debug_loc     0x00005726      0x56b .\CortexM3\ARM_GCC_493\Debug\CY8CKIT-059_USBUART.a(USBUART_1_cdc.o)
 .debug_loc     0x00005c91      0x171 .\CortexM3\ARM_GCC_493\Debug\CY8CKIT-059_USBUART.a(USBUART_1_drv.o)
 .debug_loc     0x00005e02       0x26 .\CortexM3\ARM_GCC_493\Debug\CY8CKIT-059_USBUART.a(USBUART_1_pm.o)
 .debug_loc     0x00005e28      0x93f .\CortexM3\ARM_GCC_493\Debug\CY8CKIT-059_USBUART.a(USBUART_1_std.o)
 .debug_loc     0x00006767       0x84 .\CortexM3\ARM_GCC_493\Debug\CY8CKIT-059_USBUART.a(USBUART_1_Dp.o)
 .debug_loc     0x000067eb      0x300 .\CortexM3\ARM_GCC_493\Debug\CY8CKIT-059_USBUART.a(CyFlash.o)
 .debug_loc     0x00006aeb      0x64d .\CortexM3\ARM_GCC_493\Debug\CY8CKIT-059_USBUART.a(CySpc.o)
 .debug_loc     0x00007138       0x47 .\CortexM3\ARM_GCC_493\Debug\CY8CKIT-059_USBUART.a(USBUART_1_cls.o)

.debug_macinfo
 *(.debug_macinfo)

.debug_ranges   0x00000000      0xd40
 *(.debug_ranges)
 .debug_ranges  0x00000000       0x70 .\CortexM3\ARM_GCC_493\Debug\event_groups.o
 .debug_ranges  0x00000070       0x30 .\CortexM3\ARM_GCC_493\Debug\list.o
 .debug_ranges  0x000000a0       0x78 .\CortexM3\ARM_GCC_493\Debug\port.o
 .debug_ranges  0x00000118       0xd0 .\CortexM3\ARM_GCC_493\Debug\queue.o
 .debug_ranges  0x000001e8      0x1c8 .\CortexM3\ARM_GCC_493\Debug\tasks.o
 .debug_ranges  0x000003b0       0x30 .\CortexM3\ARM_GCC_493\Debug\heap_2.o
 .debug_ranges  0x000003e0       0x20 .\CortexM3\ARM_GCC_493\Debug\com.o
 .debug_ranges  0x00000400       0xb0 .\CortexM3\ARM_GCC_493\Debug\fixedpoint.o
 .debug_ranges  0x000004b0       0x70 .\CortexM3\ARM_GCC_493\Debug\utility.o
 .debug_ranges  0x00000520       0x38 .\CortexM3\ARM_GCC_493\Debug\main.o
 .debug_ranges  0x00000558       0x38 .\CortexM3\ARM_GCC_493\Debug\Cm3Start.o
 .debug_ranges  0x00000590       0x48 .\CortexM3\ARM_GCC_493\Debug\CY8CKIT-059_USBUART.a(cyfitter_cfg.o)
 .debug_ranges  0x000005d8       0x28 .\CortexM3\ARM_GCC_493\Debug\CY8CKIT-059_USBUART.a(LED.o)
 .debug_ranges  0x00000600      0x288 .\CortexM3\ARM_GCC_493\Debug\CY8CKIT-059_USBUART.a(CyLib.o)
 .debug_ranges  0x00000888       0x88 .\CortexM3\ARM_GCC_493\Debug\CY8CKIT-059_USBUART.a(cyPm.o)
 .debug_ranges  0x00000910       0xd0 .\CortexM3\ARM_GCC_493\Debug\CY8CKIT-059_USBUART.a(USBUART_1.o)
 .debug_ranges  0x000009e0       0xd8 .\CortexM3\ARM_GCC_493\Debug\CY8CKIT-059_USBUART.a(USBUART_1_cdc.o)
 .debug_ranges  0x00000ab8       0x88 .\CortexM3\ARM_GCC_493\Debug\CY8CKIT-059_USBUART.a(USBUART_1_drv.o)
 .debug_ranges  0x00000b40       0x30 .\CortexM3\ARM_GCC_493\Debug\CY8CKIT-059_USBUART.a(USBUART_1_episr.o)
 .debug_ranges  0x00000b70       0x30 .\CortexM3\ARM_GCC_493\Debug\CY8CKIT-059_USBUART.a(USBUART_1_pm.o)
 .debug_ranges  0x00000ba0       0x70 .\CortexM3\ARM_GCC_493\Debug\CY8CKIT-059_USBUART.a(USBUART_1_std.o)
 .debug_ranges  0x00000c10       0x10 .\CortexM3\ARM_GCC_493\Debug\CY8CKIT-059_USBUART.a(USBUART_1_vnd.o)
 .debug_ranges  0x00000c20       0x38 .\CortexM3\ARM_GCC_493\Debug\CY8CKIT-059_USBUART.a(USBUART_1_Dp.o)
 .debug_ranges  0x00000c58       0x70 .\CortexM3\ARM_GCC_493\Debug\CY8CKIT-059_USBUART.a(CyFlash.o)
 .debug_ranges  0x00000cc8       0x68 .\CortexM3\ARM_GCC_493\Debug\CY8CKIT-059_USBUART.a(CySpc.o)
 .debug_ranges  0x00000d30       0x10 .\CortexM3\ARM_GCC_493\Debug\CY8CKIT-059_USBUART.a(USBUART_1_cls.o)

.comment        0x00000000       0x70
 .comment       0x00000000       0x70 .\CortexM3\ARM_GCC_493\Debug\croutine.o
                                 0x71 (size before relaxing)
 .comment       0x00000000       0x71 .\CortexM3\ARM_GCC_493\Debug\event_groups.o
 .comment       0x00000000       0x71 .\CortexM3\ARM_GCC_493\Debug\list.o
 .comment       0x00000000       0x71 .\CortexM3\ARM_GCC_493\Debug\port.o
 .comment       0x00000000       0x71 .\CortexM3\ARM_GCC_493\Debug\queue.o
 .comment       0x00000000       0x71 .\CortexM3\ARM_GCC_493\Debug\tasks.o
 .comment       0x00000000       0x71 .\CortexM3\ARM_GCC_493\Debug\timers.o
 .comment       0x00000000       0x71 .\CortexM3\ARM_GCC_493\Debug\heap_2.o
 .comment       0x00000000       0x71 .\CortexM3\ARM_GCC_493\Debug\com.o
 .comment       0x00000000       0x71 .\CortexM3\ARM_GCC_493\Debug\fixedpoint.o
 .comment       0x00000000       0x71 .\CortexM3\ARM_GCC_493\Debug\utility.o
 .comment       0x00000000       0x71 .\CortexM3\ARM_GCC_493\Debug\main.o
 .comment       0x00000000       0x71 .\CortexM3\ARM_GCC_493\Debug\cymetadata.o
 .comment       0x00000000       0x71 .\CortexM3\ARM_GCC_493\Debug\Cm3Start.o
 .comment       0x00000000       0x71 .\CortexM3\ARM_GCC_493\Debug\CY8CKIT-059_USBUART.a(cyfitter_cfg.o)
 .comment       0x00000000       0x71 .\CortexM3\ARM_GCC_493\Debug\CY8CKIT-059_USBUART.a(LED.o)
 .comment       0x00000000       0x71 .\CortexM3\ARM_GCC_493\Debug\CY8CKIT-059_USBUART.a(CyLib.o)
 .comment       0x00000000       0x71 .\CortexM3\ARM_GCC_493\Debug\CY8CKIT-059_USBUART.a(cyPm.o)
 .comment       0x00000000       0x71 .\CortexM3\ARM_GCC_493\Debug\CY8CKIT-059_USBUART.a(USBUART_1.o)
 .comment       0x00000000       0x71 .\CortexM3\ARM_GCC_493\Debug\CY8CKIT-059_USBUART.a(USBUART_1_cdc.o)
 .comment       0x00000000       0x71 .\CortexM3\ARM_GCC_493\Debug\CY8CKIT-059_USBUART.a(USBUART_1_drv.o)
 .comment       0x00000000       0x71 .\CortexM3\ARM_GCC_493\Debug\CY8CKIT-059_USBUART.a(USBUART_1_episr.o)
 .comment       0x00000000       0x71 .\CortexM3\ARM_GCC_493\Debug\CY8CKIT-059_USBUART.a(USBUART_1_pm.o)
 .comment       0x00000000       0x71 .\CortexM3\ARM_GCC_493\Debug\CY8CKIT-059_USBUART.a(USBUART_1_std.o)
 .comment       0x00000000       0x71 .\CortexM3\ARM_GCC_493\Debug\CY8CKIT-059_USBUART.a(USBUART_1_vnd.o)
 .comment       0x00000000       0x71 .\CortexM3\ARM_GCC_493\Debug\CY8CKIT-059_USBUART.a(USBUART_1_Dp.o)
 .comment       0x00000000       0x71 .\CortexM3\ARM_GCC_493\Debug\CY8CKIT-059_USBUART.a(CyFlash.o)
 .comment       0x00000000       0x71 .\CortexM3\ARM_GCC_493\Debug\CY8CKIT-059_USBUART.a(CySpc.o)
 .comment       0x00000000       0x71 .\CortexM3\ARM_GCC_493\Debug\CY8CKIT-059_USBUART.a(USBUART_1_cls.o)
 .comment       0x00000000       0x71 .\CortexM3\ARM_GCC_493\Debug\CY8CKIT-059_USBUART.a(USBUART_1_descr.o)

.debug_weaknames
 *(.debug_weaknames)

.debug_funcnames
 *(.debug_funcnames)

.debug_typenames
 *(.debug_typenames)

.debug_varnames
 *(.debug_varnames)

.note.gnu.arm.ident
 *(.note.gnu.arm.ident)

.ARM.attributes
                0x00000000       0x29
 *(.ARM.attributes)
 .ARM.attributes
                0x00000000       0x1d c:/program files (x86)/cypress/psoc creator/3.3/psoc creator/import/gnu/arm/4.9.3/bin/../lib/gcc/arm-none-eabi/4.9.3/armv7-m/crti.o
 .ARM.attributes
                0x0000001d       0x2d c:/program files (x86)/cypress/psoc creator/3.3/psoc creator/import/gnu/arm/4.9.3/bin/../lib/gcc/arm-none-eabi/4.9.3/armv7-m/crtbegin.o
 .ARM.attributes
                0x0000004a       0x1b c:/program files (x86)/cypress/psoc creator/3.3/psoc creator/import/gnu/arm/4.9.3/bin/../lib/gcc/arm-none-eabi/4.9.3/../../../../arm-none-eabi/lib/armv7-m/crt0.o
 .ARM.attributes
                0x00000065       0x33 .\CortexM3\ARM_GCC_493\Debug\croutine.o
 .ARM.attributes
                0x00000098       0x33 .\CortexM3\ARM_GCC_493\Debug\event_groups.o
 .ARM.attributes
                0x000000cb       0x33 .\CortexM3\ARM_GCC_493\Debug\list.o
 .ARM.attributes
                0x000000fe       0x33 .\CortexM3\ARM_GCC_493\Debug\port.o
 .ARM.attributes
                0x00000131       0x33 .\CortexM3\ARM_GCC_493\Debug\queue.o
 .ARM.attributes
                0x00000164       0x33 .\CortexM3\ARM_GCC_493\Debug\tasks.o
 .ARM.attributes
                0x00000197       0x33 .\CortexM3\ARM_GCC_493\Debug\timers.o
 .ARM.attributes
                0x000001ca       0x33 .\CortexM3\ARM_GCC_493\Debug\heap_2.o
 .ARM.attributes
                0x000001fd       0x33 .\CortexM3\ARM_GCC_493\Debug\com.o
 .ARM.attributes
                0x00000230       0x33 .\CortexM3\ARM_GCC_493\Debug\fixedpoint.o
 .ARM.attributes
                0x00000263       0x33 .\CortexM3\ARM_GCC_493\Debug\utility.o
 .ARM.attributes
                0x00000296       0x33 .\CortexM3\ARM_GCC_493\Debug\main.o
 .ARM.attributes
                0x000002c9       0x33 .\CortexM3\ARM_GCC_493\Debug\cymetadata.o
 .ARM.attributes
                0x000002fc       0x33 .\CortexM3\ARM_GCC_493\Debug\Cm3Start.o
 .ARM.attributes
                0x0000032f       0x33 .\CortexM3\ARM_GCC_493\Debug\CY8CKIT-059_USBUART.a(cyfitter_cfg.o)
 .ARM.attributes
                0x00000362       0x33 .\CortexM3\ARM_GCC_493\Debug\CY8CKIT-059_USBUART.a(LED.o)
 .ARM.attributes
                0x00000395       0x21 .\CortexM3\ARM_GCC_493\Debug\CY8CKIT-059_USBUART.a(CyBootAsmGnu.o)
 .ARM.attributes
                0x000003b6       0x33 .\CortexM3\ARM_GCC_493\Debug\CY8CKIT-059_USBUART.a(CyLib.o)
 .ARM.attributes
                0x000003e9       0x33 .\CortexM3\ARM_GCC_493\Debug\CY8CKIT-059_USBUART.a(cyPm.o)
 .ARM.attributes
                0x0000041c       0x33 .\CortexM3\ARM_GCC_493\Debug\CY8CKIT-059_USBUART.a(USBUART_1.o)
 .ARM.attributes
                0x0000044f       0x33 .\CortexM3\ARM_GCC_493\Debug\CY8CKIT-059_USBUART.a(USBUART_1_cdc.o)
 .ARM.attributes
                0x00000482       0x33 .\CortexM3\ARM_GCC_493\Debug\CY8CKIT-059_USBUART.a(USBUART_1_drv.o)
 .ARM.attributes
                0x000004b5       0x33 .\CortexM3\ARM_GCC_493\Debug\CY8CKIT-059_USBUART.a(USBUART_1_episr.o)
 .ARM.attributes
                0x000004e8       0x33 .\CortexM3\ARM_GCC_493\Debug\CY8CKIT-059_USBUART.a(USBUART_1_pm.o)
 .ARM.attributes
                0x0000051b       0x33 .\CortexM3\ARM_GCC_493\Debug\CY8CKIT-059_USBUART.a(USBUART_1_std.o)
 .ARM.attributes
                0x0000054e       0x33 .\CortexM3\ARM_GCC_493\Debug\CY8CKIT-059_USBUART.a(USBUART_1_vnd.o)
 .ARM.attributes
                0x00000581       0x33 .\CortexM3\ARM_GCC_493\Debug\CY8CKIT-059_USBUART.a(USBUART_1_Dp.o)
 .ARM.attributes
                0x000005b4       0x33 .\CortexM3\ARM_GCC_493\Debug\CY8CKIT-059_USBUART.a(CyFlash.o)
 .ARM.attributes
                0x000005e7       0x33 .\CortexM3\ARM_GCC_493\Debug\CY8CKIT-059_USBUART.a(CySpc.o)
 .ARM.attributes
                0x0000061a       0x33 .\CortexM3\ARM_GCC_493\Debug\CY8CKIT-059_USBUART.a(USBUART_1_cls.o)
 .ARM.attributes
                0x0000064d       0x33 .\CortexM3\ARM_GCC_493\Debug\CY8CKIT-059_USBUART.a(USBUART_1_descr.o)
 .ARM.attributes
                0x00000680       0x2d c:/program files (x86)/cypress/psoc creator/3.3/psoc creator/import/gnu/arm/4.9.3/bin/../lib/gcc/arm-none-eabi/4.9.3/../../../../arm-none-eabi/lib/armv7-m\libm.a(lib_a-s_sin.o)
 .ARM.attributes
                0x000006ad       0x2d c:/program files (x86)/cypress/psoc creator/3.3/psoc creator/import/gnu/arm/4.9.3/bin/../lib/gcc/arm-none-eabi/4.9.3/../../../../arm-none-eabi/lib/armv7-m\libm.a(lib_a-e_rem_pio2.o)
 .ARM.attributes
                0x000006da       0x2d c:/program files (x86)/cypress/psoc creator/3.3/psoc creator/import/gnu/arm/4.9.3/bin/../lib/gcc/arm-none-eabi/4.9.3/../../../../arm-none-eabi/lib/armv7-m\libm.a(lib_a-k_cos.o)
 .ARM.attributes
                0x00000707       0x2d c:/program files (x86)/cypress/psoc creator/3.3/psoc creator/import/gnu/arm/4.9.3/bin/../lib/gcc/arm-none-eabi/4.9.3/../../../../arm-none-eabi/lib/armv7-m\libm.a(lib_a-k_rem_pio2.o)
 .ARM.attributes
                0x00000734       0x2d c:/program files (x86)/cypress/psoc creator/3.3/psoc creator/import/gnu/arm/4.9.3/bin/../lib/gcc/arm-none-eabi/4.9.3/../../../../arm-none-eabi/lib/armv7-m\libm.a(lib_a-k_sin.o)
 .ARM.attributes
                0x00000761       0x2d c:/program files (x86)/cypress/psoc creator/3.3/psoc creator/import/gnu/arm/4.9.3/bin/../lib/gcc/arm-none-eabi/4.9.3/../../../../arm-none-eabi/lib/armv7-m\libm.a(lib_a-s_fabs.o)
 .ARM.attributes
                0x0000078e       0x2d c:/program files (x86)/cypress/psoc creator/3.3/psoc creator/import/gnu/arm/4.9.3/bin/../lib/gcc/arm-none-eabi/4.9.3/../../../../arm-none-eabi/lib/armv7-m\libm.a(lib_a-s_floor.o)
 .ARM.attributes
                0x000007bb       0x2d c:/program files (x86)/cypress/psoc creator/3.3/psoc creator/import/gnu/arm/4.9.3/bin/../lib/gcc/arm-none-eabi/4.9.3/../../../../arm-none-eabi/lib/armv7-m\libm.a(lib_a-s_scalbn.o)
 .ARM.attributes
                0x000007e8       0x2d c:/program files (x86)/cypress/psoc creator/3.3/psoc creator/import/gnu/arm/4.9.3/bin/../lib/gcc/arm-none-eabi/4.9.3/../../../../arm-none-eabi/lib/armv7-m\libm.a(lib_a-s_copysign.o)
 .ARM.attributes
                0x00000815       0x1d c:/program files (x86)/cypress/psoc creator/3.3/psoc creator/import/gnu/arm/4.9.3/bin/../lib/gcc/arm-none-eabi/4.9.3/armv7-m\libgcc.a(_arm_addsubdf3.o)
 .ARM.attributes
                0x00000832       0x1d c:/program files (x86)/cypress/psoc creator/3.3/psoc creator/import/gnu/arm/4.9.3/bin/../lib/gcc/arm-none-eabi/4.9.3/armv7-m\libgcc.a(_arm_muldivdf3.o)
 .ARM.attributes
                0x0000084f       0x1d c:/program files (x86)/cypress/psoc creator/3.3/psoc creator/import/gnu/arm/4.9.3/bin/../lib/gcc/arm-none-eabi/4.9.3/armv7-m\libgcc.a(_arm_cmpdf2.o)
 .ARM.attributes
                0x0000086c       0x1d c:/program files (x86)/cypress/psoc creator/3.3/psoc creator/import/gnu/arm/4.9.3/bin/../lib/gcc/arm-none-eabi/4.9.3/armv7-m\libgcc.a(_arm_fixdfsi.o)
 .ARM.attributes
                0x00000889       0x1d c:/program files (x86)/cypress/psoc creator/3.3/psoc creator/import/gnu/arm/4.9.3/bin/../lib/gcc/arm-none-eabi/4.9.3/armv7-m\libgcc.a(_aeabi_ldivmod.o)
 .ARM.attributes
                0x000008a6       0x2d c:/program files (x86)/cypress/psoc creator/3.3/psoc creator/import/gnu/arm/4.9.3/bin/../lib/gcc/arm-none-eabi/4.9.3/armv7-m\libgcc.a(bpabi.o)
 .ARM.attributes
                0x000008d3       0x1d c:/program files (x86)/cypress/psoc creator/3.3/psoc creator/import/gnu/arm/4.9.3/bin/../lib/gcc/arm-none-eabi/4.9.3/armv7-m\libgcc.a(_dvmd_tls.o)
 .ARM.attributes
                0x000008f0       0x2d c:/program files (x86)/cypress/psoc creator/3.3/psoc creator/import/gnu/arm/4.9.3/bin/../lib/gcc/arm-none-eabi/4.9.3/armv7-m\libgcc.a(_divdi3.o)
 .ARM.attributes
                0x0000091d       0x2d c:/program files (x86)/cypress/psoc creator/3.3/psoc creator/import/gnu/arm/4.9.3/bin/../lib/gcc/arm-none-eabi/4.9.3/armv7-m\libgcc.a(_udivdi3.o)
 .ARM.attributes
                0x0000094a       0x2d c:/program files (x86)/cypress/psoc creator/3.3/psoc creator/import/gnu/arm/4.9.3/bin/../lib/gcc/arm-none-eabi/4.9.3/../../../../arm-none-eabi/lib/armv7-m\libg_nano.a(lib_a-errno.o)
 .ARM.attributes
                0x00000977       0x2d c:/program files (x86)/cypress/psoc creator/3.3/psoc creator/import/gnu/arm/4.9.3/bin/../lib/gcc/arm-none-eabi/4.9.3/../../../../arm-none-eabi/lib/armv7-m\libg_nano.a(lib_a-exit.o)
 .ARM.attributes
                0x000009a4       0x2d c:/program files (x86)/cypress/psoc creator/3.3/psoc creator/import/gnu/arm/4.9.3/bin/../lib/gcc/arm-none-eabi/4.9.3/../../../../arm-none-eabi/lib/armv7-m\libg_nano.a(lib_a-impure.o)
 .ARM.attributes
                0x000009d1       0x2d c:/program files (x86)/cypress/psoc creator/3.3/psoc creator/import/gnu/arm/4.9.3/bin/../lib/gcc/arm-none-eabi/4.9.3/../../../../arm-none-eabi/lib/armv7-m\libg_nano.a(lib_a-init.o)
 .ARM.attributes
                0x000009fe       0x2d c:/program files (x86)/cypress/psoc creator/3.3/psoc creator/import/gnu/arm/4.9.3/bin/../lib/gcc/arm-none-eabi/4.9.3/../../../../arm-none-eabi/lib/armv7-m\libg_nano.a(lib_a-memcpy.o)
 .ARM.attributes
                0x00000a2b       0x2d c:/program files (x86)/cypress/psoc creator/3.3/psoc creator/import/gnu/arm/4.9.3/bin/../lib/gcc/arm-none-eabi/4.9.3/../../../../arm-none-eabi/lib/armv7-m\libg_nano.a(lib_a-memset.o)
 .ARM.attributes
                0x00000a58       0x2d c:/program files (x86)/cypress/psoc creator/3.3/psoc creator/import/gnu/arm/4.9.3/bin/../lib/gcc/arm-none-eabi/4.9.3/../../../../arm-none-eabi/lib/armv7-m\libg_nano.a(lib_a-strtol.o)
 .ARM.attributes
                0x00000a85       0x2d c:/program files (x86)/cypress/psoc creator/3.3/psoc creator/import/gnu/arm/4.9.3/bin/../lib/gcc/arm-none-eabi/4.9.3/../../../../arm-none-eabi/lib/armv7-m\libg_nano.a(lib_a-ctype_.o)
 .ARM.attributes
                0x00000ab2       0x2d c:/program files (x86)/cypress/psoc creator/3.3/psoc creator/import/gnu/arm/4.9.3/bin/../lib/gcc/arm-none-eabi/4.9.3/armv7-m/crtend.o
 .ARM.attributes
                0x00000adf       0x1d c:/program files (x86)/cypress/psoc creator/3.3/psoc creator/import/gnu/arm/4.9.3/bin/../lib/gcc/arm-none-eabi/4.9.3/armv7-m/crtn.o

/DISCARD/
 *(.note.GNU-stack)
OUTPUT(.\CortexM3\ARM_GCC_493\Debug\CY8CKIT-059_USBUART.elf elf32-littlearm)