Archive member included because of file (symbol)

.\CortexM3\ARM_GCC_493\Debug\CY8CKIT-059_RTOS.a(cyfitter_cfg.o)
                              .\CortexM3\ARM_GCC_493\Debug\Cm3Start.o (cyfitter_cfg)
.\CortexM3\ARM_GCC_493\Debug\CY8CKIT-059_RTOS.a(LED.o)
                              .\CortexM3\ARM_GCC_493\Debug\main.o (LED_Write)
.\CortexM3\ARM_GCC_493\Debug\CY8CKIT-059_RTOS.a(CyBootAsmGnu.o)
                              .\CortexM3\ARM_GCC_493\Debug\CY8CKIT-059_RTOS.a(cyfitter_cfg.o) (CyDelayCycles)
.\CortexM3\ARM_GCC_493\Debug\CY8CKIT-059_RTOS.a(CyLib.o)
                              .\CortexM3\ARM_GCC_493\Debug\Cm3Start.o (CyHalt)
.\CortexM3\ARM_GCC_493\Debug\CY8CKIT-059_RTOS.a(cyPm.o)
                              .\CortexM3\ARM_GCC_493\Debug\CY8CKIT-059_RTOS.a(CyLib.o) (CyPmReadStatus)
.\CortexM3\ARM_GCC_493\Debug\CY8CKIT-059_RTOS.a(CyFlash.o)
                              .\CortexM3\ARM_GCC_493\Debug\CY8CKIT-059_RTOS.a(cyPm.o) (CyFlash_SetWaitCycles)
.\CortexM3\ARM_GCC_493\Debug\CY8CKIT-059_RTOS.a(CySpc.o)
                              .\CortexM3\ARM_GCC_493\Debug\CY8CKIT-059_RTOS.a(CyFlash.o) (CySpcStart)
c:/program files (x86)/cypress/psoc creator/3.3/psoc creator/import/gnu/arm/4.9.3/bin/../lib/gcc/arm-none-eabi/4.9.3/../../../../arm-none-eabi/lib/armv7-m\libg_nano.a(lib_a-errno.o)
                              .\CortexM3\ARM_GCC_493\Debug\Cm3Start.o (__errno)
c:/program files (x86)/cypress/psoc creator/3.3/psoc creator/import/gnu/arm/4.9.3/bin/../lib/gcc/arm-none-eabi/4.9.3/../../../../arm-none-eabi/lib/armv7-m\libg_nano.a(lib_a-exit.o)
                              c:/program files (x86)/cypress/psoc creator/3.3/psoc creator/import/gnu/arm/4.9.3/bin/../lib/gcc/arm-none-eabi/4.9.3/../../../../arm-none-eabi/lib/armv7-m/crt0.o (exit)
c:/program files (x86)/cypress/psoc creator/3.3/psoc creator/import/gnu/arm/4.9.3/bin/../lib/gcc/arm-none-eabi/4.9.3/../../../../arm-none-eabi/lib/armv7-m\libg_nano.a(lib_a-impure.o)
                              c:/program files (x86)/cypress/psoc creator/3.3/psoc creator/import/gnu/arm/4.9.3/bin/../lib/gcc/arm-none-eabi/4.9.3/../../../../arm-none-eabi/lib/armv7-m\libg_nano.a(lib_a-exit.o) (_global_impure_ptr)
c:/program files (x86)/cypress/psoc creator/3.3/psoc creator/import/gnu/arm/4.9.3/bin/../lib/gcc/arm-none-eabi/4.9.3/../../../../arm-none-eabi/lib/armv7-m\libg_nano.a(lib_a-init.o)
                              c:/program files (x86)/cypress/psoc creator/3.3/psoc creator/import/gnu/arm/4.9.3/bin/../lib/gcc/arm-none-eabi/4.9.3/../../../../arm-none-eabi/lib/armv7-m/crt0.o (__libc_init_array)
c:/program files (x86)/cypress/psoc creator/3.3/psoc creator/import/gnu/arm/4.9.3/bin/../lib/gcc/arm-none-eabi/4.9.3/../../../../arm-none-eabi/lib/armv7-m\libg_nano.a(lib_a-memcpy.o)
                              .\CortexM3\ARM_GCC_493\Debug\queue.o (memcpy)
c:/program files (x86)/cypress/psoc creator/3.3/psoc creator/import/gnu/arm/4.9.3/bin/../lib/gcc/arm-none-eabi/4.9.3/../../../../arm-none-eabi/lib/armv7-m\libg_nano.a(lib_a-memset.o)
                              c:/program files (x86)/cypress/psoc creator/3.3/psoc creator/import/gnu/arm/4.9.3/bin/../lib/gcc/arm-none-eabi/4.9.3/../../../../arm-none-eabi/lib/armv7-m/crt0.o (memset)

Allocating common symbols
Common symbol       size              file

xQueueRegistry      0x50              .\CortexM3\ARM_GCC_493\Debug\queue.o
dieTemperature      0x2               .\CortexM3\ARM_GCC_493\Debug\CY8CKIT-059_RTOS.a(CyFlash.o)

Discarded input sections

 .text          0x00000000        0x0 c:/program files (x86)/cypress/psoc creator/3.3/psoc creator/import/gnu/arm/4.9.3/bin/../lib/gcc/arm-none-eabi/4.9.3/armv7-m/crti.o
 .data          0x00000000        0x0 c:/program files (x86)/cypress/psoc creator/3.3/psoc creator/import/gnu/arm/4.9.3/bin/../lib/gcc/arm-none-eabi/4.9.3/armv7-m/crti.o
 .bss           0x00000000        0x0 c:/program files (x86)/cypress/psoc creator/3.3/psoc creator/import/gnu/arm/4.9.3/bin/../lib/gcc/arm-none-eabi/4.9.3/armv7-m/crti.o
 .data          0x00000000        0x4 c:/program files (x86)/cypress/psoc creator/3.3/psoc creator/import/gnu/arm/4.9.3/bin/../lib/gcc/arm-none-eabi/4.9.3/armv7-m/crtbegin.o
 .text          0x00000000       0x74 c:/program files (x86)/cypress/psoc creator/3.3/psoc creator/import/gnu/arm/4.9.3/bin/../lib/gcc/arm-none-eabi/4.9.3/../../../../arm-none-eabi/lib/armv7-m/crt0.o
 .data          0x00000000        0x0 c:/program files (x86)/cypress/psoc creator/3.3/psoc creator/import/gnu/arm/4.9.3/bin/../lib/gcc/arm-none-eabi/4.9.3/../../../../arm-none-eabi/lib/armv7-m/crt0.o
 .bss           0x00000000        0x0 c:/program files (x86)/cypress/psoc creator/3.3/psoc creator/import/gnu/arm/4.9.3/bin/../lib/gcc/arm-none-eabi/4.9.3/../../../../arm-none-eabi/lib/armv7-m/crt0.o
 .ARM.extab     0x00000000        0x0 c:/program files (x86)/cypress/psoc creator/3.3/psoc creator/import/gnu/arm/4.9.3/bin/../lib/gcc/arm-none-eabi/4.9.3/../../../../arm-none-eabi/lib/armv7-m/crt0.o
 .ARM.exidx     0x00000000        0x8 c:/program files (x86)/cypress/psoc creator/3.3/psoc creator/import/gnu/arm/4.9.3/bin/../lib/gcc/arm-none-eabi/4.9.3/../../../../arm-none-eabi/lib/armv7-m/crt0.o
 .text          0x00000000        0x0 .\CortexM3\ARM_GCC_493\Debug\croutine.o
 .data          0x00000000        0x0 .\CortexM3\ARM_GCC_493\Debug\croutine.o
 .bss           0x00000000        0x0 .\CortexM3\ARM_GCC_493\Debug\croutine.o
 .text          0x00000000        0x0 .\CortexM3\ARM_GCC_493\Debug\event_groups.o
 .data          0x00000000        0x0 .\CortexM3\ARM_GCC_493\Debug\event_groups.o
 .bss           0x00000000        0x0 .\CortexM3\ARM_GCC_493\Debug\event_groups.o
 .text.prvTestWaitCondition
                0x00000000       0x1c .\CortexM3\ARM_GCC_493\Debug\event_groups.o
 .text.xEventGroupCreate
                0x00000000       0x1c .\CortexM3\ARM_GCC_493\Debug\event_groups.o
 .text.xEventGroupWaitBits
                0x00000000       0xa0 .\CortexM3\ARM_GCC_493\Debug\event_groups.o
 .text.xEventGroupClearBits
                0x00000000       0x1c .\CortexM3\ARM_GCC_493\Debug\event_groups.o
 .text.xEventGroupGetBitsFromISR
                0x00000000       0x14 .\CortexM3\ARM_GCC_493\Debug\event_groups.o
 .text.xEventGroupSetBits
                0x00000000       0x70 .\CortexM3\ARM_GCC_493\Debug\event_groups.o
 .text.xEventGroupSync
                0x00000000       0x84 .\CortexM3\ARM_GCC_493\Debug\event_groups.o
 .text.vEventGroupDelete
                0x00000000       0x28 .\CortexM3\ARM_GCC_493\Debug\event_groups.o
 .text.vEventGroupSetBitsCallback
                0x00000000        0x8 .\CortexM3\ARM_GCC_493\Debug\event_groups.o
 .text.vEventGroupClearBitsCallback
                0x00000000        0x8 .\CortexM3\ARM_GCC_493\Debug\event_groups.o
 .text          0x00000000        0x0 .\CortexM3\ARM_GCC_493\Debug\list.o
 .data          0x00000000        0x0 .\CortexM3\ARM_GCC_493\Debug\list.o
 .bss           0x00000000        0x0 .\CortexM3\ARM_GCC_493\Debug\list.o
 .text          0x00000000        0x0 .\CortexM3\ARM_GCC_493\Debug\port.o
 .bss           0x00000000        0x0 .\CortexM3\ARM_GCC_493\Debug\port.o
 .text.vPortEndScheduler
                0x00000000        0x4 .\CortexM3\ARM_GCC_493\Debug\port.o
 .text          0x00000000        0x0 .\CortexM3\ARM_GCC_493\Debug\queue.o
 .data          0x00000000        0x0 .\CortexM3\ARM_GCC_493\Debug\queue.o
 .bss           0x00000000        0x0 .\CortexM3\ARM_GCC_493\Debug\queue.o
 .text.prvIsQueueFull
                0x00000000       0x20 .\CortexM3\ARM_GCC_493\Debug\queue.o
 .text.prvIsQueueEmpty
                0x00000000       0x1c .\CortexM3\ARM_GCC_493\Debug\queue.o
 .text.prvCopyDataToQueue
                0x00000000       0x7c .\CortexM3\ARM_GCC_493\Debug\queue.o
 .text.prvCopyDataFromQueue
                0x00000000       0x24 .\CortexM3\ARM_GCC_493\Debug\queue.o
 .text.prvUnlockQueue
                0x00000000       0x64 .\CortexM3\ARM_GCC_493\Debug\queue.o
 .text.xQueueGenericReset
                0x00000000       0x5c .\CortexM3\ARM_GCC_493\Debug\queue.o
 .text.xQueueGenericCreate
                0x00000000       0x38 .\CortexM3\ARM_GCC_493\Debug\queue.o
 .text.xQueueCreateCountingSemaphore
                0x00000000       0x18 .\CortexM3\ARM_GCC_493\Debug\queue.o
 .text.xQueueGenericSend
                0x00000000       0xd8 .\CortexM3\ARM_GCC_493\Debug\queue.o
 .text.xQueueCreateMutex
                0x00000000       0x44 .\CortexM3\ARM_GCC_493\Debug\queue.o
 .text.xQueueGiveMutexRecursive
                0x00000000       0x30 .\CortexM3\ARM_GCC_493\Debug\queue.o
 .text.xQueueGenericSendFromISR
                0x00000000       0x70 .\CortexM3\ARM_GCC_493\Debug\queue.o
 .text.xQueueGiveFromISR
                0x00000000       0x5c .\CortexM3\ARM_GCC_493\Debug\queue.o
 .text.xQueueGenericReceive
                0x00000000      0x100 .\CortexM3\ARM_GCC_493\Debug\queue.o
 .text.xQueueTakeMutexRecursive
                0x00000000       0x34 .\CortexM3\ARM_GCC_493\Debug\queue.o
 .text.xQueueReceiveFromISR
                0x00000000       0x60 .\CortexM3\ARM_GCC_493\Debug\queue.o
 .text.xQueuePeekFromISR
                0x00000000       0x2c .\CortexM3\ARM_GCC_493\Debug\queue.o
 .text.uxQueueMessagesWaiting
                0x00000000       0x14 .\CortexM3\ARM_GCC_493\Debug\queue.o
 .text.uxQueueSpacesAvailable
                0x00000000       0x18 .\CortexM3\ARM_GCC_493\Debug\queue.o
 .text.uxQueueMessagesWaitingFromISR
                0x00000000        0x4 .\CortexM3\ARM_GCC_493\Debug\queue.o
 .text.xQueueIsQueueEmptyFromISR
                0x00000000        0xc .\CortexM3\ARM_GCC_493\Debug\queue.o
 .text.xQueueIsQueueFullFromISR
                0x00000000       0x10 .\CortexM3\ARM_GCC_493\Debug\queue.o
 .text.vQueueAddToRegistry
                0x00000000       0x28 .\CortexM3\ARM_GCC_493\Debug\queue.o
 .text.vQueueUnregisterQueue
                0x00000000       0x28 .\CortexM3\ARM_GCC_493\Debug\queue.o
 .text.vQueueDelete
                0x00000000       0x10 .\CortexM3\ARM_GCC_493\Debug\queue.o
 COMMON         0x00000000       0x50 .\CortexM3\ARM_GCC_493\Debug\queue.o
 .text          0x00000000        0x0 .\CortexM3\ARM_GCC_493\Debug\tasks.o
 .data          0x00000000        0x0 .\CortexM3\ARM_GCC_493\Debug\tasks.o
 .text.prvTaskIsTaskSuspended
                0x00000000       0x38 .\CortexM3\ARM_GCC_493\Debug\tasks.o
 .text.prvTaskCheckFreeStackSpace
                0x00000000       0x14 .\CortexM3\ARM_GCC_493\Debug\tasks.o
 .text.vTaskDelete
                0x00000000       0x90 .\CortexM3\ARM_GCC_493\Debug\tasks.o
 .text.eTaskGetState
                0x00000000       0x60 .\CortexM3\ARM_GCC_493\Debug\tasks.o
 .text.uxTaskPriorityGet
                0x00000000       0x20 .\CortexM3\ARM_GCC_493\Debug\tasks.o
 .text.uxTaskPriorityGetFromISR
                0x00000000       0x20 .\CortexM3\ARM_GCC_493\Debug\tasks.o
 .text.vTaskPrioritySet
                0x00000000       0xd4 .\CortexM3\ARM_GCC_493\Debug\tasks.o
 .text.vTaskResume
                0x00000000       0x68 .\CortexM3\ARM_GCC_493\Debug\tasks.o
 .text.xTaskResumeFromISR
                0x00000000       0x80 .\CortexM3\ARM_GCC_493\Debug\tasks.o
 .text.vTaskEndScheduler
                0x00000000       0x18 .\CortexM3\ARM_GCC_493\Debug\tasks.o
 .text.xTaskGetTickCount
                0x00000000        0xc .\CortexM3\ARM_GCC_493\Debug\tasks.o
 .text.xTaskGetTickCountFromISR
                0x00000000        0xc .\CortexM3\ARM_GCC_493\Debug\tasks.o
 .text.uxTaskGetNumberOfTasks
                0x00000000        0xc .\CortexM3\ARM_GCC_493\Debug\tasks.o
 .text.vTaskDelayUntil
                0x00000000       0x80 .\CortexM3\ARM_GCC_493\Debug\tasks.o
 .text.vTaskSuspend
                0x00000000       0xa0 .\CortexM3\ARM_GCC_493\Debug\tasks.o
 .text.vTaskPlaceOnEventList
                0x00000000       0x58 .\CortexM3\ARM_GCC_493\Debug\tasks.o
 .text.vTaskPlaceOnUnorderedEventList
                0x00000000       0x64 .\CortexM3\ARM_GCC_493\Debug\tasks.o
 .text.xTaskRemoveFromEventList
                0x00000000       0x70 .\CortexM3\ARM_GCC_493\Debug\tasks.o
 .text.xTaskRemoveFromUnorderedEventList
                0x00000000       0x58 .\CortexM3\ARM_GCC_493\Debug\tasks.o
 .text.vTaskSetTimeOutState
                0x00000000       0x14 .\CortexM3\ARM_GCC_493\Debug\tasks.o
 .text.xTaskCheckForTimeOut
                0x00000000       0x58 .\CortexM3\ARM_GCC_493\Debug\tasks.o
 .text.vTaskMissedYield
                0x00000000       0x10 .\CortexM3\ARM_GCC_493\Debug\tasks.o
 .text.uxTaskGetStackHighWaterMark
                0x00000000       0x18 .\CortexM3\ARM_GCC_493\Debug\tasks.o
 .text.xTaskGetCurrentTaskHandle
                0x00000000        0xc .\CortexM3\ARM_GCC_493\Debug\tasks.o
 .text.vTaskPriorityInherit
                0x00000000       0xb0 .\CortexM3\ARM_GCC_493\Debug\tasks.o
 .text.xTaskPriorityDisinherit
                0x00000000       0x84 .\CortexM3\ARM_GCC_493\Debug\tasks.o
 .text.uxTaskResetEventItemValue
                0x00000000       0x20 .\CortexM3\ARM_GCC_493\Debug\tasks.o
 .text.pvTaskIncrementMutexHeldCount
                0x00000000       0x20 .\CortexM3\ARM_GCC_493\Debug\tasks.o
 .text.ulTaskNotifyTake
                0x00000000       0xb0 .\CortexM3\ARM_GCC_493\Debug\tasks.o
 .text.xTaskNotifyWait
                0x00000000       0xd4 .\CortexM3\ARM_GCC_493\Debug\tasks.o
 .text.xTaskGenericNotify
                0x00000000       0xa4 .\CortexM3\ARM_GCC_493\Debug\tasks.o
 .text.xTaskGenericNotifyFromISR
                0x00000000       0xd0 .\CortexM3\ARM_GCC_493\Debug\tasks.o
 .text.vTaskNotifyGiveFromISR
                0x00000000       0x84 .\CortexM3\ARM_GCC_493\Debug\tasks.o
 .text.xTaskNotifyStateClear
                0x00000000       0x34 .\CortexM3\ARM_GCC_493\Debug\tasks.o
 .text          0x00000000        0x0 .\CortexM3\ARM_GCC_493\Debug\timers.o
 .data          0x00000000        0x0 .\CortexM3\ARM_GCC_493\Debug\timers.o
 .bss           0x00000000        0x0 .\CortexM3\ARM_GCC_493\Debug\timers.o
 .text          0x00000000        0x0 .\CortexM3\ARM_GCC_493\Debug\heap_2.o
 .text.xPortGetFreeHeapSize
                0x00000000        0xc .\CortexM3\ARM_GCC_493\Debug\heap_2.o
 .text.vPortInitialiseBlocks
                0x00000000        0x4 .\CortexM3\ARM_GCC_493\Debug\heap_2.o
 .text          0x00000000        0x0 .\CortexM3\ARM_GCC_493\Debug\main.o
 .data          0x00000000        0x0 .\CortexM3\ARM_GCC_493\Debug\main.o
 .bss           0x00000000        0x0 .\CortexM3\ARM_GCC_493\Debug\main.o
 .text          0x00000000        0x0 .\CortexM3\ARM_GCC_493\Debug\cymetadata.o
 .data          0x00000000        0x0 .\CortexM3\ARM_GCC_493\Debug\cymetadata.o
 .bss           0x00000000        0x0 .\CortexM3\ARM_GCC_493\Debug\cymetadata.o
 .text          0x00000000        0x0 .\CortexM3\ARM_GCC_493\Debug\Cm3Start.o
 .data          0x00000000        0x4 .\CortexM3\ARM_GCC_493\Debug\Cm3Start.o
 .bss           0x00000000        0x0 .\CortexM3\ARM_GCC_493\Debug\Cm3Start.o
 .text._exit    0x00000000        0xc .\CortexM3\ARM_GCC_493\Debug\Cm3Start.o
 .text._sbrk    0x00000000       0x30 .\CortexM3\ARM_GCC_493\Debug\Cm3Start.o
 .text          0x00000000        0x0 .\CortexM3\ARM_GCC_493\Debug\CY8CKIT-059_RTOS.a(cyfitter_cfg.o)
 .data          0x00000000        0x0 .\CortexM3\ARM_GCC_493\Debug\CY8CKIT-059_RTOS.a(cyfitter_cfg.o)
 .bss           0x00000000        0x0 .\CortexM3\ARM_GCC_493\Debug\CY8CKIT-059_RTOS.a(cyfitter_cfg.o)
 .text.SetAnalogRoutingPumps
                0x00000000       0x10 .\CortexM3\ARM_GCC_493\Debug\CY8CKIT-059_RTOS.a(cyfitter_cfg.o)
 .text          0x00000000        0x0 .\CortexM3\ARM_GCC_493\Debug\CY8CKIT-059_RTOS.a(LED.o)
 .data          0x00000000        0x0 .\CortexM3\ARM_GCC_493\Debug\CY8CKIT-059_RTOS.a(LED.o)
 .bss           0x00000000        0x0 .\CortexM3\ARM_GCC_493\Debug\CY8CKIT-059_RTOS.a(LED.o)
 .text.LED_SetDriveMode
                0x00000000       0x18 .\CortexM3\ARM_GCC_493\Debug\CY8CKIT-059_RTOS.a(LED.o)
 .text.LED_ReadDataReg
                0x00000000       0x10 .\CortexM3\ARM_GCC_493\Debug\CY8CKIT-059_RTOS.a(LED.o)
 .data          0x00000000        0x0 .\CortexM3\ARM_GCC_493\Debug\CY8CKIT-059_RTOS.a(CyBootAsmGnu.o)
 .bss           0x00000000        0x0 .\CortexM3\ARM_GCC_493\Debug\CY8CKIT-059_RTOS.a(CyBootAsmGnu.o)
 .text          0x00000000        0x0 .\CortexM3\ARM_GCC_493\Debug\CY8CKIT-059_RTOS.a(CyLib.o)
 .data          0x00000000       0x10 .\CortexM3\ARM_GCC_493\Debug\CY8CKIT-059_RTOS.a(CyLib.o)
 .bss           0x00000000       0x1c .\CortexM3\ARM_GCC_493\Debug\CY8CKIT-059_RTOS.a(CyLib.o)
 .text.CyUSB_PowerOnCheck
                0x00000000       0x48 .\CortexM3\ARM_GCC_493\Debug\CY8CKIT-059_RTOS.a(CyLib.o)
 .text.CyBusClk_Internal_SetDivider
                0x00000000       0x48 .\CortexM3\ARM_GCC_493\Debug\CY8CKIT-059_RTOS.a(CyLib.o)
 .text.CyPLL_OUT_Stop
                0x00000000       0x10 .\CortexM3\ARM_GCC_493\Debug\CY8CKIT-059_RTOS.a(CyLib.o)
 .text.CyIMO_Stop
                0x00000000       0x1c .\CortexM3\ARM_GCC_493\Debug\CY8CKIT-059_RTOS.a(CyLib.o)
 .text.CyIMO_EnableDoubler
                0x00000000       0x10 .\CortexM3\ARM_GCC_493\Debug\CY8CKIT-059_RTOS.a(CyLib.o)
 .text.CyIMO_DisableDoubler
                0x00000000       0x10 .\CortexM3\ARM_GCC_493\Debug\CY8CKIT-059_RTOS.a(CyLib.o)
 .text.CyMasterClk_SetSource
                0x00000000       0x18 .\CortexM3\ARM_GCC_493\Debug\CY8CKIT-059_RTOS.a(CyLib.o)
 .text.CyMasterClk_SetDivider
                0x00000000        0xc .\CortexM3\ARM_GCC_493\Debug\CY8CKIT-059_RTOS.a(CyLib.o)
 .text.CyBusClk_SetDivider
                0x00000000       0x70 .\CortexM3\ARM_GCC_493\Debug\CY8CKIT-059_RTOS.a(CyLib.o)
 .text.CyUsbClk_SetSource
                0x00000000       0x18 .\CortexM3\ARM_GCC_493\Debug\CY8CKIT-059_RTOS.a(CyLib.o)
 .text.CyILO_Start1K
                0x00000000       0x10 .\CortexM3\ARM_GCC_493\Debug\CY8CKIT-059_RTOS.a(CyLib.o)
 .text.CyILO_Stop1K
                0x00000000       0x10 .\CortexM3\ARM_GCC_493\Debug\CY8CKIT-059_RTOS.a(CyLib.o)
 .text.CyILO_Start100K
                0x00000000       0x10 .\CortexM3\ARM_GCC_493\Debug\CY8CKIT-059_RTOS.a(CyLib.o)
 .text.CyILO_Stop100K
                0x00000000       0x10 .\CortexM3\ARM_GCC_493\Debug\CY8CKIT-059_RTOS.a(CyLib.o)
 .text.CyPLL_OUT_Start
                0x00000000       0x78 .\CortexM3\ARM_GCC_493\Debug\CY8CKIT-059_RTOS.a(CyLib.o)
 .text.CyIMO_Start
                0x00000000       0x60 .\CortexM3\ARM_GCC_493\Debug\CY8CKIT-059_RTOS.a(CyLib.o)
 .text.CyILO_Enable33K
                0x00000000       0x10 .\CortexM3\ARM_GCC_493\Debug\CY8CKIT-059_RTOS.a(CyLib.o)
 .text.CyILO_Disable33K
                0x00000000       0x10 .\CortexM3\ARM_GCC_493\Debug\CY8CKIT-059_RTOS.a(CyLib.o)
 .text.CyILO_SetSource
                0x00000000       0x18 .\CortexM3\ARM_GCC_493\Debug\CY8CKIT-059_RTOS.a(CyLib.o)
 .text.CyILO_SetPowerMode
                0x00000000       0x24 .\CortexM3\ARM_GCC_493\Debug\CY8CKIT-059_RTOS.a(CyLib.o)
 .text.CyXTAL_32KHZ_Stop
                0x00000000       0x30 .\CortexM3\ARM_GCC_493\Debug\CY8CKIT-059_RTOS.a(CyLib.o)
 .text.CyXTAL_32KHZ_ReadStatus
                0x00000000       0x10 .\CortexM3\ARM_GCC_493\Debug\CY8CKIT-059_RTOS.a(CyLib.o)
 .text.CyXTAL_Start
                0x00000000       0xac .\CortexM3\ARM_GCC_493\Debug\CY8CKIT-059_RTOS.a(CyLib.o)
 .text.CyXTAL_Stop
                0x00000000       0x10 .\CortexM3\ARM_GCC_493\Debug\CY8CKIT-059_RTOS.a(CyLib.o)
 .text.CyXTAL_EnableErrStatus
                0x00000000       0x10 .\CortexM3\ARM_GCC_493\Debug\CY8CKIT-059_RTOS.a(CyLib.o)
 .text.CyXTAL_DisableErrStatus
                0x00000000       0x10 .\CortexM3\ARM_GCC_493\Debug\CY8CKIT-059_RTOS.a(CyLib.o)
 .text.CyXTAL_ReadStatus
                0x00000000       0x18 .\CortexM3\ARM_GCC_493\Debug\CY8CKIT-059_RTOS.a(CyLib.o)
 .text.CyXTAL_EnableFaultRecovery
                0x00000000       0x10 .\CortexM3\ARM_GCC_493\Debug\CY8CKIT-059_RTOS.a(CyLib.o)
 .text.CyXTAL_DisableFaultRecovery
                0x00000000       0x10 .\CortexM3\ARM_GCC_493\Debug\CY8CKIT-059_RTOS.a(CyLib.o)
 .text.CyXTAL_SetStartup
                0x00000000       0x18 .\CortexM3\ARM_GCC_493\Debug\CY8CKIT-059_RTOS.a(CyLib.o)
 .text.CyXTAL_SetFbVoltage
                0x00000000       0x18 .\CortexM3\ARM_GCC_493\Debug\CY8CKIT-059_RTOS.a(CyLib.o)
 .text.CyXTAL_SetWdVoltage
                0x00000000       0x18 .\CortexM3\ARM_GCC_493\Debug\CY8CKIT-059_RTOS.a(CyLib.o)
 .text.CyHalt   0x00000000        0x4 .\CortexM3\ARM_GCC_493\Debug\CY8CKIT-059_RTOS.a(CyLib.o)
 .text.CyPLL_OUT_SetPQ
                0x00000000       0x60 .\CortexM3\ARM_GCC_493\Debug\CY8CKIT-059_RTOS.a(CyLib.o)
 .text.CyPLL_OUT_SetSource
                0x00000000       0x34 .\CortexM3\ARM_GCC_493\Debug\CY8CKIT-059_RTOS.a(CyLib.o)
 .text.CyIMO_SetTrimValue
                0x00000000       0xcc .\CortexM3\ARM_GCC_493\Debug\CY8CKIT-059_RTOS.a(CyLib.o)
 .text.CyIMO_SetFreq
                0x00000000       0xf4 .\CortexM3\ARM_GCC_493\Debug\CY8CKIT-059_RTOS.a(CyLib.o)
 .text.CyIMO_SetSource
                0x00000000       0x58 .\CortexM3\ARM_GCC_493\Debug\CY8CKIT-059_RTOS.a(CyLib.o)
 .text.CySoftwareReset
                0x00000000       0x10 .\CortexM3\ARM_GCC_493\Debug\CY8CKIT-059_RTOS.a(CyLib.o)
 .text.CyDelay  0x00000000       0x2c .\CortexM3\ARM_GCC_493\Debug\CY8CKIT-059_RTOS.a(CyLib.o)
 .text.CyDelayUs
                0x00000000       0x14 .\CortexM3\ARM_GCC_493\Debug\CY8CKIT-059_RTOS.a(CyLib.o)
 .text.CyXTAL_32KHZ_SetPowerMode
                0x00000000       0x84 .\CortexM3\ARM_GCC_493\Debug\CY8CKIT-059_RTOS.a(CyLib.o)
 .text.CyXTAL_32KHZ_Start
                0x00000000       0x70 .\CortexM3\ARM_GCC_493\Debug\CY8CKIT-059_RTOS.a(CyLib.o)
 .text.CyDelayFreq
                0x00000000       0x4c .\CortexM3\ARM_GCC_493\Debug\CY8CKIT-059_RTOS.a(CyLib.o)
 .text.CyWdtStart
                0x00000000       0x40 .\CortexM3\ARM_GCC_493\Debug\CY8CKIT-059_RTOS.a(CyLib.o)
 .text.CyWdtClear
                0x00000000        0xc .\CortexM3\ARM_GCC_493\Debug\CY8CKIT-059_RTOS.a(CyLib.o)
 .text.CyVdStickyStatus
                0x00000000       0x2c .\CortexM3\ARM_GCC_493\Debug\CY8CKIT-059_RTOS.a(CyLib.o)
 .text.CyVdLvDigitEnable
                0x00000000       0x84 .\CortexM3\ARM_GCC_493\Debug\CY8CKIT-059_RTOS.a(CyLib.o)
 .text.CyVdLvAnalogEnable
                0x00000000       0x80 .\CortexM3\ARM_GCC_493\Debug\CY8CKIT-059_RTOS.a(CyLib.o)
 .text.CyVdLvDigitDisable
                0x00000000       0x30 .\CortexM3\ARM_GCC_493\Debug\CY8CKIT-059_RTOS.a(CyLib.o)
 .text.CyVdLvAnalogDisable
                0x00000000       0x28 .\CortexM3\ARM_GCC_493\Debug\CY8CKIT-059_RTOS.a(CyLib.o)
 .text.CyVdHvAnalogEnable
                0x00000000       0x54 .\CortexM3\ARM_GCC_493\Debug\CY8CKIT-059_RTOS.a(CyLib.o)
 .text.CyVdHvAnalogDisable
                0x00000000       0x20 .\CortexM3\ARM_GCC_493\Debug\CY8CKIT-059_RTOS.a(CyLib.o)
 .text.CyVdRealTimeStatus
                0x00000000       0x1c .\CortexM3\ARM_GCC_493\Debug\CY8CKIT-059_RTOS.a(CyLib.o)
 .text.CyDisableInts
                0x00000000       0x1c .\CortexM3\ARM_GCC_493\Debug\CY8CKIT-059_RTOS.a(CyLib.o)
 .text.CyEnableInts
                0x00000000       0x18 .\CortexM3\ARM_GCC_493\Debug\CY8CKIT-059_RTOS.a(CyLib.o)
 .text.CyFlushCache
                0x00000000       0x44 .\CortexM3\ARM_GCC_493\Debug\CY8CKIT-059_RTOS.a(CyLib.o)
 .text.CyIntSetSysVector
                0x00000000       0x28 .\CortexM3\ARM_GCC_493\Debug\CY8CKIT-059_RTOS.a(CyLib.o)
 .text.CyIntGetSysVector
                0x00000000       0x20 .\CortexM3\ARM_GCC_493\Debug\CY8CKIT-059_RTOS.a(CyLib.o)
 .text.CyIntSetVector
                0x00000000       0x28 .\CortexM3\ARM_GCC_493\Debug\CY8CKIT-059_RTOS.a(CyLib.o)
 .text.CyIntGetVector
                0x00000000       0x24 .\CortexM3\ARM_GCC_493\Debug\CY8CKIT-059_RTOS.a(CyLib.o)
 .text.CyIntSetPriority
                0x00000000       0x30 .\CortexM3\ARM_GCC_493\Debug\CY8CKIT-059_RTOS.a(CyLib.o)
 .text.CyIntGetPriority
                0x00000000       0x20 .\CortexM3\ARM_GCC_493\Debug\CY8CKIT-059_RTOS.a(CyLib.o)
 .text.CyIntGetState
                0x00000000       0x24 .\CortexM3\ARM_GCC_493\Debug\CY8CKIT-059_RTOS.a(CyLib.o)
 .text.CySysTickStop
                0x00000000       0x10 .\CortexM3\ARM_GCC_493\Debug\CY8CKIT-059_RTOS.a(CyLib.o)
 .text.CySysTickEnableInterrupt
                0x00000000       0x10 .\CortexM3\ARM_GCC_493\Debug\CY8CKIT-059_RTOS.a(CyLib.o)
 .text.CySysTickEnable
                0x00000000       0x18 .\CortexM3\ARM_GCC_493\Debug\CY8CKIT-059_RTOS.a(CyLib.o)
 .text.CySysTickDisableInterrupt
                0x00000000       0x10 .\CortexM3\ARM_GCC_493\Debug\CY8CKIT-059_RTOS.a(CyLib.o)
 .text.CySysTickSetReload
                0x00000000       0x10 .\CortexM3\ARM_GCC_493\Debug\CY8CKIT-059_RTOS.a(CyLib.o)
 .text.CySysTickGetReload
                0x00000000       0x10 .\CortexM3\ARM_GCC_493\Debug\CY8CKIT-059_RTOS.a(CyLib.o)
 .text.CySysTickGetValue
                0x00000000       0x10 .\CortexM3\ARM_GCC_493\Debug\CY8CKIT-059_RTOS.a(CyLib.o)
 .text.CySysTickSetClockSource
                0x00000000       0x20 .\CortexM3\ARM_GCC_493\Debug\CY8CKIT-059_RTOS.a(CyLib.o)
 .text.CySysTickGetCountFlag
                0x00000000       0x10 .\CortexM3\ARM_GCC_493\Debug\CY8CKIT-059_RTOS.a(CyLib.o)
 .text.CySysTickServiceCallbacks
                0x00000000       0x28 .\CortexM3\ARM_GCC_493\Debug\CY8CKIT-059_RTOS.a(CyLib.o)
 .text.CySysTickClear
                0x00000000        0xc .\CortexM3\ARM_GCC_493\Debug\CY8CKIT-059_RTOS.a(CyLib.o)
 .text.CySysTickInit
                0x00000000       0x58 .\CortexM3\ARM_GCC_493\Debug\CY8CKIT-059_RTOS.a(CyLib.o)
 .text.CySysTickStart
                0x00000000       0x1c .\CortexM3\ARM_GCC_493\Debug\CY8CKIT-059_RTOS.a(CyLib.o)
 .text.CySysTickSetCallback
                0x00000000       0x10 .\CortexM3\ARM_GCC_493\Debug\CY8CKIT-059_RTOS.a(CyLib.o)
 .text.CySysTickGetCallback
                0x00000000       0x10 .\CortexM3\ARM_GCC_493\Debug\CY8CKIT-059_RTOS.a(CyLib.o)
 .text.CyGetUniqueId
                0x00000000       0x70 .\CortexM3\ARM_GCC_493\Debug\CY8CKIT-059_RTOS.a(CyLib.o)
 .text          0x00000000        0x0 .\CortexM3\ARM_GCC_493\Debug\CY8CKIT-059_RTOS.a(cyPm.o)
 .data          0x00000000        0x0 .\CortexM3\ARM_GCC_493\Debug\CY8CKIT-059_RTOS.a(cyPm.o)
 .bss           0x00000000       0x44 .\CortexM3\ARM_GCC_493\Debug\CY8CKIT-059_RTOS.a(cyPm.o)
 .text.CyPmHibSlpSaveSet
                0x00000000      0x1dc .\CortexM3\ARM_GCC_493\Debug\CY8CKIT-059_RTOS.a(cyPm.o)
 .text.CyPmHibSlpRestore
                0x00000000       0xd4 .\CortexM3\ARM_GCC_493\Debug\CY8CKIT-059_RTOS.a(cyPm.o)
 .text.CyPmHviLviSaveDisable
                0x00000000       0xa0 .\CortexM3\ARM_GCC_493\Debug\CY8CKIT-059_RTOS.a(cyPm.o)
 .text.CyPmHibSaveSet
                0x00000000       0x8c .\CortexM3\ARM_GCC_493\Debug\CY8CKIT-059_RTOS.a(cyPm.o)
 .text.CyPmHviLviRestore
                0x00000000       0x48 .\CortexM3\ARM_GCC_493\Debug\CY8CKIT-059_RTOS.a(cyPm.o)
 .text.CyPmHibRestore
                0x00000000       0x58 .\CortexM3\ARM_GCC_493\Debug\CY8CKIT-059_RTOS.a(cyPm.o)
 .text.CyPmSaveClocks
                0x00000000      0x218 .\CortexM3\ARM_GCC_493\Debug\CY8CKIT-059_RTOS.a(cyPm.o)
 .text.CyPmRestoreClocks
                0x00000000      0x24c .\CortexM3\ARM_GCC_493\Debug\CY8CKIT-059_RTOS.a(cyPm.o)
 .text.CyPmAltAct
                0x00000000       0x6c .\CortexM3\ARM_GCC_493\Debug\CY8CKIT-059_RTOS.a(cyPm.o)
 .text.CyPmSleep
                0x00000000       0xf4 .\CortexM3\ARM_GCC_493\Debug\CY8CKIT-059_RTOS.a(cyPm.o)
 .text.CyPmHibernateEx
                0x00000000       0xf4 .\CortexM3\ARM_GCC_493\Debug\CY8CKIT-059_RTOS.a(cyPm.o)
 .text.CyPmHibernate
                0x00000000        0xc .\CortexM3\ARM_GCC_493\Debug\CY8CKIT-059_RTOS.a(cyPm.o)
 .text.CyPmReadStatus
                0x00000000       0x30 .\CortexM3\ARM_GCC_493\Debug\CY8CKIT-059_RTOS.a(cyPm.o)
 .text.CyPmCtwSetInterval
                0x00000000       0x5c .\CortexM3\ARM_GCC_493\Debug\CY8CKIT-059_RTOS.a(cyPm.o)
 .text.CyPmOppsSet
                0x00000000       0x2c .\CortexM3\ARM_GCC_493\Debug\CY8CKIT-059_RTOS.a(cyPm.o)
 .text.CyPmFtwSetInterval
                0x00000000       0x5c .\CortexM3\ARM_GCC_493\Debug\CY8CKIT-059_RTOS.a(cyPm.o)
 .rodata        0x00000000       0x10 .\CortexM3\ARM_GCC_493\Debug\CY8CKIT-059_RTOS.a(cyPm.o)
 .text          0x00000000        0x0 .\CortexM3\ARM_GCC_493\Debug\CY8CKIT-059_RTOS.a(CyFlash.o)
 .data          0x00000000        0x0 .\CortexM3\ARM_GCC_493\Debug\CY8CKIT-059_RTOS.a(CyFlash.o)
 .bss           0x00000000        0x4 .\CortexM3\ARM_GCC_493\Debug\CY8CKIT-059_RTOS.a(CyFlash.o)
 .text.CyFlashGetSpcAlgorithm
                0x00000000       0x4c .\CortexM3\ARM_GCC_493\Debug\CY8CKIT-059_RTOS.a(CyFlash.o)
 .text.CySetTempInt
                0x00000000       0x60 .\CortexM3\ARM_GCC_493\Debug\CY8CKIT-059_RTOS.a(CyFlash.o)
 .text.CyFlash_Start
                0x00000000       0x54 .\CortexM3\ARM_GCC_493\Debug\CY8CKIT-059_RTOS.a(CyFlash.o)
 .text.CyFlash_Stop
                0x00000000       0x24 .\CortexM3\ARM_GCC_493\Debug\CY8CKIT-059_RTOS.a(CyFlash.o)
 .text.CySetTemp
                0x00000000       0x14 .\CortexM3\ARM_GCC_493\Debug\CY8CKIT-059_RTOS.a(CyFlash.o)
 .text.CySetFlashEEBuffer
                0x00000000       0x28 .\CortexM3\ARM_GCC_493\Debug\CY8CKIT-059_RTOS.a(CyFlash.o)
 .text.CyWriteRowFull
                0x00000000       0xf8 .\CortexM3\ARM_GCC_493\Debug\CY8CKIT-059_RTOS.a(CyFlash.o)
 .text.CyWriteRowData
                0x00000000       0x14 .\CortexM3\ARM_GCC_493\Debug\CY8CKIT-059_RTOS.a(CyFlash.o)
 .text.CyFlash_SetWaitCycles
                0x00000000       0x7c .\CortexM3\ARM_GCC_493\Debug\CY8CKIT-059_RTOS.a(CyFlash.o)
 .text.CyEEPROM_Start
                0x00000000       0x54 .\CortexM3\ARM_GCC_493\Debug\CY8CKIT-059_RTOS.a(CyFlash.o)
 .text.CyEEPROM_Stop
                0x00000000       0x24 .\CortexM3\ARM_GCC_493\Debug\CY8CKIT-059_RTOS.a(CyFlash.o)
 .text.CyEEPROM_ReadReserve
                0x00000000       0x1c .\CortexM3\ARM_GCC_493\Debug\CY8CKIT-059_RTOS.a(CyFlash.o)
 .text.CyEEPROM_ReadRelease
                0x00000000       0x10 .\CortexM3\ARM_GCC_493\Debug\CY8CKIT-059_RTOS.a(CyFlash.o)
 COMMON         0x00000000        0x2 .\CortexM3\ARM_GCC_493\Debug\CY8CKIT-059_RTOS.a(CyFlash.o)
 .text          0x00000000        0x0 .\CortexM3\ARM_GCC_493\Debug\CY8CKIT-059_RTOS.a(CySpc.o)
 .data          0x00000000        0x0 .\CortexM3\ARM_GCC_493\Debug\CY8CKIT-059_RTOS.a(CySpc.o)
 .bss           0x00000000        0x8 .\CortexM3\ARM_GCC_493\Debug\CY8CKIT-059_RTOS.a(CySpc.o)
 .text.CySpcStart
                0x00000000       0x24 .\CortexM3\ARM_GCC_493\Debug\CY8CKIT-059_RTOS.a(CySpc.o)
 .text.CySpcStop
                0x00000000       0x24 .\CortexM3\ARM_GCC_493\Debug\CY8CKIT-059_RTOS.a(CySpc.o)
 .text.CySpcReadData
                0x00000000       0x34 .\CortexM3\ARM_GCC_493\Debug\CY8CKIT-059_RTOS.a(CySpc.o)
 .text.CySpcLoadMultiByte
                0x00000000       0x78 .\CortexM3\ARM_GCC_493\Debug\CY8CKIT-059_RTOS.a(CySpc.o)
 .text.CySpcLoadRow
                0x00000000       0x54 .\CortexM3\ARM_GCC_493\Debug\CY8CKIT-059_RTOS.a(CySpc.o)
 .text.CySpcLoadRowFull
                0x00000000       0x80 .\CortexM3\ARM_GCC_493\Debug\CY8CKIT-059_RTOS.a(CySpc.o)
 .text.CySpcWriteRow
                0x00000000       0x4c .\CortexM3\ARM_GCC_493\Debug\CY8CKIT-059_RTOS.a(CySpc.o)
 .text.CySpcEraseSector
                0x00000000       0x3c .\CortexM3\ARM_GCC_493\Debug\CY8CKIT-059_RTOS.a(CySpc.o)
 .text.CySpcGetTemp
                0x00000000       0x3c .\CortexM3\ARM_GCC_493\Debug\CY8CKIT-059_RTOS.a(CySpc.o)
 .text.CySpcLock
                0x00000000       0x4c .\CortexM3\ARM_GCC_493\Debug\CY8CKIT-059_RTOS.a(CySpc.o)
 .text.CySpcUnlock
                0x00000000       0x38 .\CortexM3\ARM_GCC_493\Debug\CY8CKIT-059_RTOS.a(CySpc.o)
 .text.CySpcGetAlgorithm
                0x00000000       0x28 .\CortexM3\ARM_GCC_493\Debug\CY8CKIT-059_RTOS.a(CySpc.o)
 .text          0x00000000        0x0 c:/program files (x86)/cypress/psoc creator/3.3/psoc creator/import/gnu/arm/4.9.3/bin/../lib/gcc/arm-none-eabi/4.9.3/../../../../arm-none-eabi/lib/armv7-m\libg_nano.a(lib_a-errno.o)
 .data          0x00000000        0x0 c:/program files (x86)/cypress/psoc creator/3.3/psoc creator/import/gnu/arm/4.9.3/bin/../lib/gcc/arm-none-eabi/4.9.3/../../../../arm-none-eabi/lib/armv7-m\libg_nano.a(lib_a-errno.o)
 .bss           0x00000000        0x0 c:/program files (x86)/cypress/psoc creator/3.3/psoc creator/import/gnu/arm/4.9.3/bin/../lib/gcc/arm-none-eabi/4.9.3/../../../../arm-none-eabi/lib/armv7-m\libg_nano.a(lib_a-errno.o)
 .text.__errno  0x00000000        0xc c:/program files (x86)/cypress/psoc creator/3.3/psoc creator/import/gnu/arm/4.9.3/bin/../lib/gcc/arm-none-eabi/4.9.3/../../../../arm-none-eabi/lib/armv7-m\libg_nano.a(lib_a-errno.o)
 .text          0x00000000        0x0 c:/program files (x86)/cypress/psoc creator/3.3/psoc creator/import/gnu/arm/4.9.3/bin/../lib/gcc/arm-none-eabi/4.9.3/../../../../arm-none-eabi/lib/armv7-m\libg_nano.a(lib_a-exit.o)
 .data          0x00000000        0x0 c:/program files (x86)/cypress/psoc creator/3.3/psoc creator/import/gnu/arm/4.9.3/bin/../lib/gcc/arm-none-eabi/4.9.3/../../../../arm-none-eabi/lib/armv7-m\libg_nano.a(lib_a-exit.o)
 .bss           0x00000000        0x0 c:/program files (x86)/cypress/psoc creator/3.3/psoc creator/import/gnu/arm/4.9.3/bin/../lib/gcc/arm-none-eabi/4.9.3/../../../../arm-none-eabi/lib/armv7-m\libg_nano.a(lib_a-exit.o)
 .text.exit     0x00000000       0x28 c:/program files (x86)/cypress/psoc creator/3.3/psoc creator/import/gnu/arm/4.9.3/bin/../lib/gcc/arm-none-eabi/4.9.3/../../../../arm-none-eabi/lib/armv7-m\libg_nano.a(lib_a-exit.o)
 .text          0x00000000        0x0 c:/program files (x86)/cypress/psoc creator/3.3/psoc creator/import/gnu/arm/4.9.3/bin/../lib/gcc/arm-none-eabi/4.9.3/../../../../arm-none-eabi/lib/armv7-m\libg_nano.a(lib_a-impure.o)
 .data          0x00000000        0x0 c:/program files (x86)/cypress/psoc creator/3.3/psoc creator/import/gnu/arm/4.9.3/bin/../lib/gcc/arm-none-eabi/4.9.3/../../../../arm-none-eabi/lib/armv7-m\libg_nano.a(lib_a-impure.o)
 .bss           0x00000000        0x0 c:/program files (x86)/cypress/psoc creator/3.3/psoc creator/import/gnu/arm/4.9.3/bin/../lib/gcc/arm-none-eabi/4.9.3/../../../../arm-none-eabi/lib/armv7-m\libg_nano.a(lib_a-impure.o)
 .data.impure_data
                0x00000000       0x60 c:/program files (x86)/cypress/psoc creator/3.3/psoc creator/import/gnu/arm/4.9.3/bin/../lib/gcc/arm-none-eabi/4.9.3/../../../../arm-none-eabi/lib/armv7-m\libg_nano.a(lib_a-impure.o)
 .data._impure_ptr
                0x00000000        0x4 c:/program files (x86)/cypress/psoc creator/3.3/psoc creator/import/gnu/arm/4.9.3/bin/../lib/gcc/arm-none-eabi/4.9.3/../../../../arm-none-eabi/lib/armv7-m\libg_nano.a(lib_a-impure.o)
 .rodata.str1.1
                0x00000000        0x2 c:/program files (x86)/cypress/psoc creator/3.3/psoc creator/import/gnu/arm/4.9.3/bin/../lib/gcc/arm-none-eabi/4.9.3/../../../../arm-none-eabi/lib/armv7-m\libg_nano.a(lib_a-impure.o)
 .rodata._global_impure_ptr
                0x00000000        0x4 c:/program files (x86)/cypress/psoc creator/3.3/psoc creator/import/gnu/arm/4.9.3/bin/../lib/gcc/arm-none-eabi/4.9.3/../../../../arm-none-eabi/lib/armv7-m\libg_nano.a(lib_a-impure.o)
 .text          0x00000000        0x0 c:/program files (x86)/cypress/psoc creator/3.3/psoc creator/import/gnu/arm/4.9.3/bin/../lib/gcc/arm-none-eabi/4.9.3/../../../../arm-none-eabi/lib/armv7-m\libg_nano.a(lib_a-init.o)
 .data          0x00000000        0x0 c:/program files (x86)/cypress/psoc creator/3.3/psoc creator/import/gnu/arm/4.9.3/bin/../lib/gcc/arm-none-eabi/4.9.3/../../../../arm-none-eabi/lib/armv7-m\libg_nano.a(lib_a-init.o)
 .bss           0x00000000        0x0 c:/program files (x86)/cypress/psoc creator/3.3/psoc creator/import/gnu/arm/4.9.3/bin/../lib/gcc/arm-none-eabi/4.9.3/../../../../arm-none-eabi/lib/armv7-m\libg_nano.a(lib_a-init.o)
 .text          0x00000000        0x0 c:/program files (x86)/cypress/psoc creator/3.3/psoc creator/import/gnu/arm/4.9.3/bin/../lib/gcc/arm-none-eabi/4.9.3/../../../../arm-none-eabi/lib/armv7-m\libg_nano.a(lib_a-memcpy.o)
 .data          0x00000000        0x0 c:/program files (x86)/cypress/psoc creator/3.3/psoc creator/import/gnu/arm/4.9.3/bin/../lib/gcc/arm-none-eabi/4.9.3/../../../../arm-none-eabi/lib/armv7-m\libg_nano.a(lib_a-memcpy.o)
 .bss           0x00000000        0x0 c:/program files (x86)/cypress/psoc creator/3.3/psoc creator/import/gnu/arm/4.9.3/bin/../lib/gcc/arm-none-eabi/4.9.3/../../../../arm-none-eabi/lib/armv7-m\libg_nano.a(lib_a-memcpy.o)
 .text          0x00000000        0x0 c:/program files (x86)/cypress/psoc creator/3.3/psoc creator/import/gnu/arm/4.9.3/bin/../lib/gcc/arm-none-eabi/4.9.3/../../../../arm-none-eabi/lib/armv7-m\libg_nano.a(lib_a-memset.o)
 .data          0x00000000        0x0 c:/program files (x86)/cypress/psoc creator/3.3/psoc creator/import/gnu/arm/4.9.3/bin/../lib/gcc/arm-none-eabi/4.9.3/../../../../arm-none-eabi/lib/armv7-m\libg_nano.a(lib_a-memset.o)
 .bss           0x00000000        0x0 c:/program files (x86)/cypress/psoc creator/3.3/psoc creator/import/gnu/arm/4.9.3/bin/../lib/gcc/arm-none-eabi/4.9.3/../../../../arm-none-eabi/lib/armv7-m\libg_nano.a(lib_a-memset.o)
 .text          0x00000000        0x0 c:/program files (x86)/cypress/psoc creator/3.3/psoc creator/import/gnu/arm/4.9.3/bin/../lib/gcc/arm-none-eabi/4.9.3/armv7-m/crtend.o
 .data          0x00000000        0x0 c:/program files (x86)/cypress/psoc creator/3.3/psoc creator/import/gnu/arm/4.9.3/bin/../lib/gcc/arm-none-eabi/4.9.3/armv7-m/crtend.o
 .bss           0x00000000        0x0 c:/program files (x86)/cypress/psoc creator/3.3/psoc creator/import/gnu/arm/4.9.3/bin/../lib/gcc/arm-none-eabi/4.9.3/armv7-m/crtend.o
 .text          0x00000000        0x0 c:/program files (x86)/cypress/psoc creator/3.3/psoc creator/import/gnu/arm/4.9.3/bin/../lib/gcc/arm-none-eabi/4.9.3/armv7-m/crtn.o
 .data          0x00000000        0x0 c:/program files (x86)/cypress/psoc creator/3.3/psoc creator/import/gnu/arm/4.9.3/bin/../lib/gcc/arm-none-eabi/4.9.3/armv7-m/crtn.o
 .bss           0x00000000        0x0 c:/program files (x86)/cypress/psoc creator/3.3/psoc creator/import/gnu/arm/4.9.3/bin/../lib/gcc/arm-none-eabi/4.9.3/armv7-m/crtn.o

Memory Configuration

Name             Origin             Length             Attributes
rom              0x00000000         0x00040000         xr
ram              0x1fff8000         0x00010000         xrw
*default*        0x00000000         0xffffffff

Linker script and memory map

LOAD c:/program files (x86)/cypress/psoc creator/3.3/psoc creator/import/gnu/arm/4.9.3/bin/../lib/gcc/arm-none-eabi/4.9.3/armv7-m/crti.o
LOAD c:/program files (x86)/cypress/psoc creator/3.3/psoc creator/import/gnu/arm/4.9.3/bin/../lib/gcc/arm-none-eabi/4.9.3/armv7-m/crtbegin.o
LOAD c:/program files (x86)/cypress/psoc creator/3.3/psoc creator/import/gnu/arm/4.9.3/bin/../lib/gcc/arm-none-eabi/4.9.3/../../../../arm-none-eabi/lib/armv7-m/crt0.o
START GROUP
LOAD .\CortexM3\ARM_GCC_493\Debug\croutine.o
LOAD .\CortexM3\ARM_GCC_493\Debug\event_groups.o
LOAD .\CortexM3\ARM_GCC_493\Debug\list.o
LOAD .\CortexM3\ARM_GCC_493\Debug\port.o
LOAD .\CortexM3\ARM_GCC_493\Debug\queue.o
LOAD .\CortexM3\ARM_GCC_493\Debug\tasks.o
LOAD .\CortexM3\ARM_GCC_493\Debug\timers.o
LOAD .\CortexM3\ARM_GCC_493\Debug\heap_2.o
LOAD .\CortexM3\ARM_GCC_493\Debug\main.o
LOAD .\CortexM3\ARM_GCC_493\Debug\cymetadata.o
LOAD .\CortexM3\ARM_GCC_493\Debug\Cm3Start.o
LOAD .\CortexM3\ARM_GCC_493\Debug\CY8CKIT-059_RTOS.a
LOAD C:\Program Files (x86)\Cypress\PSoC Creator\3.3\PSoC Creator\psoc\content\cycomponentlibrary\CyComponentLibrary.cylib\CortexM3\ARM_GCC_493\Debug\CyComponentLibrary.a
END GROUP
START GROUP
LOAD c:/program files (x86)/cypress/psoc creator/3.3/psoc creator/import/gnu/arm/4.9.3/bin/../lib/gcc/arm-none-eabi/4.9.3/armv7-m\libgcc.a
LOAD c:/program files (x86)/cypress/psoc creator/3.3/psoc creator/import/gnu/arm/4.9.3/bin/../lib/gcc/arm-none-eabi/4.9.3/../../../../arm-none-eabi/lib/armv7-m\libg_nano.a
LOAD c:/program files (x86)/cypress/psoc creator/3.3/psoc creator/import/gnu/arm/4.9.3/bin/../lib/gcc/arm-none-eabi/4.9.3/../../../../arm-none-eabi/lib/armv7-m\libc_nano.a
END GROUP
START GROUP
LOAD c:/program files (x86)/cypress/psoc creator/3.3/psoc creator/import/gnu/arm/4.9.3/bin/../lib/gcc/arm-none-eabi/4.9.3/armv7-m\libgcc.a
LOAD c:/program files (x86)/cypress/psoc creator/3.3/psoc creator/import/gnu/arm/4.9.3/bin/../lib/gcc/arm-none-eabi/4.9.3/../../../../arm-none-eabi/lib/armv7-m\libc_nano.a
END GROUP
LOAD c:/program files (x86)/cypress/psoc creator/3.3/psoc creator/import/gnu/arm/4.9.3/bin/../lib/gcc/arm-none-eabi/4.9.3/armv7-m/crtend.o
LOAD c:/program files (x86)/cypress/psoc creator/3.3/psoc creator/import/gnu/arm/4.9.3/bin/../lib/gcc/arm-none-eabi/4.9.3/armv7-m/crtn.o
START GROUP
LOAD c:/program files (x86)/cypress/psoc creator/3.3/psoc creator/import/gnu/arm/4.9.3/bin/../lib/gcc/arm-none-eabi/4.9.3/armv7-m\libgcc.a
LOAD c:/program files (x86)/cypress/psoc creator/3.3/psoc creator/import/gnu/arm/4.9.3/bin/../lib/gcc/arm-none-eabi/4.9.3/../../../../arm-none-eabi/lib/armv7-m\libc.a
LOAD c:/program files (x86)/cypress/psoc creator/3.3/psoc creator/import/gnu/arm/4.9.3/bin/../lib/gcc/arm-none-eabi/4.9.3/../../../../arm-none-eabi/lib/armv7-m\libnosys.a
END GROUP
                0x00000000                CY_APPL_ORIGIN = 0x0
                0x00000100                CY_FLASH_ROW_SIZE = 0x100
                0x00000020                CY_ECC_ROW_SIZE = 0x20
                0x00000000                CY_EE_IN_BTLDR = 0x0
                0x00000000                CY_APPL_LOADABLE = 0x0
                0x00000800                CY_EE_SIZE = 0x800
                0x00000001                CY_APPL_NUM = 0x1
                0x00000001                CY_APPL_MAX = 0x1
                0x00000040                CY_METADATA_SIZE = 0x40
                0x00000000                CY_APPL_LOADABLE = 0x0
                0x00000000                CY_CHECKSUM_EXCLUDE_SIZE = ALIGN (0x0, CY_FLASH_ROW_SIZE)
                0x20000248                PROVIDE (__cy_heap_start, _end)
                0x00000001                PROVIDE (__cy_region_num, ((__cy_regions_end - __cy_regions) / 0x10))
                0x20008000                PROVIDE (__cy_stack, (ORIGIN (ram) + 0x10000))
                0x20007800                PROVIDE (__cy_heap_end, (__cy_stack - 0x800))

.cybootloader   0x00000000        0x0
 *(.cybootloader)
                0x00000000                appl1_start = CY_APPL_ORIGIN?CY_APPL_ORIGIN:ALIGN (CY_FLASH_ROW_SIZE)
                0x0001ff00                appl2_start = (appl1_start + ALIGN ((((0x40000 - appl1_start) - (0x2 * CY_FLASH_ROW_SIZE)) / 0x2), CY_FLASH_ROW_SIZE))
                0x00000000                appl_start = (CY_APPL_NUM == 0x1)?appl1_start:appl2_start
                0x00000000                ecc_offset = ((appl_start / CY_FLASH_ROW_SIZE) * CY_ECC_ROW_SIZE)
                0x00000000                ee_offset = (CY_APPL_LOADABLE && ! (CY_EE_IN_BTLDR))?((CY_EE_SIZE / CY_APPL_MAX) * (CY_APPL_NUM - 0x1)):0x0
                0x00000800                ee_size = (CY_APPL_LOADABLE && ! (CY_EE_IN_BTLDR))?(CY_EE_SIZE / CY_APPL_MAX):CY_EE_SIZE
                0x00000000                PROVIDE (CY_ECC_OFFSET, ecc_offset)

.text           0x00000000      0xd22
 CREATE_OBJECT_SYMBOLS
                0x00000000                PROVIDE (__cy_interrupt_vector, RomVectors)
 *(.romvectors)
 .romvectors    0x00000000       0x10 .\CortexM3\ARM_GCC_493\Debug\Cm3Start.o
                0x00000000                RomVectors
                0x00000001                ASSERT ((. != __cy_interrupt_vector), No interrupt vector)
                0x00000001                ASSERT (CY_APPL_ORIGIN?(SIZEOF (.cybootloader) <= CY_APPL_ORIGIN):0x1, Wrong image location)
                0x00000010                PROVIDE (__cy_reset, Reset)
 *(.text.Reset)
 .text.Reset    0x00000010       0x18 .\CortexM3\ARM_GCC_493\Debug\Cm3Start.o
                0x00000010                Reset
                0x00000001                ASSERT ((. != __cy_reset), No reset code)
 *(.dma_init)
                0x00000001                ASSERT ((((appl_start + .) <= 0x10000) || 0x1), DMA Init must be within the first 64k of flash)
 *(.text .text.* .gnu.linkonce.t.*)
 .text          0x00000028       0x5c c:/program files (x86)/cypress/psoc creator/3.3/psoc creator/import/gnu/arm/4.9.3/bin/../lib/gcc/arm-none-eabi/4.9.3/armv7-m/crtbegin.o
 .text.vListInitialise
                0x00000084       0x18 .\CortexM3\ARM_GCC_493\Debug\list.o
                0x00000084                vListInitialise
 .text.vListInitialiseItem
                0x0000009c        0x8 .\CortexM3\ARM_GCC_493\Debug\list.o
                0x0000009c                vListInitialiseItem
 .text.vListInsertEnd
                0x000000a4       0x18 .\CortexM3\ARM_GCC_493\Debug\list.o
                0x000000a4                vListInsertEnd
 .text.vListInsert
                0x000000bc       0x34 .\CortexM3\ARM_GCC_493\Debug\list.o
                0x000000bc                vListInsert
 .text.uxListRemove
                0x000000f0       0x24 .\CortexM3\ARM_GCC_493\Debug\list.o
                0x000000f0                uxListRemove
 .text.prvPortStartFirstTask
                0x00000114       0x20 .\CortexM3\ARM_GCC_493\Debug\port.o
 .text.pxPortInitialiseStack
                0x00000134       0x20 .\CortexM3\ARM_GCC_493\Debug\port.o
                0x00000134                pxPortInitialiseStack
 .text.vPortSVCHandler
                0x00000154       0x24 .\CortexM3\ARM_GCC_493\Debug\port.o
                0x00000154                vPortSVCHandler
 .text.vPortYield
                0x00000178       0x18 .\CortexM3\ARM_GCC_493\Debug\port.o
                0x00000178                vPortYield
 .text.ulPortSetInterruptMask
                0x00000190       0x10 .\CortexM3\ARM_GCC_493\Debug\port.o
                0x00000190                ulPortSetInterruptMask
 .text.prvTaskExitError
                0x000001a0        0x8 .\CortexM3\ARM_GCC_493\Debug\port.o
 .text.vPortEnterCritical
                0x000001a8       0x1c .\CortexM3\ARM_GCC_493\Debug\port.o
                0x000001a8                vPortEnterCritical
 .text.vPortClearInterruptMask
                0x000001c4        0x8 .\CortexM3\ARM_GCC_493\Debug\port.o
                0x000001c4                vPortClearInterruptMask
 .text.vPortExitCritical
                0x000001cc       0x18 .\CortexM3\ARM_GCC_493\Debug\port.o
                0x000001cc                vPortExitCritical
 .text.xPortPendSVHandler
                0x000001e4       0x44 .\CortexM3\ARM_GCC_493\Debug\port.o
                0x000001e4                xPortPendSVHandler
 .text.xPortSysTickHandler
                0x00000228       0x20 .\CortexM3\ARM_GCC_493\Debug\port.o
                0x00000228                xPortSysTickHandler
 .text.vPortSetupTimerInterrupt
                0x00000248       0x18 .\CortexM3\ARM_GCC_493\Debug\port.o
                0x00000248                vPortSetupTimerInterrupt
 .text.xPortStartScheduler
                0x00000260       0x30 .\CortexM3\ARM_GCC_493\Debug\port.o
                0x00000260                xPortStartScheduler
 .text.prvResetNextTaskUnblockTime
                0x00000290       0x2c .\CortexM3\ARM_GCC_493\Debug\tasks.o
 .text.prvDeleteTCB
                0x000002bc       0x14 .\CortexM3\ARM_GCC_493\Debug\tasks.o
 .text.prvAllocateTCBAndStack
                0x000002d0       0x3c .\CortexM3\ARM_GCC_493\Debug\tasks.o
 .text.prvInitialiseTCBVariables
                0x0000030c       0x50 .\CortexM3\ARM_GCC_493\Debug\tasks.o
 .text.prvInitialiseTaskLists
                0x0000035c       0x58 .\CortexM3\ARM_GCC_493\Debug\tasks.o
 .text.prvAddCurrentTaskToDelayedList
                0x000003b4       0x44 .\CortexM3\ARM_GCC_493\Debug\tasks.o
 .text.xTaskGenericCreate
                0x000003f8       0xf4 .\CortexM3\ARM_GCC_493\Debug\tasks.o
                0x000003f8                xTaskGenericCreate
 .text.vTaskStartScheduler
                0x000004ec       0x4c .\CortexM3\ARM_GCC_493\Debug\tasks.o
                0x000004ec                vTaskStartScheduler
 .text.vTaskSuspendAll
                0x00000538       0x14 .\CortexM3\ARM_GCC_493\Debug\tasks.o
                0x00000538                vTaskSuspendAll
 .text.xTaskIncrementTick
                0x0000054c      0x104 .\CortexM3\ARM_GCC_493\Debug\tasks.o
                0x0000054c                xTaskIncrementTick
 .text.xTaskResumeAll
                0x00000650       0xcc .\CortexM3\ARM_GCC_493\Debug\tasks.o
                0x00000650                xTaskResumeAll
 .text.vTaskDelay
                0x0000071c       0x50 .\CortexM3\ARM_GCC_493\Debug\tasks.o
                0x0000071c                vTaskDelay
 .text.prvCheckTasksWaitingTermination
                0x0000076c       0x54 .\CortexM3\ARM_GCC_493\Debug\tasks.o
 .text.prvIdleTask
                0x000007c0        0x8 .\CortexM3\ARM_GCC_493\Debug\tasks.o
 .text.vTaskSwitchContext
                0x000007c8       0xa8 .\CortexM3\ARM_GCC_493\Debug\tasks.o
                0x000007c8                vTaskSwitchContext
 .text.prvHeapInit
                0x00000870       0x30 .\CortexM3\ARM_GCC_493\Debug\heap_2.o
 .text.pvPortMalloc
                0x000008a0       0xb4 .\CortexM3\ARM_GCC_493\Debug\heap_2.o
                0x000008a0                pvPortMalloc
 .text.vPortFree
                0x00000954       0x44 .\CortexM3\ARM_GCC_493\Debug\heap_2.o
                0x00000954                vPortFree
 .text.Task_LED
                0x00000998       0x18 .\CortexM3\ARM_GCC_493\Debug\main.o
                0x00000998                Task_LED
 .text.prvHardwareSetup
                0x000009b0       0x20 .\CortexM3\ARM_GCC_493\Debug\main.o
                0x000009b0                prvHardwareSetup
 .text.main     0x000009d0       0x30 .\CortexM3\ARM_GCC_493\Debug\main.o
                0x000009d0                main
 .text.vApplicationStackOverflowHook
                0x00000a00        0x8 .\CortexM3\ARM_GCC_493\Debug\main.o
                0x00000a00                vApplicationStackOverflowHook
 .text.vApplicationMallocFailedHook
                0x00000a08        0x8 .\CortexM3\ARM_GCC_493\Debug\main.o
                0x00000a08                vApplicationMallocFailedHook
 .text.IntDefaultHandler
                0x00000a10        0x4 .\CortexM3\ARM_GCC_493\Debug\Cm3Start.o
                0x00000a10                IntDefaultHandler
 .text.Start_c  0x00000a14       0x4c .\CortexM3\ARM_GCC_493\Debug\Cm3Start.o
                0x00000a14                Start_c
 .text.initialize_psoc
                0x00000a60       0x74 .\CortexM3\ARM_GCC_493\Debug\Cm3Start.o
                0x00000a60                initialize_psoc
 .text.CyClockStartupError
                0x00000ad4        0x4 .\CortexM3\ARM_GCC_493\Debug\CY8CKIT-059_RTOS.a(cyfitter_cfg.o)
 .text.AnalogSetDefault
                0x00000ad8       0x28 .\CortexM3\ARM_GCC_493\Debug\CY8CKIT-059_RTOS.a(cyfitter_cfg.o)
 .text.ClockSetup
                0x00000b00       0xa0 .\CortexM3\ARM_GCC_493\Debug\CY8CKIT-059_RTOS.a(cyfitter_cfg.o)
 .text.CYMEMZERO
                0x00000ba0        0xc .\CortexM3\ARM_GCC_493\Debug\CY8CKIT-059_RTOS.a(cyfitter_cfg.o)
 .text.CYCONFIGCPY
                0x00000bac        0x8 .\CortexM3\ARM_GCC_493\Debug\CY8CKIT-059_RTOS.a(cyfitter_cfg.o)
 .text.cyfitter_cfg
                0x00000bb4       0xb0 .\CortexM3\ARM_GCC_493\Debug\CY8CKIT-059_RTOS.a(cyfitter_cfg.o)
                0x00000bb4                cyfitter_cfg
 .text.LED_Write
                0x00000c64       0x18 .\CortexM3\ARM_GCC_493\Debug\CY8CKIT-059_RTOS.a(LED.o)
                0x00000c64                LED_Write
 .text.LED_Read
                0x00000c7c       0x10 .\CortexM3\ARM_GCC_493\Debug\CY8CKIT-059_RTOS.a(LED.o)
                0x00000c7c                LED_Read
 *fill*         0x00000c8c        0x4 
 .text          0x00000c90       0x20 .\CortexM3\ARM_GCC_493\Debug\CY8CKIT-059_RTOS.a(CyBootAsmGnu.o)
                0x00000c90                CyDelayCycles
                0x00000ca0                CyEnterCriticalSection
                0x00000ca8                CyExitCriticalSection
 .text.__libc_init_array
                0x00000cb0       0x4c c:/program files (x86)/cypress/psoc creator/3.3/psoc creator/import/gnu/arm/4.9.3/bin/../lib/gcc/arm-none-eabi/4.9.3/../../../../arm-none-eabi/lib/armv7-m\libg_nano.a(lib_a-init.o)
                0x00000cb0                __libc_init_array
 .text.memcpy   0x00000cfc       0x16 c:/program files (x86)/cypress/psoc creator/3.3/psoc creator/import/gnu/arm/4.9.3/bin/../lib/gcc/arm-none-eabi/4.9.3/../../../../arm-none-eabi/lib/armv7-m\libg_nano.a(lib_a-memcpy.o)
                0x00000cfc                memcpy
 .text.memset   0x00000d12       0x10 c:/program files (x86)/cypress/psoc creator/3.3/psoc creator/import/gnu/arm/4.9.3/bin/../lib/gcc/arm-none-eabi/4.9.3/../../../../arm-none-eabi/lib/armv7-m\libg_nano.a(lib_a-memset.o)
                0x00000d12                memset
 *(.plt)
 *(.gnu.warning)
 *(.glue_7t)
 .glue_7t       0x00000000        0x0 linker stubs
 *(.glue_7)
 .glue_7        0x00000000        0x0 linker stubs
 *(.vfp11_veneer)
 .vfp11_veneer  0x00000000        0x0 linker stubs
 *(.bootloader)
 *(.ARM.extab* .gnu.linkonce.armextab.*)
 *(.gcc_except_table)

.v4_bx          0x00000d24        0x0
 .v4_bx         0x00000000        0x0 linker stubs

.iplt           0x00000d24        0x0
 .iplt          0x00000000        0x0 c:/program files (x86)/cypress/psoc creator/3.3/psoc creator/import/gnu/arm/4.9.3/bin/../lib/gcc/arm-none-eabi/4.9.3/armv7-m/crtbegin.o

.eh_frame_hdr
 *(.eh_frame_hdr)

.eh_frame       0x00000d24        0x4
 *(.eh_frame)
 .eh_frame      0x00000d24        0x0 c:/program files (x86)/cypress/psoc creator/3.3/psoc creator/import/gnu/arm/4.9.3/bin/../lib/gcc/arm-none-eabi/4.9.3/armv7-m/crtbegin.o
 .eh_frame      0x00000d24        0x4 c:/program files (x86)/cypress/psoc creator/3.3/psoc creator/import/gnu/arm/4.9.3/bin/../lib/gcc/arm-none-eabi/4.9.3/armv7-m/crtend.o
                0x00000d28                PROVIDE (__exidx_start, .)

.ARM.exidx
 *(.ARM.exidx* .gnu.linkonce.armexidx.*)
                0x00000d28                __exidx_end = .

.rodata         0x00000d28       0x78
 *(.rodata .rodata.* .gnu.linkonce.r.*)
 .rodata.str1.4
                0x00000d28        0x5 .\CortexM3\ARM_GCC_493\Debug\tasks.o
                                  0x8 (size before relaxing)
 *fill*         0x00000d2d        0x3 
 .rodata.str1.4
                0x00000d30        0x4 .\CortexM3\ARM_GCC_493\Debug\main.o
 .rodata        0x00000d34       0x38 .\CortexM3\ARM_GCC_493\Debug\CY8CKIT-059_RTOS.a(cyfitter_cfg.o)
                0x00000d6c                . = ALIGN (0x4)
 *(.init)
 .init          0x00000d6c        0x4 c:/program files (x86)/cypress/psoc creator/3.3/psoc creator/import/gnu/arm/4.9.3/bin/../lib/gcc/arm-none-eabi/4.9.3/armv7-m/crti.o
                0x00000d6c                _init
 .init          0x00000d70        0x8 c:/program files (x86)/cypress/psoc creator/3.3/psoc creator/import/gnu/arm/4.9.3/bin/../lib/gcc/arm-none-eabi/4.9.3/armv7-m/crtn.o
                0x00000d78                . = ALIGN (0x4)
                0x00000d78                __preinit_array_start = .
 *(.preinit_array)
                0x00000d78                __preinit_array_end = .
                0x00000d78                . = ALIGN (0x4)
                0x00000d78                __init_array_start = .
 *(SORT(.init_array.*))
 *(.init_array)
 .init_array    0x00000d78        0x4 c:/program files (x86)/cypress/psoc creator/3.3/psoc creator/import/gnu/arm/4.9.3/bin/../lib/gcc/arm-none-eabi/4.9.3/armv7-m/crtbegin.o
 .init_array    0x00000d7c        0x4 .\CortexM3\ARM_GCC_493\Debug\Cm3Start.o
                0x00000d80                __init_array_end = .
                0x00000d80                . = ALIGN (0x4)
 *(.fini)
 .fini          0x00000d80        0x4 c:/program files (x86)/cypress/psoc creator/3.3/psoc creator/import/gnu/arm/4.9.3/bin/../lib/gcc/arm-none-eabi/4.9.3/armv7-m/crti.o
                0x00000d80                _fini
 .fini          0x00000d84        0x8 c:/program files (x86)/cypress/psoc creator/3.3/psoc creator/import/gnu/arm/4.9.3/bin/../lib/gcc/arm-none-eabi/4.9.3/armv7-m/crtn.o
                0x00000d8c                . = ALIGN (0x4)
                0x00000d8c                __fini_array_start = .
 *(.fini_array)
 .fini_array    0x00000d8c        0x4 c:/program files (x86)/cypress/psoc creator/3.3/psoc creator/import/gnu/arm/4.9.3/bin/../lib/gcc/arm-none-eabi/4.9.3/armv7-m/crtbegin.o
 *(SORT(.fini_array.*))
                0x00000d90                __fini_array_end = .
                0x00000d90                . = ALIGN (0x4)
 *crtbegin.o(.ctors)
 *(EXCLUDE_FILE(*crtend.o) .ctors)
 *(SORT(.ctors.*))
 *crtend.o(.ctors)
                0x00000d90                . = ALIGN (0x4)
 *crtbegin.o(.dtors)
 *(EXCLUDE_FILE(*crtend.o) .dtors)
 *(SORT(.dtors.*))
 *crtend.o(.dtors)
                0x00000d90                . = ALIGN (0x4)
                0x00000d90                __cy_regions = .
                0x00000d90        0x4 LONG 0xda0 __cy_region_init_ram
                0x00000d94        0x4 LONG 0x1fff8108 __cy_region_start_data
                0x00000d98        0x4 LONG 0x10 __cy_region_init_size_ram
                0x00000d9c        0x4 LONG 0x8130 __cy_region_zero_size_ram
                0x00000da0                __cy_regions_end = .
                0x00000da0                . = ALIGN (0x8)
                0x00000da0                _etext = .

.cy_checksum_exclude
                0x00000da0        0x0
 *(.cy_checksum_exclude)

.ramvectors     0x1fff8000      0x100
                0x1fff8000                __cy_region_start_ram = .
 *(.ramvectors)
 .ramvectors    0x1fff8000      0x100 .\CortexM3\ARM_GCC_493\Debug\Cm3Start.o
                0x1fff8000                CyRamVectors

.noinit         0x1fff8100        0x5
 *(.noinit)
 .noinit        0x1fff8100        0x4 .\CortexM3\ARM_GCC_493\Debug\Cm3Start.o
 .noinit        0x1fff8104        0x1 .\CortexM3\ARM_GCC_493\Debug\CY8CKIT-059_RTOS.a(CyLib.o)
                0x1fff8104                CyResetStatus

.data           0x1fff8108       0x10 load address 0x00000da0
                0x1fff8108                __cy_region_start_data = .
 *(.jcr)
 .jcr           0x1fff8108        0x0 c:/program files (x86)/cypress/psoc creator/3.3/psoc creator/import/gnu/arm/4.9.3/bin/../lib/gcc/arm-none-eabi/4.9.3/armv7-m/crtbegin.o
 .jcr           0x1fff8108        0x4 c:/program files (x86)/cypress/psoc creator/3.3/psoc creator/import/gnu/arm/4.9.3/bin/../lib/gcc/arm-none-eabi/4.9.3/armv7-m/crtend.o
 *(.got.plt)
 *(.got)
 *(.shdata)
 *(.data .data.* .gnu.linkonce.d.*)
 .data          0x1fff810c        0x4 .\CortexM3\ARM_GCC_493\Debug\port.o
 .data          0x1fff8110        0x4 .\CortexM3\ARM_GCC_493\Debug\heap_2.o
                0x1fff8118                . = ALIGN (0x8)
 *fill*         0x1fff8114        0x4 
 *(.ram)
                0x1fff8118                _edata = .

.igot.plt       0x1fff8118        0x0 load address 0x00000db0
 .igot.plt      0x00000000        0x0 c:/program files (x86)/cypress/psoc creator/3.3/psoc creator/import/gnu/arm/4.9.3/bin/../lib/gcc/arm-none-eabi/4.9.3/armv7-m/crtbegin.o

.bss            0x1fff8118     0x8130 load address 0x00000db0
                0x1fff8118                PROVIDE (__bss_start__, .)
 *(.shbss)
 *(.bss .bss.* .gnu.linkonce.b.*)
 .bss           0x1fff8118       0x1c c:/program files (x86)/cypress/psoc creator/3.3/psoc creator/import/gnu/arm/4.9.3/bin/../lib/gcc/arm-none-eabi/4.9.3/armv7-m/crtbegin.o
 .bss           0x1fff8134      0x100 .\CortexM3\ARM_GCC_493\Debug\tasks.o
                0x1fff8208                pxCurrentTCB
 .bss           0x1fff8234     0x8014 .\CortexM3\ARM_GCC_493\Debug\heap_2.o
 *(COMMON)
                0x20000248                . = ALIGN (0x8)
 *(.ram.b)
                0x20000248                _end = .
                0x20000248                __end = .
                0x20000248                PROVIDE (end, .)
                0x20000248                PROVIDE (__bss_end__, .)
                0x00000da0                __cy_region_init_ram = LOADADDR (.data)
                0x00000010                __cy_region_init_size_ram = (_edata - ADDR (.data))
                0x00008130                __cy_region_zero_size_ram = (_end - _edata)

.heap           0x20000248       0x80 load address 0x00000db0
                0x20000248                . = _end
                0x200002c8                . = (. + 0x80)
 *fill*         0x20000248       0x80 
                0x200002c8                __cy_heap_limit = .

.stack          0x20007800      0x800
                0x20007800                __cy_stack_limit = .
                0x20008000                . = (. + 0x800)
 *fill*         0x20007800      0x800 
                0x00000001                ASSERT ((__cy_stack_limit >= __cy_heap_limit), region RAM overflowed with stack)
                0x00000000                cy_checksum_exclude_size = (CY_APPL_LOADABLE == 0x1)?SIZEOF (.cy_checksum_exclude):0x0
                0x00000001                ASSERT ((cy_checksum_exclude_size <= CY_CHECKSUM_EXCLUDE_SIZE), CY_BOOT: Section .cy_checksum_exclude size exceedes specified limit.)

.cyloadermeta
 *(.cyloadermeta)

.cyloadablemeta
 *(.cyloadablemeta)

.cyconfigecc    0x80000000        0x8
 *(.cyconfigecc)
 .cyconfigecc   0x80000000        0x8 .\CortexM3\ARM_GCC_493\Debug\cymetadata.o
                0x80000000                cy_meta_configecc

.cycustnvl      0x90000000        0x4
 *(.cycustnvl)
 .cycustnvl     0x90000000        0x4 .\CortexM3\ARM_GCC_493\Debug\cymetadata.o
                0x90000000                cy_meta_custnvl

.cywolatch      0x90100000        0x4
 *(.cywolatch)
 .cywolatch     0x90100000        0x4 .\CortexM3\ARM_GCC_493\Debug\cymetadata.o
                0x90100000                cy_meta_wonvl

.cyeeprom       0x90200000        0x0
 *(.cyeeprom)
                0x00000001                ASSERT ((. <= ((0x90200000 + ee_offset) + ee_size)), .cyeeprom data will not fit in EEPROM)

.cyflashprotect
                0x90400000      0x100
 *(.cyflashprotect)
 .cyflashprotect
                0x90400000      0x100 .\CortexM3\ARM_GCC_493\Debug\cymetadata.o
                0x90400000                cy_meta_flashprotect

.cymeta         0x90500000        0xc
 *(.cymeta)
 .cymeta        0x90500000        0xc .\CortexM3\ARM_GCC_493\Debug\cymetadata.o
                0x90500000                cy_metadata

.rel.dyn        0x00000db0        0x0 load address 0x9050000c
 .rel.iplt      0x00000000        0x0 c:/program files (x86)/cypress/psoc creator/3.3/psoc creator/import/gnu/arm/4.9.3/bin/../lib/gcc/arm-none-eabi/4.9.3/armv7-m/crtbegin.o

.stab
 *(.stab)

.stabstr
 *(.stabstr)

.debug
 *(.debug)

.line
 *(.line)

.debug_srcinfo
 *(.debug_srcinfo)

.debug_sfnames
 *(.debug_sfnames)

.debug_aranges  0x00000000      0x990
 *(.debug_aranges)
 .debug_aranges
                0x00000000       0x18 .\CortexM3\ARM_GCC_493\Debug\croutine.o
 .debug_aranges
                0x00000018       0x68 .\CortexM3\ARM_GCC_493\Debug\event_groups.o
 .debug_aranges
                0x00000080       0x40 .\CortexM3\ARM_GCC_493\Debug\list.o
 .debug_aranges
                0x000000c0       0x88 .\CortexM3\ARM_GCC_493\Debug\port.o
 .debug_aranges
                0x00000148       0xe0 .\CortexM3\ARM_GCC_493\Debug\queue.o
 .debug_aranges
                0x00000228      0x1a0 .\CortexM3\ARM_GCC_493\Debug\tasks.o
 .debug_aranges
                0x000003c8       0x18 .\CortexM3\ARM_GCC_493\Debug\timers.o
 .debug_aranges
                0x000003e0       0x40 .\CortexM3\ARM_GCC_493\Debug\heap_2.o
 .debug_aranges
                0x00000420       0x40 .\CortexM3\ARM_GCC_493\Debug\main.o
 .debug_aranges
                0x00000460       0x18 .\CortexM3\ARM_GCC_493\Debug\cymetadata.o
 .debug_aranges
                0x00000478       0x48 .\CortexM3\ARM_GCC_493\Debug\Cm3Start.o
 .debug_aranges
                0x000004c0       0x50 .\CortexM3\ARM_GCC_493\Debug\CY8CKIT-059_RTOS.a(cyfitter_cfg.o)
 .debug_aranges
                0x00000510       0x38 .\CortexM3\ARM_GCC_493\Debug\CY8CKIT-059_RTOS.a(LED.o)
 .debug_aranges
                0x00000548       0x20 .\CortexM3\ARM_GCC_493\Debug\CY8CKIT-059_RTOS.a(CyBootAsmGnu.o)
 .debug_aranges
                0x00000568      0x298 .\CortexM3\ARM_GCC_493\Debug\CY8CKIT-059_RTOS.a(CyLib.o)
 .debug_aranges
                0x00000800       0x98 .\CortexM3\ARM_GCC_493\Debug\CY8CKIT-059_RTOS.a(cyPm.o)
 .debug_aranges
                0x00000898       0x80 .\CortexM3\ARM_GCC_493\Debug\CY8CKIT-059_RTOS.a(CyFlash.o)
 .debug_aranges
                0x00000918       0x78 .\CortexM3\ARM_GCC_493\Debug\CY8CKIT-059_RTOS.a(CySpc.o)

.debug_pubnames
 *(.debug_pubnames)

.debug_info     0x00000000     0x7c6d
 *(.debug_info .gnu.linkonce.wi.*)
 .debug_info    0x00000000       0xa7 .\CortexM3\ARM_GCC_493\Debug\croutine.o
 .debug_info    0x000000a7      0x906 .\CortexM3\ARM_GCC_493\Debug\event_groups.o
 .debug_info    0x000009ad      0x2d3 .\CortexM3\ARM_GCC_493\Debug\list.o
 .debug_info    0x00000c80      0x2f0 .\CortexM3\ARM_GCC_493\Debug\port.o
 .debug_info    0x00000f70     0x1311 .\CortexM3\ARM_GCC_493\Debug\queue.o
 .debug_info    0x00002281     0x1f02 .\CortexM3\ARM_GCC_493\Debug\tasks.o
 .debug_info    0x00004183       0xa7 .\CortexM3\ARM_GCC_493\Debug\timers.o
 .debug_info    0x0000422a      0x384 .\CortexM3\ARM_GCC_493\Debug\heap_2.o
 .debug_info    0x000045ae      0x3ba .\CortexM3\ARM_GCC_493\Debug\main.o
 .debug_info    0x00004968      0x13a .\CortexM3\ARM_GCC_493\Debug\cymetadata.o
 .debug_info    0x00004aa2      0x3a5 .\CortexM3\ARM_GCC_493\Debug\Cm3Start.o
 .debug_info    0x00004e47      0x3b0 .\CortexM3\ARM_GCC_493\Debug\CY8CKIT-059_RTOS.a(cyfitter_cfg.o)
 .debug_info    0x000051f7      0x11f .\CortexM3\ARM_GCC_493\Debug\CY8CKIT-059_RTOS.a(LED.o)
 .debug_info    0x00005316       0x94 .\CortexM3\ARM_GCC_493\Debug\CY8CKIT-059_RTOS.a(CyBootAsmGnu.o)
 .debug_info    0x000053aa     0x1371 .\CortexM3\ARM_GCC_493\Debug\CY8CKIT-059_RTOS.a(CyLib.o)
 .debug_info    0x0000671b      0xa58 .\CortexM3\ARM_GCC_493\Debug\CY8CKIT-059_RTOS.a(cyPm.o)
 .debug_info    0x00007173      0x60a .\CortexM3\ARM_GCC_493\Debug\CY8CKIT-059_RTOS.a(CyFlash.o)
 .debug_info    0x0000777d      0x4f0 .\CortexM3\ARM_GCC_493\Debug\CY8CKIT-059_RTOS.a(CySpc.o)

.debug_abbrev   0x00000000     0x1b86
 *(.debug_abbrev)
 .debug_abbrev  0x00000000       0x4b .\CortexM3\ARM_GCC_493\Debug\croutine.o
 .debug_abbrev  0x0000004b      0x250 .\CortexM3\ARM_GCC_493\Debug\event_groups.o
 .debug_abbrev  0x0000029b       0xf6 .\CortexM3\ARM_GCC_493\Debug\list.o
 .debug_abbrev  0x00000391      0x1aa .\CortexM3\ARM_GCC_493\Debug\port.o
 .debug_abbrev  0x0000053b      0x27a .\CortexM3\ARM_GCC_493\Debug\queue.o
 .debug_abbrev  0x000007b5      0x307 .\CortexM3\ARM_GCC_493\Debug\tasks.o
 .debug_abbrev  0x00000abc       0x4b .\CortexM3\ARM_GCC_493\Debug\timers.o
 .debug_abbrev  0x00000b07      0x1d9 .\CortexM3\ARM_GCC_493\Debug\heap_2.o
 .debug_abbrev  0x00000ce0      0x1b6 .\CortexM3\ARM_GCC_493\Debug\main.o
 .debug_abbrev  0x00000e96       0x5d .\CortexM3\ARM_GCC_493\Debug\cymetadata.o
 .debug_abbrev  0x00000ef3      0x20f .\CortexM3\ARM_GCC_493\Debug\Cm3Start.o
 .debug_abbrev  0x00001102      0x1cb .\CortexM3\ARM_GCC_493\Debug\CY8CKIT-059_RTOS.a(cyfitter_cfg.o)
 .debug_abbrev  0x000012cd       0x90 .\CortexM3\ARM_GCC_493\Debug\CY8CKIT-059_RTOS.a(LED.o)
 .debug_abbrev  0x0000135d       0x14 .\CortexM3\ARM_GCC_493\Debug\CY8CKIT-059_RTOS.a(CyBootAsmGnu.o)
 .debug_abbrev  0x00001371      0x296 .\CortexM3\ARM_GCC_493\Debug\CY8CKIT-059_RTOS.a(CyLib.o)
 .debug_abbrev  0x00001607      0x1ed .\CortexM3\ARM_GCC_493\Debug\CY8CKIT-059_RTOS.a(cyPm.o)
 .debug_abbrev  0x000017f4      0x1d1 .\CortexM3\ARM_GCC_493\Debug\CY8CKIT-059_RTOS.a(CyFlash.o)
 .debug_abbrev  0x000019c5      0x1c1 .\CortexM3\ARM_GCC_493\Debug\CY8CKIT-059_RTOS.a(CySpc.o)

.debug_line     0x00000000     0x32c4
 *(.debug_line)
 .debug_line    0x00000000      0x13a .\CortexM3\ARM_GCC_493\Debug\croutine.o
 .debug_line    0x0000013a      0x369 .\CortexM3\ARM_GCC_493\Debug\event_groups.o
 .debug_line    0x000004a3      0x1e6 .\CortexM3\ARM_GCC_493\Debug\list.o
 .debug_line    0x00000689      0x290 .\CortexM3\ARM_GCC_493\Debug\port.o
 .debug_line    0x00000919      0x56d .\CortexM3\ARM_GCC_493\Debug\queue.o
 .debug_line    0x00000e86      0x991 .\CortexM3\ARM_GCC_493\Debug\tasks.o
 .debug_line    0x00001817      0x13a .\CortexM3\ARM_GCC_493\Debug\timers.o
 .debug_line    0x00001951      0x296 .\CortexM3\ARM_GCC_493\Debug\heap_2.o
 .debug_line    0x00001be7      0x203 .\CortexM3\ARM_GCC_493\Debug\main.o
 .debug_line    0x00001dea       0x53 .\CortexM3\ARM_GCC_493\Debug\cymetadata.o
 .debug_line    0x00001e3d      0x249 .\CortexM3\ARM_GCC_493\Debug\Cm3Start.o
 .debug_line    0x00002086      0x1ae .\CortexM3\ARM_GCC_493\Debug\CY8CKIT-059_RTOS.a(cyfitter_cfg.o)
 .debug_line    0x00002234       0x92 .\CortexM3\ARM_GCC_493\Debug\CY8CKIT-059_RTOS.a(LED.o)
 .debug_line    0x000022c6       0x68 .\CortexM3\ARM_GCC_493\Debug\CY8CKIT-059_RTOS.a(CyBootAsmGnu.o)
 .debug_line    0x0000232e      0x806 .\CortexM3\ARM_GCC_493\Debug\CY8CKIT-059_RTOS.a(CyLib.o)
 .debug_line    0x00002b34      0x366 .\CortexM3\ARM_GCC_493\Debug\CY8CKIT-059_RTOS.a(cyPm.o)
 .debug_line    0x00002e9a      0x1ec .\CortexM3\ARM_GCC_493\Debug\CY8CKIT-059_RTOS.a(CyFlash.o)
 .debug_line    0x00003086      0x23e .\CortexM3\ARM_GCC_493\Debug\CY8CKIT-059_RTOS.a(CySpc.o)

.debug_frame    0x00000000     0x1b1c
 *(.debug_frame)
 .debug_frame   0x00000000      0x148 .\CortexM3\ARM_GCC_493\Debug\event_groups.o
 .debug_frame   0x00000148       0x70 .\CortexM3\ARM_GCC_493\Debug\list.o
 .debug_frame   0x000001b8      0x12c .\CortexM3\ARM_GCC_493\Debug\port.o
 .debug_frame   0x000002e4      0x2f4 .\CortexM3\ARM_GCC_493\Debug\queue.o
 .debug_frame   0x000005d8      0x5c8 .\CortexM3\ARM_GCC_493\Debug\tasks.o
 .debug_frame   0x00000ba0       0x8c .\CortexM3\ARM_GCC_493\Debug\heap_2.o
 .debug_frame   0x00000c2c       0x90 .\CortexM3\ARM_GCC_493\Debug\main.o
 .debug_frame   0x00000cbc       0xac .\CortexM3\ARM_GCC_493\Debug\Cm3Start.o
 .debug_frame   0x00000d68       0xb4 .\CortexM3\ARM_GCC_493\Debug\CY8CKIT-059_RTOS.a(cyfitter_cfg.o)
 .debug_frame   0x00000e1c       0x50 .\CortexM3\ARM_GCC_493\Debug\CY8CKIT-059_RTOS.a(LED.o)
 .debug_frame   0x00000e6c      0x728 .\CortexM3\ARM_GCC_493\Debug\CY8CKIT-059_RTOS.a(CyLib.o)
 .debug_frame   0x00001594      0x1f8 .\CortexM3\ARM_GCC_493\Debug\CY8CKIT-059_RTOS.a(cyPm.o)
 .debug_frame   0x0000178c      0x174 .\CortexM3\ARM_GCC_493\Debug\CY8CKIT-059_RTOS.a(CyFlash.o)
 .debug_frame   0x00001900      0x160 .\CortexM3\ARM_GCC_493\Debug\CY8CKIT-059_RTOS.a(CySpc.o)
 .debug_frame   0x00001a60       0x20 c:/program files (x86)/cypress/psoc creator/3.3/psoc creator/import/gnu/arm/4.9.3/bin/../lib/gcc/arm-none-eabi/4.9.3/../../../../arm-none-eabi/lib/armv7-m\libg_nano.a(lib_a-errno.o)
 .debug_frame   0x00001a80       0x28 c:/program files (x86)/cypress/psoc creator/3.3/psoc creator/import/gnu/arm/4.9.3/bin/../lib/gcc/arm-none-eabi/4.9.3/../../../../arm-none-eabi/lib/armv7-m\libg_nano.a(lib_a-exit.o)
 .debug_frame   0x00001aa8       0x2c c:/program files (x86)/cypress/psoc creator/3.3/psoc creator/import/gnu/arm/4.9.3/bin/../lib/gcc/arm-none-eabi/4.9.3/../../../../arm-none-eabi/lib/armv7-m\libg_nano.a(lib_a-init.o)
 .debug_frame   0x00001ad4       0x28 c:/program files (x86)/cypress/psoc creator/3.3/psoc creator/import/gnu/arm/4.9.3/bin/../lib/gcc/arm-none-eabi/4.9.3/../../../../arm-none-eabi/lib/armv7-m\libg_nano.a(lib_a-memcpy.o)
 .debug_frame   0x00001afc       0x20 c:/program files (x86)/cypress/psoc creator/3.3/psoc creator/import/gnu/arm/4.9.3/bin/../lib/gcc/arm-none-eabi/4.9.3/../../../../arm-none-eabi/lib/armv7-m\libg_nano.a(lib_a-memset.o)

.debug_str      0x00000000     0x286d
 *(.debug_str)
 .debug_str     0x00000000      0x166 .\CortexM3\ARM_GCC_493\Debug\croutine.o
                                0x1a7 (size before relaxing)
 .debug_str     0x00000166      0x444 .\CortexM3\ARM_GCC_493\Debug\event_groups.o
                                0x61e (size before relaxing)
 .debug_str     0x000005aa       0x90 .\CortexM3\ARM_GCC_493\Debug\list.o
                                0x2f6 (size before relaxing)
 .debug_str     0x0000063a      0x136 .\CortexM3\ARM_GCC_493\Debug\port.o
                                0x35b (size before relaxing)
 .debug_str     0x00000770      0x55a .\CortexM3\ARM_GCC_493\Debug\queue.o
                                0x8c5 (size before relaxing)
 .debug_str     0x00000cca      0x8d9 .\CortexM3\ARM_GCC_493\Debug\tasks.o
                                0xeb2 (size before relaxing)
 .debug_str     0x000015a3       0x15 .\CortexM3\ARM_GCC_493\Debug\timers.o
                                0x1a5 (size before relaxing)
 .debug_str     0x000015b8      0x14f .\CortexM3\ARM_GCC_493\Debug\heap_2.o
                                0x36c (size before relaxing)
 .debug_str     0x00001707       0x69 .\CortexM3\ARM_GCC_493\Debug\main.o
                                0x387 (size before relaxing)
 .debug_str     0x00001770       0x77 .\CortexM3\ARM_GCC_493\Debug\cymetadata.o
                                0x1ee (size before relaxing)
 .debug_str     0x000017e7      0x14b .\CortexM3\ARM_GCC_493\Debug\Cm3Start.o
                                0x302 (size before relaxing)
 .debug_str     0x00001932       0xfe .\CortexM3\ARM_GCC_493\Debug\CY8CKIT-059_RTOS.a(cyfitter_cfg.o)
                                0x2b0 (size before relaxing)
 .debug_str     0x00001a30       0x56 .\CortexM3\ARM_GCC_493\Debug\CY8CKIT-059_RTOS.a(LED.o)
                                0x1dc (size before relaxing)
 .debug_str     0x00001a86      0x839 .\CortexM3\ARM_GCC_493\Debug\CY8CKIT-059_RTOS.a(CyLib.o)
                                0xa27 (size before relaxing)
 .debug_str     0x000022bf      0x35b .\CortexM3\ARM_GCC_493\Debug\CY8CKIT-059_RTOS.a(cyPm.o)
                                0x71f (size before relaxing)
 .debug_str     0x0000261a      0x19e .\CortexM3\ARM_GCC_493\Debug\CY8CKIT-059_RTOS.a(CyFlash.o)
                                0x399 (size before relaxing)
 .debug_str     0x000027b8       0xb5 .\CortexM3\ARM_GCC_493\Debug\CY8CKIT-059_RTOS.a(CySpc.o)
                                0x322 (size before relaxing)

.debug_loc      0x00000000     0x443a
 *(.debug_loc)
 .debug_loc     0x00000000      0x65e .\CortexM3\ARM_GCC_493\Debug\event_groups.o
 .debug_loc     0x0000065e       0x65 .\CortexM3\ARM_GCC_493\Debug\list.o
 .debug_loc     0x000006c3       0x80 .\CortexM3\ARM_GCC_493\Debug\port.o
 .debug_loc     0x00000743      0xeb5 .\CortexM3\ARM_GCC_493\Debug\queue.o
 .debug_loc     0x000015f8     0x13e3 .\CortexM3\ARM_GCC_493\Debug\tasks.o
 .debug_loc     0x000029db      0x1cc .\CortexM3\ARM_GCC_493\Debug\heap_2.o
 .debug_loc     0x00002ba7       0x63 .\CortexM3\ARM_GCC_493\Debug\main.o
 .debug_loc     0x00002c0a      0x144 .\CortexM3\ARM_GCC_493\Debug\Cm3Start.o
 .debug_loc     0x00002d4e      0x168 .\CortexM3\ARM_GCC_493\Debug\CY8CKIT-059_RTOS.a(cyfitter_cfg.o)
 .debug_loc     0x00002eb6       0x42 .\CortexM3\ARM_GCC_493\Debug\CY8CKIT-059_RTOS.a(LED.o)
 .debug_loc     0x00002ef8      0xa11 .\CortexM3\ARM_GCC_493\Debug\CY8CKIT-059_RTOS.a(CyLib.o)
 .debug_loc     0x00003909      0x1e4 .\CortexM3\ARM_GCC_493\Debug\CY8CKIT-059_RTOS.a(cyPm.o)
 .debug_loc     0x00003aed      0x300 .\CortexM3\ARM_GCC_493\Debug\CY8CKIT-059_RTOS.a(CyFlash.o)
 .debug_loc     0x00003ded      0x64d .\CortexM3\ARM_GCC_493\Debug\CY8CKIT-059_RTOS.a(CySpc.o)

.debug_macinfo
 *(.debug_macinfo)

.debug_ranges   0x00000000      0x898
 *(.debug_ranges)
 .debug_ranges  0x00000000       0x70 .\CortexM3\ARM_GCC_493\Debug\event_groups.o
 .debug_ranges  0x00000070       0x30 .\CortexM3\ARM_GCC_493\Debug\list.o
 .debug_ranges  0x000000a0       0x78 .\CortexM3\ARM_GCC_493\Debug\port.o
 .debug_ranges  0x00000118       0xd0 .\CortexM3\ARM_GCC_493\Debug\queue.o
 .debug_ranges  0x000001e8      0x1c8 .\CortexM3\ARM_GCC_493\Debug\tasks.o
 .debug_ranges  0x000003b0       0x30 .\CortexM3\ARM_GCC_493\Debug\heap_2.o
 .debug_ranges  0x000003e0       0x30 .\CortexM3\ARM_GCC_493\Debug\main.o
 .debug_ranges  0x00000410       0x38 .\CortexM3\ARM_GCC_493\Debug\Cm3Start.o
 .debug_ranges  0x00000448       0x40 .\CortexM3\ARM_GCC_493\Debug\CY8CKIT-059_RTOS.a(cyfitter_cfg.o)
 .debug_ranges  0x00000488       0x28 .\CortexM3\ARM_GCC_493\Debug\CY8CKIT-059_RTOS.a(LED.o)
 .debug_ranges  0x000004b0      0x288 .\CortexM3\ARM_GCC_493\Debug\CY8CKIT-059_RTOS.a(CyLib.o)
 .debug_ranges  0x00000738       0x88 .\CortexM3\ARM_GCC_493\Debug\CY8CKIT-059_RTOS.a(cyPm.o)
 .debug_ranges  0x000007c0       0x70 .\CortexM3\ARM_GCC_493\Debug\CY8CKIT-059_RTOS.a(CyFlash.o)
 .debug_ranges  0x00000830       0x68 .\CortexM3\ARM_GCC_493\Debug\CY8CKIT-059_RTOS.a(CySpc.o)

.comment        0x00000000       0x70
 .comment       0x00000000       0x70 .\CortexM3\ARM_GCC_493\Debug\croutine.o
                                 0x71 (size before relaxing)
 .comment       0x00000000       0x71 .\CortexM3\ARM_GCC_493\Debug\event_groups.o
 .comment       0x00000000       0x71 .\CortexM3\ARM_GCC_493\Debug\list.o
 .comment       0x00000000       0x71 .\CortexM3\ARM_GCC_493\Debug\port.o
 .comment       0x00000000       0x71 .\CortexM3\ARM_GCC_493\Debug\queue.o
 .comment       0x00000000       0x71 .\CortexM3\ARM_GCC_493\Debug\tasks.o
 .comment       0x00000000       0x71 .\CortexM3\ARM_GCC_493\Debug\timers.o
 .comment       0x00000000       0x71 .\CortexM3\ARM_GCC_493\Debug\heap_2.o
 .comment       0x00000000       0x71 .\CortexM3\ARM_GCC_493\Debug\main.o
 .comment       0x00000000       0x71 .\CortexM3\ARM_GCC_493\Debug\cymetadata.o
 .comment       0x00000000       0x71 .\CortexM3\ARM_GCC_493\Debug\Cm3Start.o
 .comment       0x00000000       0x71 .\CortexM3\ARM_GCC_493\Debug\CY8CKIT-059_RTOS.a(cyfitter_cfg.o)
 .comment       0x00000000       0x71 .\CortexM3\ARM_GCC_493\Debug\CY8CKIT-059_RTOS.a(LED.o)
 .comment       0x00000000       0x71 .\CortexM3\ARM_GCC_493\Debug\CY8CKIT-059_RTOS.a(CyLib.o)
 .comment       0x00000000       0x71 .\CortexM3\ARM_GCC_493\Debug\CY8CKIT-059_RTOS.a(cyPm.o)
 .comment       0x00000000       0x71 .\CortexM3\ARM_GCC_493\Debug\CY8CKIT-059_RTOS.a(CyFlash.o)
 .comment       0x00000000       0x71 .\CortexM3\ARM_GCC_493\Debug\CY8CKIT-059_RTOS.a(CySpc.o)

.debug_weaknames
 *(.debug_weaknames)

.debug_funcnames
 *(.debug_funcnames)

.debug_typenames
 *(.debug_typenames)

.debug_varnames
 *(.debug_varnames)

.note.gnu.arm.ident
 *(.note.gnu.arm.ident)

.ARM.attributes
                0x00000000       0x29
 *(.ARM.attributes)
 .ARM.attributes
                0x00000000       0x1d c:/program files (x86)/cypress/psoc creator/3.3/psoc creator/import/gnu/arm/4.9.3/bin/../lib/gcc/arm-none-eabi/4.9.3/armv7-m/crti.o
 .ARM.attributes
                0x0000001d       0x2d c:/program files (x86)/cypress/psoc creator/3.3/psoc creator/import/gnu/arm/4.9.3/bin/../lib/gcc/arm-none-eabi/4.9.3/armv7-m/crtbegin.o
 .ARM.attributes
                0x0000004a       0x1b c:/program files (x86)/cypress/psoc creator/3.3/psoc creator/import/gnu/arm/4.9.3/bin/../lib/gcc/arm-none-eabi/4.9.3/../../../../arm-none-eabi/lib/armv7-m/crt0.o
 .ARM.attributes
                0x00000065       0x33 .\CortexM3\ARM_GCC_493\Debug\croutine.o
 .ARM.attributes
                0x00000098       0x33 .\CortexM3\ARM_GCC_493\Debug\event_groups.o
 .ARM.attributes
                0x000000cb       0x33 .\CortexM3\ARM_GCC_493\Debug\list.o
 .ARM.attributes
                0x000000fe       0x33 .\CortexM3\ARM_GCC_493\Debug\port.o
 .ARM.attributes
                0x00000131       0x33 .\CortexM3\ARM_GCC_493\Debug\queue.o
 .ARM.attributes
                0x00000164       0x33 .\CortexM3\ARM_GCC_493\Debug\tasks.o
 .ARM.attributes
                0x00000197       0x33 .\CortexM3\ARM_GCC_493\Debug\timers.o
 .ARM.attributes
                0x000001ca       0x33 .\CortexM3\ARM_GCC_493\Debug\heap_2.o
 .ARM.attributes
                0x000001fd       0x33 .\CortexM3\ARM_GCC_493\Debug\main.o
 .ARM.attributes
                0x00000230       0x33 .\CortexM3\ARM_GCC_493\Debug\cymetadata.o
 .ARM.attributes
                0x00000263       0x33 .\CortexM3\ARM_GCC_493\Debug\Cm3Start.o
 .ARM.attributes
                0x00000296       0x33 .\CortexM3\ARM_GCC_493\Debug\CY8CKIT-059_RTOS.a(cyfitter_cfg.o)
 .ARM.attributes
                0x000002c9       0x33 .\CortexM3\ARM_GCC_493\Debug\CY8CKIT-059_RTOS.a(LED.o)
 .ARM.attributes
                0x000002fc       0x21 .\CortexM3\ARM_GCC_493\Debug\CY8CKIT-059_RTOS.a(CyBootAsmGnu.o)
 .ARM.attributes
                0x0000031d       0x33 .\CortexM3\ARM_GCC_493\Debug\CY8CKIT-059_RTOS.a(CyLib.o)
 .ARM.attributes
                0x00000350       0x33 .\CortexM3\ARM_GCC_493\Debug\CY8CKIT-059_RTOS.a(cyPm.o)
 .ARM.attributes
                0x00000383       0x33 .\CortexM3\ARM_GCC_493\Debug\CY8CKIT-059_RTOS.a(CyFlash.o)
 .ARM.attributes
                0x000003b6       0x33 .\CortexM3\ARM_GCC_493\Debug\CY8CKIT-059_RTOS.a(CySpc.o)
 .ARM.attributes
                0x000003e9       0x2d c:/program files (x86)/cypress/psoc creator/3.3/psoc creator/import/gnu/arm/4.9.3/bin/../lib/gcc/arm-none-eabi/4.9.3/../../../../arm-none-eabi/lib/armv7-m\libg_nano.a(lib_a-errno.o)
 .ARM.attributes
                0x00000416       0x2d c:/program files (x86)/cypress/psoc creator/3.3/psoc creator/import/gnu/arm/4.9.3/bin/../lib/gcc/arm-none-eabi/4.9.3/../../../../arm-none-eabi/lib/armv7-m\libg_nano.a(lib_a-exit.o)
 .ARM.attributes
                0x00000443       0x2d c:/program files (x86)/cypress/psoc creator/3.3/psoc creator/import/gnu/arm/4.9.3/bin/../lib/gcc/arm-none-eabi/4.9.3/../../../../arm-none-eabi/lib/armv7-m\libg_nano.a(lib_a-impure.o)
 .ARM.attributes
                0x00000470       0x2d c:/program files (x86)/cypress/psoc creator/3.3/psoc creator/import/gnu/arm/4.9.3/bin/../lib/gcc/arm-none-eabi/4.9.3/../../../../arm-none-eabi/lib/armv7-m\libg_nano.a(lib_a-init.o)
 .ARM.attributes
                0x0000049d       0x2d c:/program files (x86)/cypress/psoc creator/3.3/psoc creator/import/gnu/arm/4.9.3/bin/../lib/gcc/arm-none-eabi/4.9.3/../../../../arm-none-eabi/lib/armv7-m\libg_nano.a(lib_a-memcpy.o)
 .ARM.attributes
                0x000004ca       0x2d c:/program files (x86)/cypress/psoc creator/3.3/psoc creator/import/gnu/arm/4.9.3/bin/../lib/gcc/arm-none-eabi/4.9.3/../../../../arm-none-eabi/lib/armv7-m\libg_nano.a(lib_a-memset.o)
 .ARM.attributes
                0x000004f7       0x2d c:/program files (x86)/cypress/psoc creator/3.3/psoc creator/import/gnu/arm/4.9.3/bin/../lib/gcc/arm-none-eabi/4.9.3/armv7-m/crtend.o
 .ARM.attributes
                0x00000524       0x1d c:/program files (x86)/cypress/psoc creator/3.3/psoc creator/import/gnu/arm/4.9.3/bin/../lib/gcc/arm-none-eabi/4.9.3/armv7-m/crtn.o

/DISCARD/
 *(.note.GNU-stack)
OUTPUT(.\CortexM3\ARM_GCC_493\Debug\CY8CKIT-059_RTOS.elf elf32-littlearm)
