Archive member included because of file (symbol)

.\CortexM3\ARM_GCC_493\Debug\CY8CKIT-059_DDS.a(cyfitter_cfg.o)
                              .\CortexM3\ARM_GCC_493\Debug\Cm3Start.o (cyfitter_cfg)
.\CortexM3\ARM_GCC_493\Debug\CY8CKIT-059_DDS.a(LED.o)
                              .\CortexM3\ARM_GCC_493\Debug\main.o (LED_Write)
.\CortexM3\ARM_GCC_493\Debug\CY8CKIT-059_DDS.a(CyBootAsmGnu.o)
                              .\CortexM3\ARM_GCC_493\Debug\CY8CKIT-059_DDS.a(cyfitter_cfg.o) (CyDelayCycles)
.\CortexM3\ARM_GCC_493\Debug\CY8CKIT-059_DDS.a(CyLib.o)
                              .\CortexM3\ARM_GCC_493\Debug\Cm3Start.o (CyHalt)
.\CortexM3\ARM_GCC_493\Debug\CY8CKIT-059_DDS.a(cyPm.o)
                              .\CortexM3\ARM_GCC_493\Debug\CY8CKIT-059_DDS.a(CyLib.o) (CyPmReadStatus)
.\CortexM3\ARM_GCC_493\Debug\CY8CKIT-059_DDS.a(SPIM.o)
                              .\CortexM3\ARM_GCC_493\Debug\main.o (SPIM_ReadTxStatus)
.\CortexM3\ARM_GCC_493\Debug\CY8CKIT-059_DDS.a(SPIM_INT.o)
                              .\CortexM3\ARM_GCC_493\Debug\CY8CKIT-059_DDS.a(SPIM.o) (SPIM_TX_ISR)
.\CortexM3\ARM_GCC_493\Debug\CY8CKIT-059_DDS.a(nTX_EN.o)
                              .\CortexM3\ARM_GCC_493\Debug\main.o (nTX_EN_Write)
.\CortexM3\ARM_GCC_493\Debug\CY8CKIT-059_DDS.a(I2C_1.o)
                              .\CortexM3\ARM_GCC_493\Debug\main.o (I2C_1_Start)
.\CortexM3\ARM_GCC_493\Debug\CY8CKIT-059_DDS.a(I2C_1_INT.o)
                              .\CortexM3\ARM_GCC_493\Debug\CY8CKIT-059_DDS.a(I2C_1.o) (I2C_1_ISR)
.\CortexM3\ARM_GCC_493\Debug\CY8CKIT-059_DDS.a(I2C_1_PM.o)
                              .\CortexM3\ARM_GCC_493\Debug\CY8CKIT-059_DDS.a(I2C_1.o) (I2C_1_backup)
.\CortexM3\ARM_GCC_493\Debug\CY8CKIT-059_DDS.a(I2C_1_MASTER.o)
                              .\CortexM3\ARM_GCC_493\Debug\CY8CKIT-059_DDS.a(I2C_1.o) (I2C_1_mstrStatus)
.\CortexM3\ARM_GCC_493\Debug\CY8CKIT-059_DDS.a(ROT_A.o)
                              .\CortexM3\ARM_GCC_493\Debug\rot.o (ROT_A_Read)
.\CortexM3\ARM_GCC_493\Debug\CY8CKIT-059_DDS.a(ROT_B.o)
                              .\CortexM3\ARM_GCC_493\Debug\rot.o (ROT_B_Read)
.\CortexM3\ARM_GCC_493\Debug\CY8CKIT-059_DDS.a(PI_KEY_0.o)
                              .\CortexM3\ARM_GCC_493\Debug\key.o (PI_KEY_0_Read)
.\CortexM3\ARM_GCC_493\Debug\CY8CKIT-059_DDS.a(PI_KEY_1.o)
                              .\CortexM3\ARM_GCC_493\Debug\key.o (PI_KEY_1_Read)
.\CortexM3\ARM_GCC_493\Debug\CY8CKIT-059_DDS.a(CyFlash.o)
                              .\CortexM3\ARM_GCC_493\Debug\CY8CKIT-059_DDS.a(cyPm.o) (CyFlash_SetWaitCycles)
.\CortexM3\ARM_GCC_493\Debug\CY8CKIT-059_DDS.a(CySpc.o)
                              .\CortexM3\ARM_GCC_493\Debug\CY8CKIT-059_DDS.a(CyFlash.o) (CySpcStart)
c:/program files (x86)/cypress/psoc creator/3.3/psoc creator/import/gnu/arm/4.9.3/bin/../lib/gcc/arm-none-eabi/4.9.3/armv7-m\libgcc.a(_aeabi_ldivmod.o)
                              .\CortexM3\ARM_GCC_493\Debug\main.o (__aeabi_ldivmod)
c:/program files (x86)/cypress/psoc creator/3.3/psoc creator/import/gnu/arm/4.9.3/bin/../lib/gcc/arm-none-eabi/4.9.3/armv7-m\libgcc.a(bpabi.o)
                              c:/program files (x86)/cypress/psoc creator/3.3/psoc creator/import/gnu/arm/4.9.3/bin/../lib/gcc/arm-none-eabi/4.9.3/armv7-m\libgcc.a(_aeabi_ldivmod.o) (__gnu_ldivmod_helper)
c:/program files (x86)/cypress/psoc creator/3.3/psoc creator/import/gnu/arm/4.9.3/bin/../lib/gcc/arm-none-eabi/4.9.3/armv7-m\libgcc.a(_dvmd_tls.o)
                              c:/program files (x86)/cypress/psoc creator/3.3/psoc creator/import/gnu/arm/4.9.3/bin/../lib/gcc/arm-none-eabi/4.9.3/armv7-m\libgcc.a(_aeabi_ldivmod.o) (__aeabi_ldiv0)
c:/program files (x86)/cypress/psoc creator/3.3/psoc creator/import/gnu/arm/4.9.3/bin/../lib/gcc/arm-none-eabi/4.9.3/armv7-m\libgcc.a(_divdi3.o)
                              c:/program files (x86)/cypress/psoc creator/3.3/psoc creator/import/gnu/arm/4.9.3/bin/../lib/gcc/arm-none-eabi/4.9.3/armv7-m\libgcc.a(bpabi.o) (__divdi3)
c:/program files (x86)/cypress/psoc creator/3.3/psoc creator/import/gnu/arm/4.9.3/bin/../lib/gcc/arm-none-eabi/4.9.3/armv7-m\libgcc.a(_udivdi3.o)
                              c:/program files (x86)/cypress/psoc creator/3.3/psoc creator/import/gnu/arm/4.9.3/bin/../lib/gcc/arm-none-eabi/4.9.3/armv7-m\libgcc.a(bpabi.o) (__udivdi3)
c:/program files (x86)/cypress/psoc creator/3.3/psoc creator/import/gnu/arm/4.9.3/bin/../lib/gcc/arm-none-eabi/4.9.3/../../../../arm-none-eabi/lib/armv7-m\libg_nano.a(lib_a-errno.o)
                              .\CortexM3\ARM_GCC_493\Debug\Cm3Start.o (__errno)
c:/program files (x86)/cypress/psoc creator/3.3/psoc creator/import/gnu/arm/4.9.3/bin/../lib/gcc/arm-none-eabi/4.9.3/../../../../arm-none-eabi/lib/armv7-m\libg_nano.a(lib_a-exit.o)
                              c:/program files (x86)/cypress/psoc creator/3.3/psoc creator/import/gnu/arm/4.9.3/bin/../lib/gcc/arm-none-eabi/4.9.3/../../../../arm-none-eabi/lib/armv7-m/crt0.o (exit)
[...]
Memory Configuration

Name             Origin             Length             Attributes
rom              0x00000000         0x00040000         xr
ram              0x1fff8000         0x00010000         xrw
*default*        0x00000000         0xffffffff

Linker script and memory map

LOAD c:/program files (x86)/cypress/psoc creator/3.3/psoc creator/import/gnu/arm/4.9.3/bin/../lib/gcc/arm-none-eabi/4.9.3/armv7-m/crti.o
LOAD c:/program files (x86)/cypress/psoc creator/3.3/psoc creator/import/gnu/arm/4.9.3/bin/../lib/gcc/arm-none-eabi/4.9.3/armv7-m/crtbegin.o
LOAD c:/program files (x86)/cypress/psoc creator/3.3/psoc creator/import/gnu/arm/4.9.3/bin/../lib/gcc/arm-none-eabi/4.9.3/../../../../arm-none-eabi/lib/armv7-m/crt0.o
START GROUP
LOAD .\CortexM3\ARM_GCC_493\Debug\croutine.o
LOAD .\CortexM3\ARM_GCC_493\Debug\event_groups.o
LOAD .\CortexM3\ARM_GCC_493\Debug\list.o
LOAD .\CortexM3\ARM_GCC_493\Debug\port.o
LOAD .\CortexM3\ARM_GCC_493\Debug\queue.o
LOAD .\CortexM3\ARM_GCC_493\Debug\tasks.o
LOAD .\CortexM3\ARM_GCC_493\Debug\timers.o
LOAD .\CortexM3\ARM_GCC_493\Debug\heap_2.o
LOAD .\CortexM3\ARM_GCC_493\Debug\I2C_CLCD.o
LOAD .\CortexM3\ARM_GCC_493\Debug\rot.o
LOAD .\CortexM3\ARM_GCC_493\Debug\key.o
LOAD .\CortexM3\ARM_GCC_493\Debug\main.o
LOAD .\CortexM3\ARM_GCC_493\Debug\cymetadata.o
LOAD .\CortexM3\ARM_GCC_493\Debug\Cm3Start.o
LOAD .\CortexM3\ARM_GCC_493\Debug\CY8CKIT-059_DDS.a
LOAD C:\Program Files (x86)\Cypress\PSoC Creator\3.3\PSoC Creator\psoc\content\cycomponentlibrary\CyComponentLibrary.cylib\CortexM3\ARM_GCC_493\Debug\CyComponentLibrary.a
LOAD c:/program files (x86)/cypress/psoc creator/3.3/psoc creator/import/gnu/arm/4.9.3/bin/../lib/gcc/arm-none-eabi/4.9.3/../../../../arm-none-eabi/lib/armv7-m\libm.a
END GROUP
START GROUP
LOAD c:/program files (x86)/cypress/psoc creator/3.3/psoc creator/import/gnu/arm/4.9.3/bin/../lib/gcc/arm-none-eabi/4.9.3/armv7-m\libgcc.a
LOAD c:/program files (x86)/cypress/psoc creator/3.3/psoc creator/import/gnu/arm/4.9.3/bin/../lib/gcc/arm-none-eabi/4.9.3/../../../../arm-none-eabi/lib/armv7-m\libg_nano.a
LOAD c:/program files (x86)/cypress/psoc creator/3.3/psoc creator/import/gnu/arm/4.9.3/bin/../lib/gcc/arm-none-eabi/4.9.3/../../../../arm-none-eabi/lib/armv7-m\libc_nano.a
END GROUP
START GROUP
LOAD c:/program files (x86)/cypress/psoc creator/3.3/psoc creator/import/gnu/arm/4.9.3/bin/../lib/gcc/arm-none-eabi/4.9.3/armv7-m\libgcc.a
LOAD c:/program files (x86)/cypress/psoc creator/3.3/psoc creator/import/gnu/arm/4.9.3/bin/../lib/gcc/arm-none-eabi/4.9.3/../../../../arm-none-eabi/lib/armv7-m\libc_nano.a
END GROUP
LOAD c:/program files (x86)/cypress/psoc creator/3.3/psoc creator/import/gnu/arm/4.9.3/bin/../lib/gcc/arm-none-eabi/4.9.3/armv7-m/crtend.o
LOAD c:/program files (x86)/cypress/psoc creator/3.3/psoc creator/import/gnu/arm/4.9.3/bin/../lib/gcc/arm-none-eabi/4.9.3/armv7-m/crtn.o
START GROUP
LOAD c:/program files (x86)/cypress/psoc creator/3.3/psoc creator/import/gnu/arm/4.9.3/bin/../lib/gcc/arm-none-eabi/4.9.3/armv7-m\libgcc.a
LOAD c:/program files (x86)/cypress/psoc creator/3.3/psoc creator/import/gnu/arm/4.9.3/bin/../lib/gcc/arm-none-eabi/4.9.3/../../../../arm-none-eabi/lib/armv7-m\libc.a
LOAD c:/program files (x86)/cypress/psoc creator/3.3/psoc creator/import/gnu/arm/4.9.3/bin/../lib/gcc/arm-none-eabi/4.9.3/../../../../arm-none-eabi/lib/armv7-m\libnosys.a
END GROUP
                0x00000000                CY_APPL_ORIGIN = 0x0
                0x00000100                CY_FLASH_ROW_SIZE = 0x100
                0x00000020                CY_ECC_ROW_SIZE = 0x20
                0x00000000                CY_EE_IN_BTLDR = 0x0
                0x00000000                CY_APPL_LOADABLE = 0x0
                0x00000800                CY_EE_SIZE = 0x800
                0x00000001                CY_APPL_NUM = 0x1
                0x00000001                CY_APPL_MAX = 0x1
                0x00000040                CY_METADATA_SIZE = 0x40
                0x00000000                CY_APPL_LOADABLE = 0x0
                0x00000000                CY_CHECKSUM_EXCLUDE_SIZE = ALIGN (0x0, CY_FLASH_ROW_SIZE)
                0x20000348                PROVIDE (__cy_heap_start, _end)
                0x00000001                PROVIDE (__cy_region_num, ((__cy_regions_end - __cy_regions) / 0x10))
                0x20008000                PROVIDE (__cy_stack, (ORIGIN (ram) + 0x10000))
                0x20007800                PROVIDE (__cy_heap_end, (__cy_stack - 0x800))

.cybootloader   0x00000000        0x0
 *(.cybootloader)
                0x00000000                appl1_start = CY_APPL_ORIGIN?CY_APPL_ORIGIN:ALIGN (CY_FLASH_ROW_SIZE)
                0x0001ff00                appl2_start = (appl1_start + ALIGN ((((0x40000 - appl1_start) - (0x2 * CY_FLASH_ROW_SIZE)) / 0x2), CY_FLASH_ROW_SIZE))
                0x00000000                appl_start = (CY_APPL_NUM == 0x1)?appl1_start:appl2_start
                0x00000000                ecc_offset = ((appl_start / CY_FLASH_ROW_SIZE) * CY_ECC_ROW_SIZE)
                0x00000000                ee_offset = (CY_APPL_LOADABLE && ! (CY_EE_IN_BTLDR))?((CY_EE_SIZE / CY_APPL_MAX) * (CY_APPL_NUM - 0x1)):0x0
                0x00000800                ee_size = (CY_APPL_LOADABLE && ! (CY_EE_IN_BTLDR))?(CY_EE_SIZE / CY_APPL_MAX):CY_EE_SIZE
                0x00000000                PROVIDE (CY_ECC_OFFSET, ecc_offset)

.text           0x00000000     0x3234
 CREATE_OBJECT_SYMBOLS
                0x00000000                PROVIDE (__cy_interrupt_vector, RomVectors)
 *(.romvectors)
 .romvectors    0x00000000       0x10 .\CortexM3\ARM_GCC_493\Debug\Cm3Start.o
                0x00000000                RomVectors
                0x00000001                ASSERT ((. != __cy_interrupt_vector), No interrupt vector)
                0x00000001                ASSERT (CY_APPL_ORIGIN?(SIZEOF (.cybootloader) <= CY_APPL_ORIGIN):0x1, Wrong image location)
                0x00000010                PROVIDE (__cy_reset, Reset)
 *(.text.Reset)
 .text.Reset    0x00000010       0x18 .\CortexM3\ARM_GCC_493\Debug\Cm3Start.o
                0x00000010                Reset
                0x00000001                ASSERT ((. != __cy_reset), No reset code)
 *(.dma_init)
                0x00000001                ASSERT ((((appl_start + .) <= 0x10000) || 0x1), DMA Init must be within the first 64k of flash)
 *(.text .text.* .gnu.linkonce.t.*)
 .text          0x00000028       0x5c c:/program files (x86)/cypress/psoc creator/3.3/psoc creator/import/gnu/arm/4.9.3/bin/../lib/gcc/arm-none-eabi/4.9.3/armv7-m/crtbegin.o
 .text.vListInitialise
                0x00000084       0x18 .\CortexM3\ARM_GCC_493\Debug\list.o
                0x00000084                vListInitialise
 .text.vListInitialiseItem
                0x0000009c        0x8 .\CortexM3\ARM_GCC_493\Debug\list.o
                0x0000009c                vListInitialiseItem
 .text.vListInsertEnd
                0x000000a4       0x18 .\CortexM3\ARM_GCC_493\Debug\list.o
                0x000000a4                vListInsertEnd
 .text.vListInsert
                0x000000bc       0x34 .\CortexM3\ARM_GCC_493\Debug\list.o
                0x000000bc                vListInsert
 .text.uxListRemove
                0x000000f0       0x24 .\CortexM3\ARM_GCC_493\Debug\list.o
                0x000000f0                uxListRemove
 .text.prvPortStartFirstTask
                0x00000114       0x20 .\CortexM3\ARM_GCC_493\Debug\port.o
 .text.pxPortInitialiseStack
                0x00000134       0x20 .\CortexM3\ARM_GCC_493\Debug\port.o
                0x00000134                pxPortInitialiseStack
 .text.vPortSVCHandler
                0x00000154       0x24 .\CortexM3\ARM_GCC_493\Debug\port.o
                0x00000154                vPortSVCHandler
 .text.vPortYield
                0x00000178       0x18 .\CortexM3\ARM_GCC_493\Debug\port.o
                0x00000178                vPortYield
 .text.ulPortSetInterruptMask
                0x00000190       0x10 .\CortexM3\ARM_GCC_493\Debug\port.o
                0x00000190                ulPortSetInterruptMask
 .text.prvTaskExitError
                0x000001a0        0x8 .\CortexM3\ARM_GCC_493\Debug\port.o
 .text.vPortEnterCritical
                0x000001a8       0x1c .\CortexM3\ARM_GCC_493\Debug\port.o
                0x000001a8                vPortEnterCritical
 .text.vPortClearInterruptMask
                0x000001c4        0x8 .\CortexM3\ARM_GCC_493\Debug\port.o
                0x000001c4                vPortClearInterruptMask
 .text.vPortExitCritical
                0x000001cc       0x18 .\CortexM3\ARM_GCC_493\Debug\port.o
                0x000001cc                vPortExitCritical
 .text.xPortPendSVHandler
                0x000001e4       0x44 .\CortexM3\ARM_GCC_493\Debug\port.o
                0x000001e4                xPortPendSVHandler
 .text.xPortSysTickHandler
                0x00000228       0x20 .\CortexM3\ARM_GCC_493\Debug\port.o
                0x00000228                xPortSysTickHandler
 .text.vPortSetupTimerInterrupt
                0x00000248       0x18 .\CortexM3\ARM_GCC_493\Debug\port.o
                0x00000248                vPortSetupTimerInterrupt
 .text.xPortStartScheduler
                0x00000260       0x30 .\CortexM3\ARM_GCC_493\Debug\port.o
                0x00000260                xPortStartScheduler
 .text.prvIsQueueFull
                0x00000290       0x20 .\CortexM3\ARM_GCC_493\Debug\queue.o
 .text.prvIsQueueEmpty
                0x000002b0       0x1c .\CortexM3\ARM_GCC_493\Debug\queue.o
 .text.prvCopyDataToQueue
                0x000002cc       0x7c .\CortexM3\ARM_GCC_493\Debug\queue.o
 .text.prvCopyDataFromQueue
                0x00000348       0x24 .\CortexM3\ARM_GCC_493\Debug\queue.o
 .text.prvUnlockQueue
                0x0000036c       0x64 .\CortexM3\ARM_GCC_493\Debug\queue.o
 .text.xQueueGenericReset
                0x000003d0       0x5c .\CortexM3\ARM_GCC_493\Debug\queue.o
                0x000003d0                xQueueGenericReset
 .text.xQueueGenericCreate
                0x0000042c       0x38 .\CortexM3\ARM_GCC_493\Debug\queue.o
                0x0000042c                xQueueGenericCreate
 .text.xQueueGenericSend
                0x00000464       0xd8 .\CortexM3\ARM_GCC_493\Debug\queue.o
                0x00000464                xQueueGenericSend
 .text.xQueueCreateMutex
                0x0000053c       0x44 .\CortexM3\ARM_GCC_493\Debug\queue.o
                0x0000053c                xQueueCreateMutex
 .text.xQueueGenericReceive
                0x00000580      0x100 .\CortexM3\ARM_GCC_493\Debug\queue.o
                0x00000580                xQueueGenericReceive
 .text.uxQueueMessagesWaiting
                0x00000680       0x14 .\CortexM3\ARM_GCC_493\Debug\queue.o
                0x00000680                uxQueueMessagesWaiting
 .text.prvResetNextTaskUnblockTime
                0x00000694       0x2c .\CortexM3\ARM_GCC_493\Debug\tasks.o
 .text.prvDeleteTCB
                0x000006c0       0x14 .\CortexM3\ARM_GCC_493\Debug\tasks.o
 .text.prvAllocateTCBAndStack
                0x000006d4       0x3c .\CortexM3\ARM_GCC_493\Debug\tasks.o
 .text.prvInitialiseTCBVariables
                0x00000710       0x50 .\CortexM3\ARM_GCC_493\Debug\tasks.o
 .text.prvInitialiseTaskLists
                0x00000760       0x58 .\CortexM3\ARM_GCC_493\Debug\tasks.o
 .text.prvAddCurrentTaskToDelayedList
                0x000007b8       0x44 .\CortexM3\ARM_GCC_493\Debug\tasks.o
 .text.xTaskGenericCreate
                0x000007fc       0xf4 .\CortexM3\ARM_GCC_493\Debug\tasks.o
                0x000007fc                xTaskGenericCreate
 .text.vTaskStartScheduler
                0x000008f0       0x4c .\CortexM3\ARM_GCC_493\Debug\tasks.o
                0x000008f0                vTaskStartScheduler
 .text.vTaskSuspendAll
                0x0000093c       0x14 .\CortexM3\ARM_GCC_493\Debug\tasks.o
                0x0000093c                vTaskSuspendAll
 .text.xTaskIncrementTick
                0x00000950      0x104 .\CortexM3\ARM_GCC_493\Debug\tasks.o
                0x00000950                xTaskIncrementTick
 .text.xTaskResumeAll
                0x00000a54       0xcc .\CortexM3\ARM_GCC_493\Debug\tasks.o
                0x00000a54                xTaskResumeAll
 .text.vTaskDelay
                0x00000b20       0x50 .\CortexM3\ARM_GCC_493\Debug\tasks.o
                0x00000b20                vTaskDelay
 .text.prvCheckTasksWaitingTermination
                0x00000b70       0x54 .\CortexM3\ARM_GCC_493\Debug\tasks.o
 .text.prvIdleTask
                0x00000bc4        0x8 .\CortexM3\ARM_GCC_493\Debug\tasks.o
 .text.vTaskSwitchContext
                0x00000bcc       0xa8 .\CortexM3\ARM_GCC_493\Debug\tasks.o
                0x00000bcc                vTaskSwitchContext
 .text.vTaskPlaceOnEventList
                0x00000c74       0x58 .\CortexM3\ARM_GCC_493\Debug\tasks.o
                0x00000c74                vTaskPlaceOnEventList
 .text.xTaskRemoveFromEventList
                0x00000ccc       0x70 .\CortexM3\ARM_GCC_493\Debug\tasks.o
                0x00000ccc                xTaskRemoveFromEventList
 .text.vTaskSetTimeOutState
                0x00000d3c       0x14 .\CortexM3\ARM_GCC_493\Debug\tasks.o
                0x00000d3c                vTaskSetTimeOutState
 .text.xTaskCheckForTimeOut
                0x00000d50       0x58 .\CortexM3\ARM_GCC_493\Debug\tasks.o
                0x00000d50                xTaskCheckForTimeOut
 .text.vTaskMissedYield
                0x00000da8       0x10 .\CortexM3\ARM_GCC_493\Debug\tasks.o
                0x00000da8                vTaskMissedYield
 .text.vTaskPriorityInherit
                0x00000db8       0xb0 .\CortexM3\ARM_GCC_493\Debug\tasks.o
                0x00000db8                vTaskPriorityInherit
 .text.xTaskPriorityDisinherit
                0x00000e68       0x84 .\CortexM3\ARM_GCC_493\Debug\tasks.o
                0x00000e68                xTaskPriorityDisinherit
 .text.pvTaskIncrementMutexHeldCount
                0x00000eec       0x20 .\CortexM3\ARM_GCC_493\Debug\tasks.o
                0x00000eec                pvTaskIncrementMutexHeldCount
 .text.prvHeapInit
                0x00000f0c       0x30 .\CortexM3\ARM_GCC_493\Debug\heap_2.o
 .text.pvPortMalloc
                0x00000f3c       0xb4 .\CortexM3\ARM_GCC_493\Debug\heap_2.o
                0x00000f3c                pvPortMalloc
 .text.vPortFree
                0x00000ff0       0x44 .\CortexM3\ARM_GCC_493\Debug\heap_2.o
                0x00000ff0                vPortFree
 .text.I2C_CLCD_WrCntrlNib
                0x00001034       0x58 .\CortexM3\ARM_GCC_493\Debug\I2C_CLCD.o
 .text.I2C_CLCD_WrDatNib
                0x0000108c       0x6c .\CortexM3\ARM_GCC_493\Debug\I2C_CLCD.o
 .text.I2C_CLCD_IsReady
                0x000010f8        0xc .\CortexM3\ARM_GCC_493\Debug\I2C_CLCD.o
                0x000010f8                I2C_CLCD_IsReady
 .text.I2C_CLCD_WriteData
                0x00001104       0x18 .\CortexM3\ARM_GCC_493\Debug\I2C_CLCD.o
                0x00001104                I2C_CLCD_WriteData
 .text.I2C_CLCD_PrintString
                0x0000111c       0x1c .\CortexM3\ARM_GCC_493\Debug\I2C_CLCD.o
                0x0000111c                I2C_CLCD_PrintString
 .text.I2C_CLCD_WriteControl
                0x00001138       0x18 .\CortexM3\ARM_GCC_493\Debug\I2C_CLCD.o
                0x00001138                I2C_CLCD_WriteControl
 .text.I2C_CLCD_Init
                0x00001150       0x6c .\CortexM3\ARM_GCC_493\Debug\I2C_CLCD.o
                0x00001150                I2C_CLCD_Init
 .text.I2C_CLCD_Enable
                0x000011bc       0x14 .\CortexM3\ARM_GCC_493\Debug\I2C_CLCD.o
                0x000011bc                I2C_CLCD_Enable
 .text.I2C_CLCD_Start
                0x000011d0       0x1c .\CortexM3\ARM_GCC_493\Debug\I2C_CLCD.o
                0x000011d0                I2C_CLCD_Start
 .text.I2C_CLCD_Position
                0x000011ec       0x3c .\CortexM3\ARM_GCC_493\Debug\I2C_CLCD.o
                0x000011ec                I2C_CLCD_Position
 .text.Init_ROT
                0x00001228        0x4 .\CortexM3\ARM_GCC_493\Debug\rot.o
                0x00001228                Init_ROT
 .text.Task_ROT
                0x0000122c       0x7c .\CortexM3\ARM_GCC_493\Debug\rot.o
                0x0000122c                Task_ROT
 .text.Init_Key
                0x000012a8       0x18 .\CortexM3\ARM_GCC_493\Debug\key.o
                0x000012a8                Init_Key
 .text.Check_Key_Status
                0x000012c0       0x30 .\CortexM3\ARM_GCC_493\Debug\key.o
                0x000012c0                Check_Key_Status
 .text.Task_KEY
                0x000012f0       0xe0 .\CortexM3\ARM_GCC_493\Debug\key.o
                0x000012f0                Task_KEY
 .text.Task_LED
                0x000013d0       0x2c .\CortexM3\ARM_GCC_493\Debug\main.o
                0x000013d0                Task_LED
 *fill*         0x000013fc        0x4 
 .text.Task_DDR
                0x00001400      0x1f0 .\CortexM3\ARM_GCC_493\Debug\main.o
                0x00001400                Task_DDR
 .text.prvHardwareSetup
                0x000015f0       0x20 .\CortexM3\ARM_GCC_493\Debug\main.o
                0x000015f0                prvHardwareSetup
 .text.main     0x00001610      0x110 .\CortexM3\ARM_GCC_493\Debug\main.o
                0x00001610                main
 .text.vApplicationStackOverflowHook
                0x00001720        0x8 .\CortexM3\ARM_GCC_493\Debug\main.o
                0x00001720                vApplicationStackOverflowHook
 .text.vApplicationMallocFailedHook
                0x00001728        0x8 .\CortexM3\ARM_GCC_493\Debug\main.o
                0x00001728                vApplicationMallocFailedHook
 .text.IntDefaultHandler
                0x00001730        0x4 .\CortexM3\ARM_GCC_493\Debug\Cm3Start.o
                0x00001730                IntDefaultHandler
 .text._sbrk    0x00001734       0x30 .\CortexM3\ARM_GCC_493\Debug\Cm3Start.o
                0x00001734                _sbrk
 .text.Start_c  0x00001764       0x4c .\CortexM3\ARM_GCC_493\Debug\Cm3Start.o
                0x00001764                Start_c
 .text.initialize_psoc
                0x000017b0       0x74 .\CortexM3\ARM_GCC_493\Debug\Cm3Start.o
                0x000017b0                initialize_psoc
 .text.CyClockStartupError
                0x00001824        0x4 .\CortexM3\ARM_GCC_493\Debug\CY8CKIT-059_DDS.a(cyfitter_cfg.o)
 .text.cfg_write_bytes32
                0x00001828       0x34 .\CortexM3\ARM_GCC_493\Debug\CY8CKIT-059_DDS.a(cyfitter_cfg.o)
 .text.AnalogSetDefault
                0x0000185c       0x28 .\CortexM3\ARM_GCC_493\Debug\CY8CKIT-059_DDS.a(cyfitter_cfg.o)
 .text.ClockSetup
                0x00001884       0xbc .\CortexM3\ARM_GCC_493\Debug\CY8CKIT-059_DDS.a(cyfitter_cfg.o)
 .text.CYMEMZERO
                0x00001940        0xc .\CortexM3\ARM_GCC_493\Debug\CY8CKIT-059_DDS.a(cyfitter_cfg.o)
 .text.CYCONFIGCPY
                0x0000194c        0x8 .\CortexM3\ARM_GCC_493\Debug\CY8CKIT-059_DDS.a(cyfitter_cfg.o)
 .text.cyfitter_cfg
                0x00001954      0x118 .\CortexM3\ARM_GCC_493\Debug\CY8CKIT-059_DDS.a(cyfitter_cfg.o)
                0x00001954                cyfitter_cfg
 .text.LED_Write
                0x00001a6c       0x18 .\CortexM3\ARM_GCC_493\Debug\CY8CKIT-059_DDS.a(LED.o)
                0x00001a6c                LED_Write
 *fill*         0x00001a84        0x4 
 .text          0x00001a88       0x20 .\CortexM3\ARM_GCC_493\Debug\CY8CKIT-059_DDS.a(CyBootAsmGnu.o)
                0x00001a88                CyDelayCycles
                0x00001a98                CyEnterCriticalSection
                0x00001aa0                CyExitCriticalSection
 .text.CyHalt   0x00001aa8        0x4 .\CortexM3\ARM_GCC_493\Debug\CY8CKIT-059_DDS.a(CyLib.o)
                0x00001aa8                CyHalt
 .text.CyDelay  0x00001aac       0x2c .\CortexM3\ARM_GCC_493\Debug\CY8CKIT-059_DDS.a(CyLib.o)
                0x00001aac                CyDelay
 .text.CyDelayUs
                0x00001ad8       0x14 .\CortexM3\ARM_GCC_493\Debug\CY8CKIT-059_DDS.a(CyLib.o)
                0x00001ad8                CyDelayUs
 .text.CyIntSetVector
                0x00001aec       0x28 .\CortexM3\ARM_GCC_493\Debug\CY8CKIT-059_DDS.a(CyLib.o)
                0x00001aec                CyIntSetVector
 .text.CyIntSetPriority
                0x00001b14       0x30 .\CortexM3\ARM_GCC_493\Debug\CY8CKIT-059_DDS.a(CyLib.o)
                0x00001b14                CyIntSetPriority
 .text.SPIM_EnableTxInt
                0x00001b44        0xc .\CortexM3\ARM_GCC_493\Debug\CY8CKIT-059_DDS.a(SPIM.o)
                0x00001b44                SPIM_EnableTxInt
 .text.SPIM_EnableRxInt
                0x00001b50        0xc .\CortexM3\ARM_GCC_493\Debug\CY8CKIT-059_DDS.a(SPIM.o)
                0x00001b50                SPIM_EnableRxInt
 .text.SPIM_Enable
                0x00001b5c       0x38 .\CortexM3\ARM_GCC_493\Debug\CY8CKIT-059_DDS.a(SPIM.o)
                0x00001b5c                SPIM_Enable
 .text.SPIM_DisableTxInt
                0x00001b94        0xc .\CortexM3\ARM_GCC_493\Debug\CY8CKIT-059_DDS.a(SPIM.o)
                0x00001b94                SPIM_DisableTxInt
 .text.SPIM_DisableRxInt
                0x00001ba0        0xc .\CortexM3\ARM_GCC_493\Debug\CY8CKIT-059_DDS.a(SPIM.o)
                0x00001ba0                SPIM_DisableRxInt
 .text.SPIM_ReadTxStatus
                0x00001bac       0x28 .\CortexM3\ARM_GCC_493\Debug\CY8CKIT-059_DDS.a(SPIM.o)
                0x00001bac                SPIM_ReadTxStatus
 .text.SPIM_ReadRxStatus
                0x00001bd4       0x28 .\CortexM3\ARM_GCC_493\Debug\CY8CKIT-059_DDS.a(SPIM.o)
                0x00001bd4                SPIM_ReadRxStatus
 .text.SPIM_WriteTxData
                0x00001bfc       0xd0 .\CortexM3\ARM_GCC_493\Debug\CY8CKIT-059_DDS.a(SPIM.o)
                0x00001bfc                SPIM_WriteTxData
 .text.SPIM_ClearFIFO
                0x00001ccc       0x3c .\CortexM3\ARM_GCC_493\Debug\CY8CKIT-059_DDS.a(SPIM.o)
                0x00001ccc                SPIM_ClearFIFO
 .text.SPIM_Init
                0x00001d08       0x90 .\CortexM3\ARM_GCC_493\Debug\CY8CKIT-059_DDS.a(SPIM.o)
                0x00001d08                SPIM_Init
 .text.SPIM_Start
                0x00001d98       0x1c .\CortexM3\ARM_GCC_493\Debug\CY8CKIT-059_DDS.a(SPIM.o)
                0x00001d98                SPIM_Start
 .text.SPIM_TX_ISR
                0x00001db4       0x9c .\CortexM3\ARM_GCC_493\Debug\CY8CKIT-059_DDS.a(SPIM_INT.o)
                0x00001db4                SPIM_TX_ISR
 .text.SPIM_RX_ISR
                0x00001e50       0xa0 .\CortexM3\ARM_GCC_493\Debug\CY8CKIT-059_DDS.a(SPIM_INT.o)
                0x00001e50                SPIM_RX_ISR
 .text.nTX_EN_Write
                0x00001ef0       0x18 .\CortexM3\ARM_GCC_493\Debug\CY8CKIT-059_DDS.a(nTX_EN.o)
                0x00001ef0                nTX_EN_Write
 .text.I2C_1_Init
                0x00001f08       0x68 .\CortexM3\ARM_GCC_493\Debug\CY8CKIT-059_DDS.a(I2C_1.o)
                0x00001f08                I2C_1_Init
 .text.I2C_1_Enable
                0x00001f70       0x24 .\CortexM3\ARM_GCC_493\Debug\CY8CKIT-059_DDS.a(I2C_1.o)
                0x00001f70                I2C_1_Enable
 .text.I2C_1_Start
                0x00001f94       0x28 .\CortexM3\ARM_GCC_493\Debug\CY8CKIT-059_DDS.a(I2C_1.o)
                0x00001f94                I2C_1_Start
 .text.I2C_1_ISR
                0x00001fbc      0x2cc .\CortexM3\ARM_GCC_493\Debug\CY8CKIT-059_DDS.a(I2C_1_INT.o)
                0x00001fbc                I2C_1_ISR
 .text.I2C_1_MasterSendStart
                0x00002288       0x80 .\CortexM3\ARM_GCC_493\Debug\CY8CKIT-059_DDS.a(I2C_1_MASTER.o)
                0x00002288                I2C_1_MasterSendStart
 .text.I2C_1_MasterSendStop
                0x00002308       0x38 .\CortexM3\ARM_GCC_493\Debug\CY8CKIT-059_DDS.a(I2C_1_MASTER.o)
                0x00002308                I2C_1_MasterSendStop
 .text.I2C_1_MasterWriteByte
                0x00002340       0x58 .\CortexM3\ARM_GCC_493\Debug\CY8CKIT-059_DDS.a(I2C_1_MASTER.o)
                0x00002340                I2C_1_MasterWriteByte
 .text.ROT_A_Read
                0x00002398       0x10 .\CortexM3\ARM_GCC_493\Debug\CY8CKIT-059_DDS.a(ROT_A.o)
                0x00002398                ROT_A_Read
 .text.ROT_B_Read
                0x000023a8       0x10 .\CortexM3\ARM_GCC_493\Debug\CY8CKIT-059_DDS.a(ROT_B.o)
                0x000023a8                ROT_B_Read
 .text.PI_KEY_0_Read
                0x000023b8       0x10 .\CortexM3\ARM_GCC_493\Debug\CY8CKIT-059_DDS.a(PI_KEY_0.o)
                0x000023b8                PI_KEY_0_Read
 .text.PI_KEY_1_Read
                0x000023c8       0x10 .\CortexM3\ARM_GCC_493\Debug\CY8CKIT-059_DDS.a(PI_KEY_1.o)
                0x000023c8                PI_KEY_1_Read
 .text          0x000023d8       0x38 c:/program files (x86)/cypress/psoc creator/3.3/psoc creator/import/gnu/arm/4.9.3/bin/../lib/gcc/arm-none-eabi/4.9.3/armv7-m\libgcc.a(_aeabi_ldivmod.o)
                0x000023d8                __aeabi_ldivmod
 .text          0x00002410       0x60 c:/program files (x86)/cypress/psoc creator/3.3/psoc creator/import/gnu/arm/4.9.3/bin/../lib/gcc/arm-none-eabi/4.9.3/armv7-m\libgcc.a(bpabi.o)
                0x00002410                __gnu_ldivmod_helper
                0x00002440                __gnu_uldivmod_helper
 .text          0x00002470        0x4 c:/program files (x86)/cypress/psoc creator/3.3/psoc creator/import/gnu/arm/4.9.3/bin/../lib/gcc/arm-none-eabi/4.9.3/armv7-m\libgcc.a(_dvmd_tls.o)
                0x00002470                __aeabi_idiv0
                0x00002470                __aeabi_ldiv0
 .text          0x00002474      0x2ac c:/program files (x86)/cypress/psoc creator/3.3/psoc creator/import/gnu/arm/4.9.3/bin/../lib/gcc/arm-none-eabi/4.9.3/armv7-m\libgcc.a(_divdi3.o)
                0x00002474                __divdi3
 .text          0x00002720      0x270 c:/program files (x86)/cypress/psoc creator/3.3/psoc creator/import/gnu/arm/4.9.3/bin/../lib/gcc/arm-none-eabi/4.9.3/armv7-m\libgcc.a(_udivdi3.o)
                0x00002720                __udivdi3
 .text.__errno  0x00002990        0xc c:/program files (x86)/cypress/psoc creator/3.3/psoc creator/import/gnu/arm/4.9.3/bin/../lib/gcc/arm-none-eabi/4.9.3/../../../../arm-none-eabi/lib/armv7-m\libg_nano.a(lib_a-errno.o)
                0x00002990                __errno
 .text.__libc_init_array
                0x0000299c       0x4c c:/program files (x86)/cypress/psoc creator/3.3/psoc creator/import/gnu/arm/4.9.3/bin/../lib/gcc/arm-none-eabi/4.9.3/../../../../arm-none-eabi/lib/armv7-m\libg_nano.a(lib_a-init.o)
                0x0000299c                __libc_init_array
 .text.memcpy   0x000029e8       0x16 c:/program files (x86)/cypress/psoc creator/3.3/psoc creator/import/gnu/arm/4.9.3/bin/../lib/gcc/arm-none-eabi/4.9.3/../../../../arm-none-eabi/lib/armv7-m\libg_nano.a(lib_a-memcpy.o)
                0x000029e8                memcpy
 .text.memset   0x000029fe       0x10 c:/program files (x86)/cypress/psoc creator/3.3/psoc creator/import/gnu/arm/4.9.3/bin/../lib/gcc/arm-none-eabi/4.9.3/../../../../arm-none-eabi/lib/armv7-m\libg_nano.a(lib_a-memset.o)
                0x000029fe                memset
 *fill*         0x00002a0e        0x2 
 .text.sprintf  0x00002a10       0x48 c:/program files (x86)/cypress/psoc creator/3.3/psoc creator/import/gnu/arm/4.9.3/bin/../lib/gcc/arm-none-eabi/4.9.3/../../../../arm-none-eabi/lib/armv7-m\libg_nano.a(lib_a-sprintf.o)
                0x00002a10                siprintf
                0x00002a10                sprintf
 .text.strcpy   0x00002a58       0x10 c:/program files (x86)/cypress/psoc creator/3.3/psoc creator/import/gnu/arm/4.9.3/bin/../lib/gcc/arm-none-eabi/4.9.3/../../../../arm-none-eabi/lib/armv7-m\libg_nano.a(lib_a-strcpy.o)
                0x00002a58                strcpy
 .text.__ssputs_r
                0x00002a68       0xb2 c:/program files (x86)/cypress/psoc creator/3.3/psoc creator/import/gnu/arm/4.9.3/bin/../lib/gcc/arm-none-eabi/4.9.3/../../../../arm-none-eabi/lib/armv7-m\libg_nano.a(lib_a-nano-svfprintf.o)
                0x00002a68                __ssputs_r
 *fill*         0x00002b1a        0x2 
 .text._svfprintf_r
                0x00002b1c      0x1e4 c:/program files (x86)/cypress/psoc creator/3.3/psoc creator/import/gnu/arm/4.9.3/bin/../lib/gcc/arm-none-eabi/4.9.3/../../../../arm-none-eabi/lib/armv7-m\libg_nano.a(lib_a-nano-svfprintf.o)
                0x00002b1c                _svfiprintf_r
                0x00002b1c                _svfprintf_r
 .text._printf_common
                0x00002d00       0xea c:/program files (x86)/cypress/psoc creator/3.3/psoc creator/import/gnu/arm/4.9.3/bin/../lib/gcc/arm-none-eabi/4.9.3/../../../../arm-none-eabi/lib/armv7-m\libg_nano.a(lib_a-nano-vfprintf_i.o)
                0x00002d00                _printf_common
 *fill*         0x00002dea        0x2 
 .text._printf_i
                0x00002dec      0x240 c:/program files (x86)/cypress/psoc creator/3.3/psoc creator/import/gnu/arm/4.9.3/bin/../lib/gcc/arm-none-eabi/4.9.3/../../../../arm-none-eabi/lib/armv7-m\libg_nano.a(lib_a-nano-vfprintf_i.o)
                0x00002dec                _printf_i
 .text.memchr   0x0000302c       0x1c c:/program files (x86)/cypress/psoc creator/3.3/psoc creator/import/gnu/arm/4.9.3/bin/../lib/gcc/arm-none-eabi/4.9.3/../../../../arm-none-eabi/lib/armv7-m\libg_nano.a(lib_a-memchr.o)
                0x0000302c                memchr
 .text.memmove  0x00003048       0x36 c:/program files (x86)/cypress/psoc creator/3.3/psoc creator/import/gnu/arm/4.9.3/bin/../lib/gcc/arm-none-eabi/4.9.3/../../../../arm-none-eabi/lib/armv7-m\libg_nano.a(lib_a-memmove.o)
                0x00003048                memmove
 *fill*         0x0000307e        0x2 
 .text._free_r  0x00003080       0x88 c:/program files (x86)/cypress/psoc creator/3.3/psoc creator/import/gnu/arm/4.9.3/bin/../lib/gcc/arm-none-eabi/4.9.3/../../../../arm-none-eabi/lib/armv7-m\libg_nano.a(lib_a-nano-freer.o)
                0x00003080                _free_r
 .text._malloc_r
                0x00003108       0xac c:/program files (x86)/cypress/psoc creator/3.3/psoc creator/import/gnu/arm/4.9.3/bin/../lib/gcc/arm-none-eabi/4.9.3/../../../../arm-none-eabi/lib/armv7-m\libg_nano.a(lib_a-nano-mallocr.o)
                0x00003108                _malloc_r
 .text._realloc_r
                0x000031b4       0x4c c:/program files (x86)/cypress/psoc creator/3.3/psoc creator/import/gnu/arm/4.9.3/bin/../lib/gcc/arm-none-eabi/4.9.3/../../../../arm-none-eabi/lib/armv7-m\libg_nano.a(lib_a-nano-reallocr.o)
                0x000031b4                _realloc_r
 .text._sbrk_r  0x00003200       0x20 c:/program files (x86)/cypress/psoc creator/3.3/psoc creator/import/gnu/arm/4.9.3/bin/../lib/gcc/arm-none-eabi/4.9.3/../../../../arm-none-eabi/lib/armv7-m\libg_nano.a(lib_a-sbrkr.o)
                0x00003200                _sbrk_r
 .text._malloc_usable_size_r
                0x00003220       0x14 c:/program files (x86)/cypress/psoc creator/3.3/psoc creator/import/gnu/arm/4.9.3/bin/../lib/gcc/arm-none-eabi/4.9.3/../../../../arm-none-eabi/lib/armv7-m\libg_nano.a(lib_a-nano-msizer.o)
                0x00003220                _malloc_usable_size_r
 *(.plt)
 *(.gnu.warning)
 *(.glue_7t)
 .glue_7t       0x00000000        0x0 linker stubs
 *(.glue_7)
 .glue_7        0x00000000        0x0 linker stubs
 *(.vfp11_veneer)
 .vfp11_veneer  0x00000000        0x0 linker stubs
 *(.bootloader)
 *(.ARM.extab* .gnu.linkonce.armextab.*)
 *(.gcc_except_table)

.v4_bx          0x00003234        0x0
 .v4_bx         0x00000000        0x0 linker stubs

.iplt           0x00003234        0x0
 .iplt          0x00000000        0x0 c:/program files (x86)/cypress/psoc creator/3.3/psoc creator/import/gnu/arm/4.9.3/bin/../lib/gcc/arm-none-eabi/4.9.3/armv7-m/crtbegin.o

.eh_frame_hdr
 *(.eh_frame_hdr)

.eh_frame       0x00003234        0x4
 *(.eh_frame)
 .eh_frame      0x00003234        0x0 c:/program files (x86)/cypress/psoc creator/3.3/psoc creator/import/gnu/arm/4.9.3/bin/../lib/gcc/arm-none-eabi/4.9.3/armv7-m/crtbegin.o
 .eh_frame      0x00003234        0x4 c:/program files (x86)/cypress/psoc creator/3.3/psoc creator/import/gnu/arm/4.9.3/bin/../lib/gcc/arm-none-eabi/4.9.3/armv7-m/crtend.o
                0x00003238                PROVIDE (__exidx_start, .)

.ARM.exidx      0x00003238        0x8
 *(.ARM.exidx* .gnu.linkonce.armexidx.*)
 .ARM.exidx     0x00003238        0x8 c:/program files (x86)/cypress/psoc creator/3.3/psoc creator/import/gnu/arm/4.9.3/bin/../lib/gcc/arm-none-eabi/4.9.3/armv7-m\libgcc.a(_divdi3.o)
 .ARM.exidx     0x00003240        0x0 c:/program files (x86)/cypress/psoc creator/3.3/psoc creator/import/gnu/arm/4.9.3/bin/../lib/gcc/arm-none-eabi/4.9.3/armv7-m\libgcc.a(_udivdi3.o)
                                  0x8 (size before relaxing)
                0x00003240                __exidx_end = .

.rodata         0x00003240      0x170
 *(.rodata .rodata.* .gnu.linkonce.r.*)
 .rodata.str1.4
                0x00003240        0x5 .\CortexM3\ARM_GCC_493\Debug\tasks.o
                                  0x8 (size before relaxing)
 *fill*         0x00003245        0x3 
 .rodata        0x00003248        0x8 .\CortexM3\ARM_GCC_493\Debug\main.o
 .rodata.str1.4
                0x00003250       0xb0 .\CortexM3\ARM_GCC_493\Debug\main.o
 .rodata        0x00003300       0x44 .\CortexM3\ARM_GCC_493\Debug\CY8CKIT-059_DDS.a(cyfitter_cfg.o)
 .rodata.str1.1
                0x00003344        0x2 c:/program files (x86)/cypress/psoc creator/3.3/psoc creator/import/gnu/arm/4.9.3/bin/../lib/gcc/arm-none-eabi/4.9.3/../../../../arm-none-eabi/lib/armv7-m\libg_nano.a(lib_a-impure.o)
 .rodata.str1.1
                0x00003346       0x11 c:/program files (x86)/cypress/psoc creator/3.3/psoc creator/import/gnu/arm/4.9.3/bin/../lib/gcc/arm-none-eabi/4.9.3/../../../../arm-none-eabi/lib/armv7-m\libg_nano.a(lib_a-nano-svfprintf.o)
 .rodata.str1.1
                0x00003357       0x22 c:/program files (x86)/cypress/psoc creator/3.3/psoc creator/import/gnu/arm/4.9.3/bin/../lib/gcc/arm-none-eabi/4.9.3/../../../../arm-none-eabi/lib/armv7-m\libg_nano.a(lib_a-nano-vfprintf_i.o)
                0x0000337c                . = ALIGN (0x4)
 *fill*         0x00003379        0x3 
 *(.init)
 .init          0x0000337c        0x4 c:/program files (x86)/cypress/psoc creator/3.3/psoc creator/import/gnu/arm/4.9.3/bin/../lib/gcc/arm-none-eabi/4.9.3/armv7-m/crti.o
                0x0000337c                _init
 .init          0x00003380        0x8 c:/program files (x86)/cypress/psoc creator/3.3/psoc creator/import/gnu/arm/4.9.3/bin/../lib/gcc/arm-none-eabi/4.9.3/armv7-m/crtn.o
                0x00003388                . = ALIGN (0x4)
                0x00003388                __preinit_array_start = .
 *(.preinit_array)
                0x00003388                __preinit_array_end = .
                0x00003388                . = ALIGN (0x4)
                0x00003388                __init_array_start = .
 *(SORT(.init_array.*))
 *(.init_array)
 .init_array    0x00003388        0x4 c:/program files (x86)/cypress/psoc creator/3.3/psoc creator/import/gnu/arm/4.9.3/bin/../lib/gcc/arm-none-eabi/4.9.3/armv7-m/crtbegin.o
 .init_array    0x0000338c        0x4 .\CortexM3\ARM_GCC_493\Debug\Cm3Start.o
                0x00003390                __init_array_end = .
                0x00003390                . = ALIGN (0x4)
 *(.fini)
 .fini          0x00003390        0x4 c:/program files (x86)/cypress/psoc creator/3.3/psoc creator/import/gnu/arm/4.9.3/bin/../lib/gcc/arm-none-eabi/4.9.3/armv7-m/crti.o
                0x00003390                _fini
 .fini          0x00003394        0x8 c:/program files (x86)/cypress/psoc creator/3.3/psoc creator/import/gnu/arm/4.9.3/bin/../lib/gcc/arm-none-eabi/4.9.3/armv7-m/crtn.o
                0x0000339c                . = ALIGN (0x4)
                0x0000339c                __fini_array_start = .
 *(.fini_array)
 .fini_array    0x0000339c        0x4 c:/program files (x86)/cypress/psoc creator/3.3/psoc creator/import/gnu/arm/4.9.3/bin/../lib/gcc/arm-none-eabi/4.9.3/armv7-m/crtbegin.o
 *(SORT(.fini_array.*))
                0x000033a0                __fini_array_end = .
                0x000033a0                . = ALIGN (0x4)
 *crtbegin.o(.ctors)
 *(EXCLUDE_FILE(*crtend.o) .ctors)
 *(SORT(.ctors.*))
 *crtend.o(.ctors)
                0x000033a0                . = ALIGN (0x4)
 *crtbegin.o(.dtors)
 *(EXCLUDE_FILE(*crtend.o) .dtors)
 *(SORT(.dtors.*))
 *crtend.o(.dtors)
                0x000033a0                . = ALIGN (0x4)
                0x000033a0                __cy_regions = .
                0x000033a0        0x4 LONG 0x33b0 __cy_region_init_ram
                0x000033a4        0x4 LONG 0x1fff8108 __cy_region_start_data
                0x000033a8        0x4 LONG 0xa8 __cy_region_init_size_ram
                0x000033ac        0x4 LONG 0x8198 __cy_region_zero_size_ram
                0x000033b0                __cy_regions_end = .
                0x000033b0                . = ALIGN (0x8)
                0x000033b0                _etext = .

.cy_checksum_exclude
                0x000033b0        0x0
 *(.cy_checksum_exclude)

.ramvectors     0x1fff8000      0x100
                0x1fff8000                __cy_region_start_ram = .
 *(.ramvectors)
 .ramvectors    0x1fff8000      0x100 .\CortexM3\ARM_GCC_493\Debug\Cm3Start.o
                0x1fff8000                CyRamVectors

.noinit         0x1fff8100        0x5
 *(.noinit)
 .noinit        0x1fff8100        0x4 .\CortexM3\ARM_GCC_493\Debug\Cm3Start.o
 .noinit        0x1fff8104        0x1 .\CortexM3\ARM_GCC_493\Debug\CY8CKIT-059_DDS.a(CyLib.o)
                0x1fff8104                CyResetStatus

.data           0x1fff8108       0xa8 load address 0x000033b0
                0x1fff8108                __cy_region_start_data = .
 *(.jcr)
 .jcr           0x1fff8108        0x0 c:/program files (x86)/cypress/psoc creator/3.3/psoc creator/import/gnu/arm/4.9.3/bin/../lib/gcc/arm-none-eabi/4.9.3/armv7-m/crtbegin.o
 .jcr           0x1fff8108        0x4 c:/program files (x86)/cypress/psoc creator/3.3/psoc creator/import/gnu/arm/4.9.3/bin/../lib/gcc/arm-none-eabi/4.9.3/armv7-m/crtend.o
 *(.got.plt)
 *(.got)
 *(.shdata)
 *(.data .data.* .gnu.linkonce.d.*)
 .data          0x1fff810c        0x4 .\CortexM3\ARM_GCC_493\Debug\port.o
 .data          0x1fff8110        0x4 .\CortexM3\ARM_GCC_493\Debug\heap_2.o
 .data          0x1fff8114        0x2 .\CortexM3\ARM_GCC_493\Debug\I2C_CLCD.o
                0x1fff8114                I2C_CLCD_BackLight
                0x1fff8115                slaveAddress
 .data          0x1fff8116        0x1 .\CortexM3\ARM_GCC_493\Debug\key.o
 *fill*         0x1fff8117        0x1 
 .data          0x1fff8118       0x20 .\CortexM3\ARM_GCC_493\Debug\main.o
                0x1fff8118                STATION_NAME
                0x1fff8128                STATION_FREQ
 .data          0x1fff8138        0x4 .\CortexM3\ARM_GCC_493\Debug\Cm3Start.o
 .data          0x1fff813c       0x10 .\CortexM3\ARM_GCC_493\Debug\CY8CKIT-059_DDS.a(CyLib.o)
                0x1fff813c                cydelay_32k_ms
                0x1fff8140                cydelay_freq_khz
                0x1fff8144                cydelay_freq_mhz
                0x1fff8148                cydelay_freq_hz
 .data.impure_data
                0x1fff814c       0x60 c:/program files (x86)/cypress/psoc creator/3.3/psoc creator/import/gnu/arm/4.9.3/bin/../lib/gcc/arm-none-eabi/4.9.3/../../../../arm-none-eabi/lib/armv7-m\libg_nano.a(lib_a-impure.o)
 .data._impure_ptr
                0x1fff81ac        0x4 c:/program files (x86)/cypress/psoc creator/3.3/psoc creator/import/gnu/arm/4.9.3/bin/../lib/gcc/arm-none-eabi/4.9.3/../../../../arm-none-eabi/lib/armv7-m\libg_nano.a(lib_a-impure.o)
                0x1fff81ac                _impure_ptr
                0x1fff81b0                . = ALIGN (0x8)
 *(.ram)
                0x1fff81b0                _edata = .

.igot.plt       0x1fff81b0        0x0 load address 0x00003458
 .igot.plt      0x00000000        0x0 c:/program files (x86)/cypress/psoc creator/3.3/psoc creator/import/gnu/arm/4.9.3/bin/../lib/gcc/arm-none-eabi/4.9.3/armv7-m/crtbegin.o

.bss            0x1fff81b0     0x8198 load address 0x00003458
                0x1fff81b0                PROVIDE (__bss_start__, .)
 *(.shbss)
 *(.bss .bss.* .gnu.linkonce.b.*)
 .bss           0x1fff81b0       0x1c c:/program files (x86)/cypress/psoc creator/3.3/psoc creator/import/gnu/arm/4.9.3/bin/../lib/gcc/arm-none-eabi/4.9.3/armv7-m/crtbegin.o
 .bss           0x1fff81cc      0x100 .\CortexM3\ARM_GCC_493\Debug\tasks.o
                0x1fff82a0                pxCurrentTCB
 .bss           0x1fff82cc     0x8014 .\CortexM3\ARM_GCC_493\Debug\heap_2.o
 .bss           0x200002e0        0x2 .\CortexM3\ARM_GCC_493\Debug\I2C_CLCD.o
                0x200002e0                I2C_CLCD_enableState
                0x200002e1                I2C_CLCD_initVar
 *fill*         0x200002e2        0x2 
 .bss           0x200002e4       0x10 .\CortexM3\ARM_GCC_493\Debug\key.o
 .bss           0x200002f4        0x1 .\CortexM3\ARM_GCC_493\Debug\CY8CKIT-059_DDS.a(SPIM.o)
                0x200002f4                SPIM_initVar
 .bss           0x200002f5        0x1 .\CortexM3\ARM_GCC_493\Debug\CY8CKIT-059_DDS.a(I2C_1.o)
                0x200002f5                I2C_1_initVar
 *fill*         0x200002f6        0x2 
 .bss.__malloc_sbrk_start
                0x200002f8        0x4 c:/program files (x86)/cypress/psoc creator/3.3/psoc creator/import/gnu/arm/4.9.3/bin/../lib/gcc/arm-none-eabi/4.9.3/../../../../arm-none-eabi/lib/armv7-m\libg_nano.a(lib_a-nano-mallocr.o)
                0x200002f8                __malloc_sbrk_start
 .bss.__malloc_free_list
                0x200002fc        0x4 c:/program files (x86)/cypress/psoc creator/3.3/psoc creator/import/gnu/arm/4.9.3/bin/../lib/gcc/arm-none-eabi/4.9.3/../../../../arm-none-eabi/lib/armv7-m\libg_nano.a(lib_a-nano-mallocr.o)
                0x200002fc                __malloc_free_list
 *(COMMON)
 COMMON         0x20000300        0x2 .\CortexM3\ARM_GCC_493\Debug\key.o
                0x20000300                gKey
 *fill*         0x20000302        0x2 
 COMMON         0x20000304       0x10 .\CortexM3\ARM_GCC_493\Debug\main.o
                0x20000304                xMutex_CLCD
                0x20000308                xQueue_KEY
                0x20000310                xQueue_ROT
 COMMON         0x20000314       0x17 .\CortexM3\ARM_GCC_493\Debug\CY8CKIT-059_DDS.a(SPIM.o)
                0x20000314                SPIM_rxBufferFull
                0x20000318                SPIM_txBuffer
                0x2000031d                SPIM_swStatusTx
                0x20000320                SPIM_rxBuffer
                0x20000325                SPIM_txBufferFull
                0x20000326                SPIM_txBufferRead
                0x20000327                SPIM_rxBufferWrite
                0x20000328                SPIM_txBufferWrite
                0x20000329                SPIM_rxBufferRead
                0x2000032a                SPIM_swStatusRx
 COMMON         0x2000032b        0x1 .\CortexM3\ARM_GCC_493\Debug\CY8CKIT-059_DDS.a(I2C_1.o)
                0x2000032b                I2C_1_state
 COMMON         0x2000032c       0x11 .\CortexM3\ARM_GCC_493\Debug\CY8CKIT-059_DDS.a(I2C_1_MASTER.o)
                0x2000032c                I2C_1_mstrWrBufIndex
                0x2000032d                I2C_1_mstrControl
                0x2000032e                I2C_1_mstrStatus
                0x2000032f                I2C_1_mstrWrBufSize
                0x20000330                I2C_1_mstrRdBufIndex
                0x20000334                I2C_1_mstrWrBufPtr
                0x20000338                I2C_1_mstrRdBufPtr
                0x2000033c                I2C_1_mstrRdBufSize
 *fill*         0x2000033d        0x3 
 COMMON         0x20000340        0x4 c:/program files (x86)/cypress/psoc creator/3.3/psoc creator/import/gnu/arm/4.9.3/bin/../lib/gcc/arm-none-eabi/4.9.3/../../../../arm-none-eabi/lib/armv7-m\libg_nano.a(lib_a-reent.o)
                0x20000340                errno
                0x20000348                . = ALIGN (0x8)
 *fill*         0x20000344        0x4 
 *(.ram.b)
                0x20000348                _end = .
                0x20000348                __end = .
                0x20000348                PROVIDE (end, .)
                0x20000348                PROVIDE (__bss_end__, .)
                0x000033b0                __cy_region_init_ram = LOADADDR (.data)
                0x000000a8                __cy_region_init_size_ram = (_edata - ADDR (.data))
                0x00008198                __cy_region_zero_size_ram = (_end - _edata)

.heap           0x20000348       0x80 load address 0x00003458
                0x20000348                . = _end
                0x200003c8                . = (. + 0x80)
 *fill*         0x20000348       0x80 
                0x200003c8                __cy_heap_limit = .

.stack          0x20007800      0x800
                0x20007800                __cy_stack_limit = .
                0x20008000                . = (. + 0x800)
 *fill*         0x20007800      0x800 
                0x00000001                ASSERT ((__cy_stack_limit >= __cy_heap_limit), region RAM overflowed with stack)
                0x00000000                cy_checksum_exclude_size = (CY_APPL_LOADABLE == 0x1)?SIZEOF (.cy_checksum_exclude):0x0
                0x00000001                ASSERT ((cy_checksum_exclude_size <= CY_CHECKSUM_EXCLUDE_SIZE), CY_BOOT: Section .cy_checksum_exclude size exceedes specified limit.)

.cyloadermeta
 *(.cyloadermeta)

.cyloadablemeta
 *(.cyloadablemeta)

.cyconfigecc    0x80000000      0x30c
 *(.cyconfigecc)
 .cyconfigecc   0x80000000      0x30c .\CortexM3\ARM_GCC_493\Debug\cymetadata.o
                0x80000000                cy_meta_configecc

.cycustnvl      0x90000000        0x4
 *(.cycustnvl)
 .cycustnvl     0x90000000        0x4 .\CortexM3\ARM_GCC_493\Debug\cymetadata.o
                0x90000000                cy_meta_custnvl

.cywolatch      0x90100000        0x4
 *(.cywolatch)
 .cywolatch     0x90100000        0x4 .\CortexM3\ARM_GCC_493\Debug\cymetadata.o
                0x90100000                cy_meta_wonvl

.cyeeprom       0x90200000        0x0
 *(.cyeeprom)
                0x00000001                ASSERT ((. <= ((0x90200000 + ee_offset) + ee_size)), .cyeeprom data will not fit in EEPROM)

.cyflashprotect
                0x90400000      0x100
 *(.cyflashprotect)
 .cyflashprotect
                0x90400000      0x100 .\CortexM3\ARM_GCC_493\Debug\cymetadata.o
                0x90400000                cy_meta_flashprotect

.cymeta         0x90500000        0xc
 *(.cymeta)
 .cymeta        0x90500000        0xc .\CortexM3\ARM_GCC_493\Debug\cymetadata.o
                0x90500000                cy_metadata

.rel.dyn        0x00003458        0x0 load address 0x9050000c
 .rel.iplt      0x00000000        0x0 c:/program files (x86)/cypress/psoc creator/3.3/psoc creator/import/gnu/arm/4.9.3/bin/../lib/gcc/arm-none-eabi/4.9.3/armv7-m/crtbegin.o

.stab
 *(.stab)

.stabstr
 *(.stabstr)

.debug
 *(.debug)

.line
 *(.line)

.debug_srcinfo
 *(.debug_srcinfo)

.debug_sfnames
 *(.debug_sfnames)

.debug_aranges  0x00000000      0xdb8
 *(.debug_aranges)
 .debug_aranges
                0x00000000       0x18 .\CortexM3\ARM_GCC_493\Debug\croutine.o
 .debug_aranges
                0x00000018       0x68 .\CortexM3\ARM_GCC_493\Debug\event_groups.o
 .debug_aranges
                0x00000080       0x40 .\CortexM3\ARM_GCC_493\Debug\list.o
 .debug_aranges
                0x000000c0       0x88 .\CortexM3\ARM_GCC_493\Debug\port.o
 .debug_aranges
                0x00000148       0xe0 .\CortexM3\ARM_GCC_493\Debug\queue.o
 .debug_aranges
                0x00000228      0x1a0 .\CortexM3\ARM_GCC_493\Debug\tasks.o
 .debug_aranges
                0x000003c8       0x18 .\CortexM3\ARM_GCC_493\Debug\timers.o
 .debug_aranges
                0x000003e0       0x40 .\CortexM3\ARM_GCC_493\Debug\heap_2.o
 .debug_aranges
                0x00000420       0x98 .\CortexM3\ARM_GCC_493\Debug\I2C_CLCD.o
 .debug_aranges
                0x000004b8       0x28 .\CortexM3\ARM_GCC_493\Debug\rot.o
 .debug_aranges
                0x000004e0       0x30 .\CortexM3\ARM_GCC_493\Debug\key.o
 .debug_aranges
                0x00000510       0x48 .\CortexM3\ARM_GCC_493\Debug\main.o
 .debug_aranges
                0x00000558       0x18 .\CortexM3\ARM_GCC_493\Debug\cymetadata.o
 .debug_aranges
                0x00000570       0x48 .\CortexM3\ARM_GCC_493\Debug\Cm3Start.o
 .debug_aranges
                0x000005b8       0x58 .\CortexM3\ARM_GCC_493\Debug\CY8CKIT-059_DDS.a(cyfitter_cfg.o)
 .debug_aranges
                0x00000610       0x38 .\CortexM3\ARM_GCC_493\Debug\CY8CKIT-059_DDS.a(LED.o)
 .debug_aranges
                0x00000648       0x20 .\CortexM3\ARM_GCC_493\Debug\CY8CKIT-059_DDS.a(CyBootAsmGnu.o)
 .debug_aranges
                0x00000668      0x298 .\CortexM3\ARM_GCC_493\Debug\CY8CKIT-059_DDS.a(CyLib.o)
 .debug_aranges
                0x00000900       0x98 .\CortexM3\ARM_GCC_493\Debug\CY8CKIT-059_DDS.a(cyPm.o)
 .debug_aranges
                0x00000998       0xd8 .\CortexM3\ARM_GCC_493\Debug\CY8CKIT-059_DDS.a(SPIM.o)
 .debug_aranges
                0x00000a70       0x28 .\CortexM3\ARM_GCC_493\Debug\CY8CKIT-059_DDS.a(SPIM_INT.o)
 .debug_aranges
                0x00000a98       0x38 .\CortexM3\ARM_GCC_493\Debug\CY8CKIT-059_DDS.a(nTX_EN.o)
 .debug_aranges
                0x00000ad0       0x38 .\CortexM3\ARM_GCC_493\Debug\CY8CKIT-059_DDS.a(I2C_1.o)
 .debug_aranges
                0x00000b08       0x20 .\CortexM3\ARM_GCC_493\Debug\CY8CKIT-059_DDS.a(I2C_1_INT.o)
 .debug_aranges
                0x00000b28       0x38 .\CortexM3\ARM_GCC_493\Debug\CY8CKIT-059_DDS.a(I2C_1_PM.o)
 .debug_aranges
                0x00000b60       0x80 .\CortexM3\ARM_GCC_493\Debug\CY8CKIT-059_DDS.a(I2C_1_MASTER.o)
 .debug_aranges
                0x00000be0       0x38 .\CortexM3\ARM_GCC_493\Debug\CY8CKIT-059_DDS.a(ROT_A.o)
 .debug_aranges
                0x00000c18       0x38 .\CortexM3\ARM_GCC_493\Debug\CY8CKIT-059_DDS.a(ROT_B.o)
 .debug_aranges
                0x00000c50       0x38 .\CortexM3\ARM_GCC_493\Debug\CY8CKIT-059_DDS.a(PI_KEY_0.o)
 .debug_aranges
                0x00000c88       0x38 .\CortexM3\ARM_GCC_493\Debug\CY8CKIT-059_DDS.a(PI_KEY_1.o)
 .debug_aranges
                0x00000cc0       0x80 .\CortexM3\ARM_GCC_493\Debug\CY8CKIT-059_DDS.a(CyFlash.o)
 .debug_aranges
                0x00000d40       0x78 .\CortexM3\ARM_GCC_493\Debug\CY8CKIT-059_DDS.a(CySpc.o)

.debug_pubnames
 *(.debug_pubnames)

.debug_info     0x00000000     0xad5d
 *(.debug_info .gnu.linkonce.wi.*)
 .debug_info    0x00000000       0xa7 .\CortexM3\ARM_GCC_493\Debug\croutine.o
 .debug_info    0x000000a7      0x906 .\CortexM3\ARM_GCC_493\Debug\event_groups.o
 .debug_info    0x000009ad      0x2d3 .\CortexM3\ARM_GCC_493\Debug\list.o
 .debug_info    0x00000c80      0x2f0 .\CortexM3\ARM_GCC_493\Debug\port.o
 .debug_info    0x00000f70     0x1311 .\CortexM3\ARM_GCC_493\Debug\queue.o
 .debug_info    0x00002281     0x1f02 .\CortexM3\ARM_GCC_493\Debug\tasks.o
 .debug_info    0x00004183       0xa7 .\CortexM3\ARM_GCC_493\Debug\timers.o
 .debug_info    0x0000422a      0x384 .\CortexM3\ARM_GCC_493\Debug\heap_2.o
 .debug_info    0x000045ae      0x869 .\CortexM3\ARM_GCC_493\Debug\I2C_CLCD.o
 .debug_info    0x00004e17      0x232 .\CortexM3\ARM_GCC_493\Debug\rot.o
 .debug_info    0x00005049      0x32c .\CortexM3\ARM_GCC_493\Debug\key.o
 .debug_info    0x00005375      0xc50 .\CortexM3\ARM_GCC_493\Debug\main.o
 .debug_info    0x00005fc5      0x13b .\CortexM3\ARM_GCC_493\Debug\cymetadata.o
 .debug_info    0x00006100      0x3a5 .\CortexM3\ARM_GCC_493\Debug\Cm3Start.o
 .debug_info    0x000064a5      0x5c4 .\CortexM3\ARM_GCC_493\Debug\CY8CKIT-059_DDS.a(cyfitter_cfg.o)
 .debug_info    0x00006a69      0x11f .\CortexM3\ARM_GCC_493\Debug\CY8CKIT-059_DDS.a(LED.o)
 .debug_info    0x00006b88       0x92 .\CortexM3\ARM_GCC_493\Debug\CY8CKIT-059_DDS.a(CyBootAsmGnu.o)
 .debug_info    0x00006c1a     0x1371 .\CortexM3\ARM_GCC_493\Debug\CY8CKIT-059_DDS.a(CyLib.o)
 .debug_info    0x00007f8b      0xa58 .\CortexM3\ARM_GCC_493\Debug\CY8CKIT-059_DDS.a(cyPm.o)
 .debug_info    0x000089e3      0x709 .\CortexM3\ARM_GCC_493\Debug\CY8CKIT-059_DDS.a(SPIM.o)
 .debug_info    0x000090ec      0x186 .\CortexM3\ARM_GCC_493\Debug\CY8CKIT-059_DDS.a(SPIM_INT.o)
 .debug_info    0x00009272      0x11f .\CortexM3\ARM_GCC_493\Debug\CY8CKIT-059_DDS.a(nTX_EN.o)
 .debug_info    0x00009391      0x2d9 .\CortexM3\ARM_GCC_493\Debug\CY8CKIT-059_DDS.a(I2C_1.o)
 .debug_info    0x0000966a      0x17f .\CortexM3\ARM_GCC_493\Debug\CY8CKIT-059_DDS.a(I2C_1_INT.o)
 .debug_info    0x000097e9      0x1fe .\CortexM3\ARM_GCC_493\Debug\CY8CKIT-059_DDS.a(I2C_1_PM.o)
 .debug_info    0x000099e7      0x400 .\CortexM3\ARM_GCC_493\Debug\CY8CKIT-059_DDS.a(I2C_1_MASTER.o)
 .debug_info    0x00009de7      0x11f .\CortexM3\ARM_GCC_493\Debug\CY8CKIT-059_DDS.a(ROT_A.o)
 .debug_info    0x00009f06      0x11f .\CortexM3\ARM_GCC_493\Debug\CY8CKIT-059_DDS.a(ROT_B.o)
 .debug_info    0x0000a025      0x11f .\CortexM3\ARM_GCC_493\Debug\CY8CKIT-059_DDS.a(PI_KEY_0.o)
 .debug_info    0x0000a144      0x11f .\CortexM3\ARM_GCC_493\Debug\CY8CKIT-059_DDS.a(PI_KEY_1.o)
 .debug_info    0x0000a263      0x60a .\CortexM3\ARM_GCC_493\Debug\CY8CKIT-059_DDS.a(CyFlash.o)
 .debug_info    0x0000a86d      0x4f0 .\CortexM3\ARM_GCC_493\Debug\CY8CKIT-059_DDS.a(CySpc.o)

.debug_abbrev   0x00000000     0x2ac5
 *(.debug_abbrev)
 .debug_abbrev  0x00000000       0x4b .\CortexM3\ARM_GCC_493\Debug\croutine.o
 .debug_abbrev  0x0000004b      0x250 .\CortexM3\ARM_GCC_493\Debug\event_groups.o
 .debug_abbrev  0x0000029b       0xf6 .\CortexM3\ARM_GCC_493\Debug\list.o
 .debug_abbrev  0x00000391      0x1aa .\CortexM3\ARM_GCC_493\Debug\port.o
 .debug_abbrev  0x0000053b      0x27a .\CortexM3\ARM_GCC_493\Debug\queue.o
 .debug_abbrev  0x000007b5      0x307 .\CortexM3\ARM_GCC_493\Debug\tasks.o
 .debug_abbrev  0x00000abc       0x4b .\CortexM3\ARM_GCC_493\Debug\timers.o
 .debug_abbrev  0x00000b07      0x1d9 .\CortexM3\ARM_GCC_493\Debug\heap_2.o
 .debug_abbrev  0x00000ce0      0x192 .\CortexM3\ARM_GCC_493\Debug\I2C_CLCD.o
 .debug_abbrev  0x00000e72      0x175 .\CortexM3\ARM_GCC_493\Debug\rot.o
 .debug_abbrev  0x00000fe7      0x1c1 .\CortexM3\ARM_GCC_493\Debug\key.o
 .debug_abbrev  0x000011a8      0x26b .\CortexM3\ARM_GCC_493\Debug\main.o
 .debug_abbrev  0x00001413       0x66 .\CortexM3\ARM_GCC_493\Debug\cymetadata.o
 .debug_abbrev  0x00001479      0x20f .\CortexM3\ARM_GCC_493\Debug\Cm3Start.o
 .debug_abbrev  0x00001688      0x212 .\CortexM3\ARM_GCC_493\Debug\CY8CKIT-059_DDS.a(cyfitter_cfg.o)
 .debug_abbrev  0x0000189a       0x90 .\CortexM3\ARM_GCC_493\Debug\CY8CKIT-059_DDS.a(LED.o)
 .debug_abbrev  0x0000192a       0x14 .\CortexM3\ARM_GCC_493\Debug\CY8CKIT-059_DDS.a(CyBootAsmGnu.o)
 .debug_abbrev  0x0000193e      0x296 .\CortexM3\ARM_GCC_493\Debug\CY8CKIT-059_DDS.a(CyLib.o)
 .debug_abbrev  0x00001bd4      0x1ed .\CortexM3\ARM_GCC_493\Debug\CY8CKIT-059_DDS.a(cyPm.o)
 .debug_abbrev  0x00001dc1      0x198 .\CortexM3\ARM_GCC_493\Debug\CY8CKIT-059_DDS.a(SPIM.o)
 .debug_abbrev  0x00001f59       0x8a .\CortexM3\ARM_GCC_493\Debug\CY8CKIT-059_DDS.a(SPIM_INT.o)
 .debug_abbrev  0x00001fe3       0x90 .\CortexM3\ARM_GCC_493\Debug\CY8CKIT-059_DDS.a(nTX_EN.o)
 .debug_abbrev  0x00002073      0x15c .\CortexM3\ARM_GCC_493\Debug\CY8CKIT-059_DDS.a(I2C_1.o)
 .debug_abbrev  0x000021cf       0xbd .\CortexM3\ARM_GCC_493\Debug\CY8CKIT-059_DDS.a(I2C_1_INT.o)
 .debug_abbrev  0x0000228c      0x12b .\CortexM3\ARM_GCC_493\Debug\CY8CKIT-059_DDS.a(I2C_1_PM.o)
 .debug_abbrev  0x000023b7      0x13c .\CortexM3\ARM_GCC_493\Debug\CY8CKIT-059_DDS.a(I2C_1_MASTER.o)
 .debug_abbrev  0x000024f3       0x90 .\CortexM3\ARM_GCC_493\Debug\CY8CKIT-059_DDS.a(ROT_A.o)
 .debug_abbrev  0x00002583       0x90 .\CortexM3\ARM_GCC_493\Debug\CY8CKIT-059_DDS.a(ROT_B.o)
 .debug_abbrev  0x00002613       0x90 .\CortexM3\ARM_GCC_493\Debug\CY8CKIT-059_DDS.a(PI_KEY_0.o)
 .debug_abbrev  0x000026a3       0x90 .\CortexM3\ARM_GCC_493\Debug\CY8CKIT-059_DDS.a(PI_KEY_1.o)
 .debug_abbrev  0x00002733      0x1d1 .\CortexM3\ARM_GCC_493\Debug\CY8CKIT-059_DDS.a(CyFlash.o)
 .debug_abbrev  0x00002904      0x1c1 .\CortexM3\ARM_GCC_493\Debug\CY8CKIT-059_DDS.a(CySpc.o)

.debug_line     0x00000000     0x4505
 *(.debug_line)
 .debug_line    0x00000000      0x13a .\CortexM3\ARM_GCC_493\Debug\croutine.o
 .debug_line    0x0000013a      0x369 .\CortexM3\ARM_GCC_493\Debug\event_groups.o
 .debug_line    0x000004a3      0x1e6 .\CortexM3\ARM_GCC_493\Debug\list.o
 .debug_line    0x00000689      0x290 .\CortexM3\ARM_GCC_493\Debug\port.o
 .debug_line    0x00000919      0x56d .\CortexM3\ARM_GCC_493\Debug\queue.o
 .debug_line    0x00000e86      0x991 .\CortexM3\ARM_GCC_493\Debug\tasks.o
 .debug_line    0x00001817      0x13a .\CortexM3\ARM_GCC_493\Debug\timers.o
 .debug_line    0x00001951      0x296 .\CortexM3\ARM_GCC_493\Debug\heap_2.o
 .debug_line    0x00001be7      0x1d6 .\CortexM3\ARM_GCC_493\Debug\I2C_CLCD.o
 .debug_line    0x00001dbd      0x1dd .\CortexM3\ARM_GCC_493\Debug\rot.o
 .debug_line    0x00001f9a      0x25f .\CortexM3\ARM_GCC_493\Debug\key.o
 .debug_line    0x000021f9      0x30d .\CortexM3\ARM_GCC_493\Debug\main.o
 .debug_line    0x00002506       0x53 .\CortexM3\ARM_GCC_493\Debug\cymetadata.o
 .debug_line    0x00002559      0x249 .\CortexM3\ARM_GCC_493\Debug\Cm3Start.o
 .debug_line    0x000027a2      0x1fa .\CortexM3\ARM_GCC_493\Debug\CY8CKIT-059_DDS.a(cyfitter_cfg.o)
 .debug_line    0x0000299c       0x92 .\CortexM3\ARM_GCC_493\Debug\CY8CKIT-059_DDS.a(LED.o)
 .debug_line    0x00002a2e       0x68 .\CortexM3\ARM_GCC_493\Debug\CY8CKIT-059_DDS.a(CyBootAsmGnu.o)
 .debug_line    0x00002a96      0x806 .\CortexM3\ARM_GCC_493\Debug\CY8CKIT-059_DDS.a(CyLib.o)
 .debug_line    0x0000329c      0x366 .\CortexM3\ARM_GCC_493\Debug\CY8CKIT-059_DDS.a(cyPm.o)
 .debug_line    0x00003602      0x287 .\CortexM3\ARM_GCC_493\Debug\CY8CKIT-059_DDS.a(SPIM.o)
 .debug_line    0x00003889       0xa8 .\CortexM3\ARM_GCC_493\Debug\CY8CKIT-059_DDS.a(SPIM_INT.o)
 .debug_line    0x00003931       0x95 .\CortexM3\ARM_GCC_493\Debug\CY8CKIT-059_DDS.a(nTX_EN.o)
 .debug_line    0x000039c6       0xe1 .\CortexM3\ARM_GCC_493\Debug\CY8CKIT-059_DDS.a(I2C_1.o)
 .debug_line    0x00003aa7      0x11a .\CortexM3\ARM_GCC_493\Debug\CY8CKIT-059_DDS.a(I2C_1_INT.o)
 .debug_line    0x00003bc1       0xc1 .\CortexM3\ARM_GCC_493\Debug\CY8CKIT-059_DDS.a(I2C_1_PM.o)
 .debug_line    0x00003c82      0x203 .\CortexM3\ARM_GCC_493\Debug\CY8CKIT-059_DDS.a(I2C_1_MASTER.o)
 .debug_line    0x00003e85       0x94 .\CortexM3\ARM_GCC_493\Debug\CY8CKIT-059_DDS.a(ROT_A.o)
 .debug_line    0x00003f19       0x94 .\CortexM3\ARM_GCC_493\Debug\CY8CKIT-059_DDS.a(ROT_B.o)
 .debug_line    0x00003fad       0x97 .\CortexM3\ARM_GCC_493\Debug\CY8CKIT-059_DDS.a(PI_KEY_0.o)
 .debug_line    0x00004044       0x97 .\CortexM3\ARM_GCC_493\Debug\CY8CKIT-059_DDS.a(PI_KEY_1.o)
 .debug_line    0x000040db      0x1ec .\CortexM3\ARM_GCC_493\Debug\CY8CKIT-059_DDS.a(CyFlash.o)
 .debug_line    0x000042c7      0x23e .\CortexM3\ARM_GCC_493\Debug\CY8CKIT-059_DDS.a(CySpc.o)

.debug_frame    0x00000000     0x2860
 *(.debug_frame)
 .debug_frame   0x00000000      0x148 .\CortexM3\ARM_GCC_493\Debug\event_groups.o
 .debug_frame   0x00000148       0x70 .\CortexM3\ARM_GCC_493\Debug\list.o
 .debug_frame   0x000001b8      0x12c .\CortexM3\ARM_GCC_493\Debug\port.o
 .debug_frame   0x000002e4      0x2f4 .\CortexM3\ARM_GCC_493\Debug\queue.o
 .debug_frame   0x000005d8      0x5c8 .\CortexM3\ARM_GCC_493\Debug\tasks.o
 .debug_frame   0x00000ba0       0x8c .\CortexM3\ARM_GCC_493\Debug\heap_2.o
 .debug_frame   0x00000c2c      0x1e4 .\CortexM3\ARM_GCC_493\Debug\I2C_CLCD.o
 .debug_frame   0x00000e10       0x44 .\CortexM3\ARM_GCC_493\Debug\rot.o
 .debug_frame   0x00000e54       0x58 .\CortexM3\ARM_GCC_493\Debug\key.o
 .debug_frame   0x00000eac       0xb8 .\CortexM3\ARM_GCC_493\Debug\main.o
 .debug_frame   0x00000f64       0xac .\CortexM3\ARM_GCC_493\Debug\Cm3Start.o
 .debug_frame   0x00001010       0xe0 .\CortexM3\ARM_GCC_493\Debug\CY8CKIT-059_DDS.a(cyfitter_cfg.o)
 .debug_frame   0x000010f0       0x50 .\CortexM3\ARM_GCC_493\Debug\CY8CKIT-059_DDS.a(LED.o)
 .debug_frame   0x00001140      0x728 .\CortexM3\ARM_GCC_493\Debug\CY8CKIT-059_DDS.a(CyLib.o)
 .debug_frame   0x00001868      0x1f8 .\CortexM3\ARM_GCC_493\Debug\CY8CKIT-059_DDS.a(cyPm.o)
 .debug_frame   0x00001a60      0x260 .\CortexM3\ARM_GCC_493\Debug\CY8CKIT-059_DDS.a(SPIM.o)
 .debug_frame   0x00001cc0       0x30 .\CortexM3\ARM_GCC_493\Debug\CY8CKIT-059_DDS.a(SPIM_INT.o)
 .debug_frame   0x00001cf0       0x50 .\CortexM3\ARM_GCC_493\Debug\CY8CKIT-059_DDS.a(nTX_EN.o)
 .debug_frame   0x00001d40       0x90 .\CortexM3\ARM_GCC_493\Debug\CY8CKIT-059_DDS.a(I2C_1.o)
 .debug_frame   0x00001dd0       0x30 .\CortexM3\ARM_GCC_493\Debug\CY8CKIT-059_DDS.a(I2C_1_INT.o)
 .debug_frame   0x00001e00       0x74 .\CortexM3\ARM_GCC_493\Debug\CY8CKIT-059_DDS.a(I2C_1_PM.o)
 .debug_frame   0x00001e74      0x138 .\CortexM3\ARM_GCC_493\Debug\CY8CKIT-059_DDS.a(I2C_1_MASTER.o)
 .debug_frame   0x00001fac       0x50 .\CortexM3\ARM_GCC_493\Debug\CY8CKIT-059_DDS.a(ROT_A.o)
 .debug_frame   0x00001ffc       0x50 .\CortexM3\ARM_GCC_493\Debug\CY8CKIT-059_DDS.a(ROT_B.o)
 .debug_frame   0x0000204c       0x50 .\CortexM3\ARM_GCC_493\Debug\CY8CKIT-059_DDS.a(PI_KEY_0.o)
 .debug_frame   0x0000209c       0x50 .\CortexM3\ARM_GCC_493\Debug\CY8CKIT-059_DDS.a(PI_KEY_1.o)
 .debug_frame   0x000020ec      0x174 .\CortexM3\ARM_GCC_493\Debug\CY8CKIT-059_DDS.a(CyFlash.o)
 .debug_frame   0x00002260      0x160 .\CortexM3\ARM_GCC_493\Debug\CY8CKIT-059_DDS.a(CySpc.o)
 .debug_frame   0x000023c0       0x28 c:/program files (x86)/cypress/psoc creator/3.3/psoc creator/import/gnu/arm/4.9.3/bin/../lib/gcc/arm-none-eabi/4.9.3/armv7-m\libgcc.a(_aeabi_ldivmod.o)
 .debug_frame   0x000023e8       0x54 c:/program files (x86)/cypress/psoc creator/3.3/psoc creator/import/gnu/arm/4.9.3/bin/../lib/gcc/arm-none-eabi/4.9.3/armv7-m\libgcc.a(bpabi.o)
 .debug_frame   0x0000243c       0x34 c:/program files (x86)/cypress/psoc creator/3.3/psoc creator/import/gnu/arm/4.9.3/bin/../lib/gcc/arm-none-eabi/4.9.3/armv7-m\libgcc.a(_divdi3.o)
 .debug_frame   0x00002470       0x34 c:/program files (x86)/cypress/psoc creator/3.3/psoc creator/import/gnu/arm/4.9.3/bin/../lib/gcc/arm-none-eabi/4.9.3/armv7-m\libgcc.a(_udivdi3.o)
 .debug_frame   0x000024a4       0x20 c:/program files (x86)/cypress/psoc creator/3.3/psoc creator/import/gnu/arm/4.9.3/bin/../lib/gcc/arm-none-eabi/4.9.3/../../../../arm-none-eabi/lib/armv7-m\libg_nano.a(lib_a-errno.o)
 .debug_frame   0x000024c4       0x28 c:/program files (x86)/cypress/psoc creator/3.3/psoc creator/import/gnu/arm/4.9.3/bin/../lib/gcc/arm-none-eabi/4.9.3/../../../../arm-none-eabi/lib/armv7-m\libg_nano.a(lib_a-exit.o)
 .debug_frame   0x000024ec       0x2c c:/program files (x86)/cypress/psoc creator/3.3/psoc creator/import/gnu/arm/4.9.3/bin/../lib/gcc/arm-none-eabi/4.9.3/../../../../arm-none-eabi/lib/armv7-m\libg_nano.a(lib_a-init.o)
 .debug_frame   0x00002518       0x28 c:/program files (x86)/cypress/psoc creator/3.3/psoc creator/import/gnu/arm/4.9.3/bin/../lib/gcc/arm-none-eabi/4.9.3/../../../../arm-none-eabi/lib/armv7-m\libg_nano.a(lib_a-memcpy.o)
 .debug_frame   0x00002540       0x20 c:/program files (x86)/cypress/psoc creator/3.3/psoc creator/import/gnu/arm/4.9.3/bin/../lib/gcc/arm-none-eabi/4.9.3/../../../../arm-none-eabi/lib/armv7-m\libg_nano.a(lib_a-memset.o)
 .debug_frame   0x00002560       0x70 c:/program files (x86)/cypress/psoc creator/3.3/psoc creator/import/gnu/arm/4.9.3/bin/../lib/gcc/arm-none-eabi/4.9.3/../../../../arm-none-eabi/lib/armv7-m\libg_nano.a(lib_a-sprintf.o)
 .debug_frame   0x000025d0       0x20 c:/program files (x86)/cypress/psoc creator/3.3/psoc creator/import/gnu/arm/4.9.3/bin/../lib/gcc/arm-none-eabi/4.9.3/../../../../arm-none-eabi/lib/armv7-m\libg_nano.a(lib_a-strcpy.o)
 .debug_frame   0x000025f0       0x8c c:/program files (x86)/cypress/psoc creator/3.3/psoc creator/import/gnu/arm/4.9.3/bin/../lib/gcc/arm-none-eabi/4.9.3/../../../../arm-none-eabi/lib/armv7-m\libg_nano.a(lib_a-nano-svfprintf.o)
 .debug_frame   0x0000267c       0x58 c:/program files (x86)/cypress/psoc creator/3.3/psoc creator/import/gnu/arm/4.9.3/bin/../lib/gcc/arm-none-eabi/4.9.3/../../../../arm-none-eabi/lib/armv7-m\libg_nano.a(lib_a-nano-vfprintf_i.o)
 .debug_frame   0x000026d4       0x28 c:/program files (x86)/cypress/psoc creator/3.3/psoc creator/import/gnu/arm/4.9.3/bin/../lib/gcc/arm-none-eabi/4.9.3/../../../../arm-none-eabi/lib/armv7-m\libg_nano.a(lib_a-memchr.o)
 .debug_frame   0x000026fc       0x28 c:/program files (x86)/cypress/psoc creator/3.3/psoc creator/import/gnu/arm/4.9.3/bin/../lib/gcc/arm-none-eabi/4.9.3/../../../../arm-none-eabi/lib/armv7-m\libg_nano.a(lib_a-memmove.o)
 .debug_frame   0x00002724       0x2c c:/program files (x86)/cypress/psoc creator/3.3/psoc creator/import/gnu/arm/4.9.3/bin/../lib/gcc/arm-none-eabi/4.9.3/../../../../arm-none-eabi/lib/armv7-m\libg_nano.a(lib_a-nano-freer.o)
 .debug_frame   0x00002750       0x2c c:/program files (x86)/cypress/psoc creator/3.3/psoc creator/import/gnu/arm/4.9.3/bin/../lib/gcc/arm-none-eabi/4.9.3/../../../../arm-none-eabi/lib/armv7-m\libg_nano.a(lib_a-nano-mallocr.o)
 .debug_frame   0x0000277c       0x3c c:/program files (x86)/cypress/psoc creator/3.3/psoc creator/import/gnu/arm/4.9.3/bin/../lib/gcc/arm-none-eabi/4.9.3/../../../../arm-none-eabi/lib/armv7-m\libg_nano.a(lib_a-nano-reallocr.o)
 .debug_frame   0x000027b8       0x2c c:/program files (x86)/cypress/psoc creator/3.3/psoc creator/import/gnu/arm/4.9.3/bin/../lib/gcc/arm-none-eabi/4.9.3/../../../../arm-none-eabi/lib/armv7-m\libg_nano.a(lib_a-sbrkr.o)
 .debug_frame   0x000027e4       0x20 c:/program files (x86)/cypress/psoc creator/3.3/psoc creator/import/gnu/arm/4.9.3/bin/../lib/gcc/arm-none-eabi/4.9.3/../../../../arm-none-eabi/lib/armv7-m\libg_nano.a(lib_a-nano-msizer.o)
 .debug_frame   0x00002804       0x5c c:/program files (x86)/cypress/psoc creator/3.3/psoc creator/import/gnu/arm/4.9.3/bin/../lib/gcc/arm-none-eabi/4.9.3/../../../../arm-none-eabi/lib/armv7-m\libg_nano.a(lib_a-reent.o)

.debug_str      0x00000000     0x3484
 *(.debug_str)
 .debug_str     0x00000000      0x164 .\CortexM3\ARM_GCC_493\Debug\croutine.o
                                0x1a5 (size before relaxing)
 .debug_str     0x00000164      0x444 .\CortexM3\ARM_GCC_493\Debug\event_groups.o
                                0x61c (size before relaxing)
 .debug_str     0x000005a8       0x90 .\CortexM3\ARM_GCC_493\Debug\list.o
                                0x2f4 (size before relaxing)
 .debug_str     0x00000638      0x136 .\CortexM3\ARM_GCC_493\Debug\port.o
                                0x359 (size before relaxing)
 .debug_str     0x0000076e      0x55a .\CortexM3\ARM_GCC_493\Debug\queue.o
                                0x8c3 (size before relaxing)
 .debug_str     0x00000cc8      0x8d9 .\CortexM3\ARM_GCC_493\Debug\tasks.o
                                0xeb0 (size before relaxing)
 .debug_str     0x000015a1       0x15 .\CortexM3\ARM_GCC_493\Debug\timers.o
                                0x1a3 (size before relaxing)
 .debug_str     0x000015b6      0x14f .\CortexM3\ARM_GCC_493\Debug\heap_2.o
                                0x36a (size before relaxing)
 .debug_str     0x00001705      0x252 .\CortexM3\ARM_GCC_493\Debug\I2C_CLCD.o
                                0x3cc (size before relaxing)
 .debug_str     0x00001957       0x54 .\CortexM3\ARM_GCC_493\Debug\rot.o
                                0x25c (size before relaxing)
 .debug_str     0x000019ab       0xd9 .\CortexM3\ARM_GCC_493\Debug\key.o
                                0x2e4 (size before relaxing)
 .debug_str     0x00001a84      0x124 .\CortexM3\ARM_GCC_493\Debug\main.o
                                0x560 (size before relaxing)
 .debug_str     0x00001ba8       0x77 .\CortexM3\ARM_GCC_493\Debug\cymetadata.o
                                0x1ec (size before relaxing)
 .debug_str     0x00001c1f      0x13e .\CortexM3\ARM_GCC_493\Debug\Cm3Start.o
                                0x300 (size before relaxing)
 .debug_str     0x00001d5d      0x177 .\CortexM3\ARM_GCC_493\Debug\CY8CKIT-059_DDS.a(cyfitter_cfg.o)
                                0x33a (size before relaxing)
 .debug_str     0x00001ed4       0x59 .\CortexM3\ARM_GCC_493\Debug\CY8CKIT-059_DDS.a(LED.o)
                                0x1da (size before relaxing)
 .debug_str     0x00001f2d      0x80d .\CortexM3\ARM_GCC_493\Debug\CY8CKIT-059_DDS.a(CyLib.o)
                                0xa25 (size before relaxing)
 .debug_str     0x0000273a      0x35b .\CortexM3\ARM_GCC_493\Debug\CY8CKIT-059_DDS.a(cyPm.o)
                                0x71d (size before relaxing)
 .debug_str     0x00002a95      0x29c .\CortexM3\ARM_GCC_493\Debug\CY8CKIT-059_DDS.a(SPIM.o)
                                0x4ba (size before relaxing)
 .debug_str     0x00002d31       0x3c .\CortexM3\ARM_GCC_493\Debug\CY8CKIT-059_DDS.a(SPIM_INT.o)
                                0x271 (size before relaxing)
 .debug_str     0x00002d6d       0x55 .\CortexM3\ARM_GCC_493\Debug\CY8CKIT-059_DDS.a(nTX_EN.o)
                                0x1e9 (size before relaxing)
 .debug_str     0x00002dc2       0xe5 .\CortexM3\ARM_GCC_493\Debug\CY8CKIT-059_DDS.a(I2C_1.o)
                                0x2fc (size before relaxing)
 .debug_str     0x00002ea7       0x96 .\CortexM3\ARM_GCC_493\Debug\CY8CKIT-059_DDS.a(I2C_1_INT.o)
                                0x26b (size before relaxing)
 .debug_str     0x00002f3d       0x62 .\CortexM3\ARM_GCC_493\Debug\CY8CKIT-059_DDS.a(I2C_1_PM.o)
                                0x285 (size before relaxing)
 .debug_str     0x00002f9f      0x140 .\CortexM3\ARM_GCC_493\Debug\CY8CKIT-059_DDS.a(I2C_1_MASTER.o)
                                0x3c8 (size before relaxing)
 .debug_str     0x000030df       0x52 .\CortexM3\ARM_GCC_493\Debug\CY8CKIT-059_DDS.a(ROT_A.o)
                                0x1e4 (size before relaxing)
 .debug_str     0x00003131       0x52 .\CortexM3\ARM_GCC_493\Debug\CY8CKIT-059_DDS.a(ROT_B.o)
                                0x1e4 (size before relaxing)
 .debug_str     0x00003183       0x5e .\CortexM3\ARM_GCC_493\Debug\CY8CKIT-059_DDS.a(PI_KEY_0.o)
                                0x1f3 (size before relaxing)
 .debug_str     0x000031e1       0x5e .\CortexM3\ARM_GCC_493\Debug\CY8CKIT-059_DDS.a(PI_KEY_1.o)
                                0x1f3 (size before relaxing)
 .debug_str     0x0000323f      0x197 .\CortexM3\ARM_GCC_493\Debug\CY8CKIT-059_DDS.a(CyFlash.o)
                                0x397 (size before relaxing)
 .debug_str     0x000033d6       0xae .\CortexM3\ARM_GCC_493\Debug\CY8CKIT-059_DDS.a(CySpc.o)
                                0x320 (size before relaxing)

.debug_loc      0x00000000     0x54c6
 *(.debug_loc)
 .debug_loc     0x00000000      0x65e .\CortexM3\ARM_GCC_493\Debug\event_groups.o
 .debug_loc     0x0000065e       0x65 .\CortexM3\ARM_GCC_493\Debug\list.o
 .debug_loc     0x000006c3       0x80 .\CortexM3\ARM_GCC_493\Debug\port.o
 .debug_loc     0x00000743      0xeb5 .\CortexM3\ARM_GCC_493\Debug\queue.o
 .debug_loc     0x000015f8     0x13e3 .\CortexM3\ARM_GCC_493\Debug\tasks.o
 .debug_loc     0x000029db      0x1cc .\CortexM3\ARM_GCC_493\Debug\heap_2.o
 .debug_loc     0x00002ba7      0x401 .\CortexM3\ARM_GCC_493\Debug\I2C_CLCD.o
 .debug_loc     0x00002fa8       0xb5 .\CortexM3\ARM_GCC_493\Debug\rot.o
 .debug_loc     0x0000305d       0x93 .\CortexM3\ARM_GCC_493\Debug\key.o
 .debug_loc     0x000030f0      0x13a .\CortexM3\ARM_GCC_493\Debug\main.o
 .debug_loc     0x0000322a      0x144 .\CortexM3\ARM_GCC_493\Debug\Cm3Start.o
 .debug_loc     0x0000336e      0x25a .\CortexM3\ARM_GCC_493\Debug\CY8CKIT-059_DDS.a(cyfitter_cfg.o)
 .debug_loc     0x000035c8       0x42 .\CortexM3\ARM_GCC_493\Debug\CY8CKIT-059_DDS.a(LED.o)
 .debug_loc     0x0000360a      0xa11 .\CortexM3\ARM_GCC_493\Debug\CY8CKIT-059_DDS.a(CyLib.o)
 .debug_loc     0x0000401b      0x1e4 .\CortexM3\ARM_GCC_493\Debug\CY8CKIT-059_DDS.a(cyPm.o)
 .debug_loc     0x000041ff      0x218 .\CortexM3\ARM_GCC_493\Debug\CY8CKIT-059_DDS.a(SPIM.o)
 .debug_loc     0x00004417       0x74 .\CortexM3\ARM_GCC_493\Debug\CY8CKIT-059_DDS.a(SPIM_INT.o)
 .debug_loc     0x0000448b       0x42 .\CortexM3\ARM_GCC_493\Debug\CY8CKIT-059_DDS.a(nTX_EN.o)
 .debug_loc     0x000044cd       0x39 .\CortexM3\ARM_GCC_493\Debug\CY8CKIT-059_DDS.a(I2C_1.o)
 .debug_loc     0x00004506       0x29 .\CortexM3\ARM_GCC_493\Debug\CY8CKIT-059_DDS.a(I2C_1_INT.o)
 .debug_loc     0x0000452f       0x13 .\CortexM3\ARM_GCC_493\Debug\CY8CKIT-059_DDS.a(I2C_1_PM.o)
 .debug_loc     0x00004542      0x52f .\CortexM3\ARM_GCC_493\Debug\CY8CKIT-059_DDS.a(I2C_1_MASTER.o)
 .debug_loc     0x00004a71       0x42 .\CortexM3\ARM_GCC_493\Debug\CY8CKIT-059_DDS.a(ROT_A.o)
 .debug_loc     0x00004ab3       0x42 .\CortexM3\ARM_GCC_493\Debug\CY8CKIT-059_DDS.a(ROT_B.o)
 .debug_loc     0x00004af5       0x42 .\CortexM3\ARM_GCC_493\Debug\CY8CKIT-059_DDS.a(PI_KEY_0.o)
 .debug_loc     0x00004b37       0x42 .\CortexM3\ARM_GCC_493\Debug\CY8CKIT-059_DDS.a(PI_KEY_1.o)
 .debug_loc     0x00004b79      0x300 .\CortexM3\ARM_GCC_493\Debug\CY8CKIT-059_DDS.a(CyFlash.o)
 .debug_loc     0x00004e79      0x64d .\CortexM3\ARM_GCC_493\Debug\CY8CKIT-059_DDS.a(CySpc.o)

.debug_macinfo
 *(.debug_macinfo)

.debug_ranges   0x00000000      0xbe0
 *(.debug_ranges)
 .debug_ranges  0x00000000       0x70 .\CortexM3\ARM_GCC_493\Debug\event_groups.o
 .debug_ranges  0x00000070       0x30 .\CortexM3\ARM_GCC_493\Debug\list.o
 .debug_ranges  0x000000a0       0x78 .\CortexM3\ARM_GCC_493\Debug\port.o
 .debug_ranges  0x00000118       0xd0 .\CortexM3\ARM_GCC_493\Debug\queue.o
 .debug_ranges  0x000001e8      0x1c8 .\CortexM3\ARM_GCC_493\Debug\tasks.o
 .debug_ranges  0x000003b0       0x30 .\CortexM3\ARM_GCC_493\Debug\heap_2.o
 .debug_ranges  0x000003e0       0x88 .\CortexM3\ARM_GCC_493\Debug\I2C_CLCD.o
 .debug_ranges  0x00000468       0x18 .\CortexM3\ARM_GCC_493\Debug\rot.o
 .debug_ranges  0x00000480       0x20 .\CortexM3\ARM_GCC_493\Debug\key.o
 .debug_ranges  0x000004a0       0x38 .\CortexM3\ARM_GCC_493\Debug\main.o
 .debug_ranges  0x000004d8       0x38 .\CortexM3\ARM_GCC_493\Debug\Cm3Start.o
 .debug_ranges  0x00000510       0x48 .\CortexM3\ARM_GCC_493\Debug\CY8CKIT-059_DDS.a(cyfitter_cfg.o)
 .debug_ranges  0x00000558       0x28 .\CortexM3\ARM_GCC_493\Debug\CY8CKIT-059_DDS.a(LED.o)
 .debug_ranges  0x00000580      0x288 .\CortexM3\ARM_GCC_493\Debug\CY8CKIT-059_DDS.a(CyLib.o)
 .debug_ranges  0x00000808       0x88 .\CortexM3\ARM_GCC_493\Debug\CY8CKIT-059_DDS.a(cyPm.o)
 .debug_ranges  0x00000890       0xc8 .\CortexM3\ARM_GCC_493\Debug\CY8CKIT-059_DDS.a(SPIM.o)
 .debug_ranges  0x00000958       0x18 .\CortexM3\ARM_GCC_493\Debug\CY8CKIT-059_DDS.a(SPIM_INT.o)
 .debug_ranges  0x00000970       0x28 .\CortexM3\ARM_GCC_493\Debug\CY8CKIT-059_DDS.a(nTX_EN.o)
 .debug_ranges  0x00000998       0x28 .\CortexM3\ARM_GCC_493\Debug\CY8CKIT-059_DDS.a(I2C_1.o)
 .debug_ranges  0x000009c0       0x10 .\CortexM3\ARM_GCC_493\Debug\CY8CKIT-059_DDS.a(I2C_1_INT.o)
 .debug_ranges  0x000009d0       0x28 .\CortexM3\ARM_GCC_493\Debug\CY8CKIT-059_DDS.a(I2C_1_PM.o)
 .debug_ranges  0x000009f8       0x70 .\CortexM3\ARM_GCC_493\Debug\CY8CKIT-059_DDS.a(I2C_1_MASTER.o)
 .debug_ranges  0x00000a68       0x28 .\CortexM3\ARM_GCC_493\Debug\CY8CKIT-059_DDS.a(ROT_A.o)
 .debug_ranges  0x00000a90       0x28 .\CortexM3\ARM_GCC_493\Debug\CY8CKIT-059_DDS.a(ROT_B.o)
 .debug_ranges  0x00000ab8       0x28 .\CortexM3\ARM_GCC_493\Debug\CY8CKIT-059_DDS.a(PI_KEY_0.o)
 .debug_ranges  0x00000ae0       0x28 .\CortexM3\ARM_GCC_493\Debug\CY8CKIT-059_DDS.a(PI_KEY_1.o)
 .debug_ranges  0x00000b08       0x70 .\CortexM3\ARM_GCC_493\Debug\CY8CKIT-059_DDS.a(CyFlash.o)
 .debug_ranges  0x00000b78       0x68 .\CortexM3\ARM_GCC_493\Debug\CY8CKIT-059_DDS.a(CySpc.o)

.comment        0x00000000       0x70
 .comment       0x00000000       0x70 .\CortexM3\ARM_GCC_493\Debug\croutine.o
                                 0x71 (size before relaxing)
 .comment       0x00000000       0x71 .\CortexM3\ARM_GCC_493\Debug\event_groups.o
 .comment       0x00000000       0x71 .\CortexM3\ARM_GCC_493\Debug\list.o
 .comment       0x00000000       0x71 .\CortexM3\ARM_GCC_493\Debug\port.o
 .comment       0x00000000       0x71 .\CortexM3\ARM_GCC_493\Debug\queue.o
 .comment       0x00000000       0x71 .\CortexM3\ARM_GCC_493\Debug\tasks.o
 .comment       0x00000000       0x71 .\CortexM3\ARM_GCC_493\Debug\timers.o
 .comment       0x00000000       0x71 .\CortexM3\ARM_GCC_493\Debug\heap_2.o
 .comment       0x00000000       0x71 .\CortexM3\ARM_GCC_493\Debug\I2C_CLCD.o
 .comment       0x00000000       0x71 .\CortexM3\ARM_GCC_493\Debug\rot.o
 .comment       0x00000000       0x71 .\CortexM3\ARM_GCC_493\Debug\key.o
 .comment       0x00000000       0x71 .\CortexM3\ARM_GCC_493\Debug\main.o
 .comment       0x00000000       0x71 .\CortexM3\ARM_GCC_493\Debug\cymetadata.o
 .comment       0x00000000       0x71 .\CortexM3\ARM_GCC_493\Debug\Cm3Start.o
 .comment       0x00000000       0x71 .\CortexM3\ARM_GCC_493\Debug\CY8CKIT-059_DDS.a(cyfitter_cfg.o)
 .comment       0x00000000       0x71 .\CortexM3\ARM_GCC_493\Debug\CY8CKIT-059_DDS.a(LED.o)
 .comment       0x00000000       0x71 .\CortexM3\ARM_GCC_493\Debug\CY8CKIT-059_DDS.a(CyLib.o)
 .comment       0x00000000       0x71 .\CortexM3\ARM_GCC_493\Debug\CY8CKIT-059_DDS.a(cyPm.o)
 .comment       0x00000000       0x71 .\CortexM3\ARM_GCC_493\Debug\CY8CKIT-059_DDS.a(SPIM.o)
 .comment       0x00000000       0x71 .\CortexM3\ARM_GCC_493\Debug\CY8CKIT-059_DDS.a(SPIM_INT.o)
 .comment       0x00000000       0x71 .\CortexM3\ARM_GCC_493\Debug\CY8CKIT-059_DDS.a(nTX_EN.o)
 .comment       0x00000000       0x71 .\CortexM3\ARM_GCC_493\Debug\CY8CKIT-059_DDS.a(I2C_1.o)
 .comment       0x00000000       0x71 .\CortexM3\ARM_GCC_493\Debug\CY8CKIT-059_DDS.a(I2C_1_INT.o)
 .comment       0x00000000       0x71 .\CortexM3\ARM_GCC_493\Debug\CY8CKIT-059_DDS.a(I2C_1_PM.o)
 .comment       0x00000000       0x71 .\CortexM3\ARM_GCC_493\Debug\CY8CKIT-059_DDS.a(I2C_1_MASTER.o)
 .comment       0x00000000       0x71 .\CortexM3\ARM_GCC_493\Debug\CY8CKIT-059_DDS.a(ROT_A.o)
 .comment       0x00000000       0x71 .\CortexM3\ARM_GCC_493\Debug\CY8CKIT-059_DDS.a(ROT_B.o)
 .comment       0x00000000       0x71 .\CortexM3\ARM_GCC_493\Debug\CY8CKIT-059_DDS.a(PI_KEY_0.o)
 .comment       0x00000000       0x71 .\CortexM3\ARM_GCC_493\Debug\CY8CKIT-059_DDS.a(PI_KEY_1.o)
 .comment       0x00000000       0x71 .\CortexM3\ARM_GCC_493\Debug\CY8CKIT-059_DDS.a(CyFlash.o)
 .comment       0x00000000       0x71 .\CortexM3\ARM_GCC_493\Debug\CY8CKIT-059_DDS.a(CySpc.o)

.debug_weaknames
 *(.debug_weaknames)

.debug_funcnames
 *(.debug_funcnames)

.debug_typenames
 *(.debug_typenames)

.debug_varnames
 *(.debug_varnames)

.note.gnu.arm.ident
 *(.note.gnu.arm.ident)

.ARM.attributes
                0x00000000       0x29
 *(.ARM.attributes)
 .ARM.attributes
                0x00000000       0x1d c:/program files (x86)/cypress/psoc creator/3.3/psoc creator/import/gnu/arm/4.9.3/bin/../lib/gcc/arm-none-eabi/4.9.3/armv7-m/crti.o
 .ARM.attributes
                0x0000001d       0x2d c:/program files (x86)/cypress/psoc creator/3.3/psoc creator/import/gnu/arm/4.9.3/bin/../lib/gcc/arm-none-eabi/4.9.3/armv7-m/crtbegin.o
 .ARM.attributes
                0x0000004a       0x1b c:/program files (x86)/cypress/psoc creator/3.3/psoc creator/import/gnu/arm/4.9.3/bin/../lib/gcc/arm-none-eabi/4.9.3/../../../../arm-none-eabi/lib/armv7-m/crt0.o
 .ARM.attributes
                0x00000065       0x33 .\CortexM3\ARM_GCC_493\Debug\croutine.o
 .ARM.attributes
                0x00000098       0x33 .\CortexM3\ARM_GCC_493\Debug\event_groups.o
 .ARM.attributes
                0x000000cb       0x33 .\CortexM3\ARM_GCC_493\Debug\list.o
 .ARM.attributes
                0x000000fe       0x33 .\CortexM3\ARM_GCC_493\Debug\port.o
 .ARM.attributes
                0x00000131       0x33 .\CortexM3\ARM_GCC_493\Debug\queue.o
 .ARM.attributes
                0x00000164       0x33 .\CortexM3\ARM_GCC_493\Debug\tasks.o
 .ARM.attributes
                0x00000197       0x33 .\CortexM3\ARM_GCC_493\Debug\timers.o
 .ARM.attributes
                0x000001ca       0x33 .\CortexM3\ARM_GCC_493\Debug\heap_2.o
 .ARM.attributes
                0x000001fd       0x33 .\CortexM3\ARM_GCC_493\Debug\I2C_CLCD.o
 .ARM.attributes
                0x00000230       0x33 .\CortexM3\ARM_GCC_493\Debug\rot.o
 .ARM.attributes
                0x00000263       0x33 .\CortexM3\ARM_GCC_493\Debug\key.o
 .ARM.attributes
                0x00000296       0x33 .\CortexM3\ARM_GCC_493\Debug\main.o
 .ARM.attributes
                0x000002c9       0x33 .\CortexM3\ARM_GCC_493\Debug\cymetadata.o
 .ARM.attributes
                0x000002fc       0x33 .\CortexM3\ARM_GCC_493\Debug\Cm3Start.o
 .ARM.attributes
                0x0000032f       0x33 .\CortexM3\ARM_GCC_493\Debug\CY8CKIT-059_DDS.a(cyfitter_cfg.o)
 .ARM.attributes
                0x00000362       0x33 .\CortexM3\ARM_GCC_493\Debug\CY8CKIT-059_DDS.a(LED.o)
 .ARM.attributes
                0x00000395       0x21 .\CortexM3\ARM_GCC_493\Debug\CY8CKIT-059_DDS.a(CyBootAsmGnu.o)
 .ARM.attributes
                0x000003b6       0x33 .\CortexM3\ARM_GCC_493\Debug\CY8CKIT-059_DDS.a(CyLib.o)
 .ARM.attributes
                0x000003e9       0x33 .\CortexM3\ARM_GCC_493\Debug\CY8CKIT-059_DDS.a(cyPm.o)
 .ARM.attributes
                0x0000041c       0x33 .\CortexM3\ARM_GCC_493\Debug\CY8CKIT-059_DDS.a(SPIM.o)
 .ARM.attributes
                0x0000044f       0x33 .\CortexM3\ARM_GCC_493\Debug\CY8CKIT-059_DDS.a(SPIM_INT.o)
 .ARM.attributes
                0x00000482       0x33 .\CortexM3\ARM_GCC_493\Debug\CY8CKIT-059_DDS.a(nTX_EN.o)
 .ARM.attributes
                0x000004b5       0x33 .\CortexM3\ARM_GCC_493\Debug\CY8CKIT-059_DDS.a(I2C_1.o)
 .ARM.attributes
                0x000004e8       0x33 .\CortexM3\ARM_GCC_493\Debug\CY8CKIT-059_DDS.a(I2C_1_INT.o)
 .ARM.attributes
                0x0000051b       0x33 .\CortexM3\ARM_GCC_493\Debug\CY8CKIT-059_DDS.a(I2C_1_PM.o)
 .ARM.attributes
                0x0000054e       0x33 .\CortexM3\ARM_GCC_493\Debug\CY8CKIT-059_DDS.a(I2C_1_MASTER.o)
 .ARM.attributes
                0x00000581       0x33 .\CortexM3\ARM_GCC_493\Debug\CY8CKIT-059_DDS.a(ROT_A.o)
 .ARM.attributes
                0x000005b4       0x33 .\CortexM3\ARM_GCC_493\Debug\CY8CKIT-059_DDS.a(ROT_B.o)
 .ARM.attributes
                0x000005e7       0x33 .\CortexM3\ARM_GCC_493\Debug\CY8CKIT-059_DDS.a(PI_KEY_0.o)
 .ARM.attributes
                0x0000061a       0x33 .\CortexM3\ARM_GCC_493\Debug\CY8CKIT-059_DDS.a(PI_KEY_1.o)
 .ARM.attributes
                0x0000064d       0x33 .\CortexM3\ARM_GCC_493\Debug\CY8CKIT-059_DDS.a(CyFlash.o)
 .ARM.attributes
                0x00000680       0x33 .\CortexM3\ARM_GCC_493\Debug\CY8CKIT-059_DDS.a(CySpc.o)
 .ARM.attributes
                0x000006b3       0x1d c:/program files (x86)/cypress/psoc creator/3.3/psoc creator/import/gnu/arm/4.9.3/bin/../lib/gcc/arm-none-eabi/4.9.3/armv7-m\libgcc.a(_aeabi_ldivmod.o)
 .ARM.attributes
                0x000006d0       0x2d c:/program files (x86)/cypress/psoc creator/3.3/psoc creator/import/gnu/arm/4.9.3/bin/../lib/gcc/arm-none-eabi/4.9.3/armv7-m\libgcc.a(bpabi.o)
 .ARM.attributes
                0x000006fd       0x1d c:/program files (x86)/cypress/psoc creator/3.3/psoc creator/import/gnu/arm/4.9.3/bin/../lib/gcc/arm-none-eabi/4.9.3/armv7-m\libgcc.a(_dvmd_tls.o)
 .ARM.attributes
                0x0000071a       0x2d c:/program files (x86)/cypress/psoc creator/3.3/psoc creator/import/gnu/arm/4.9.3/bin/../lib/gcc/arm-none-eabi/4.9.3/armv7-m\libgcc.a(_divdi3.o)
 .ARM.attributes
                0x00000747       0x2d c:/program files (x86)/cypress/psoc creator/3.3/psoc creator/import/gnu/arm/4.9.3/bin/../lib/gcc/arm-none-eabi/4.9.3/armv7-m\libgcc.a(_udivdi3.o)
 .ARM.attributes
                0x00000774       0x2d c:/program files (x86)/cypress/psoc creator/3.3/psoc creator/import/gnu/arm/4.9.3/bin/../lib/gcc/arm-none-eabi/4.9.3/../../../../arm-none-eabi/lib/armv7-m\libg_nano.a(lib_a-errno.o)
 .ARM.attributes
                0x000007a1       0x2d c:/program files (x86)/cypress/psoc creator/3.3/psoc creator/import/gnu/arm/4.9.3/bin/../lib/gcc/arm-none-eabi/4.9.3/../../../../arm-none-eabi/lib/armv7-m\libg_nano.a(lib_a-exit.o)
 .ARM.attributes
                0x000007ce       0x2d c:/program files (x86)/cypress/psoc creator/3.3/psoc creator/import/gnu/arm/4.9.3/bin/../lib/gcc/arm-none-eabi/4.9.3/../../../../arm-none-eabi/lib/armv7-m\libg_nano.a(lib_a-impure.o)
 .ARM.attributes
                0x000007fb       0x2d c:/program files (x86)/cypress/psoc creator/3.3/psoc creator/import/gnu/arm/4.9.3/bin/../lib/gcc/arm-none-eabi/4.9.3/../../../../arm-none-eabi/lib/armv7-m\libg_nano.a(lib_a-init.o)
 .ARM.attributes
                0x00000828       0x2d c:/program files (x86)/cypress/psoc creator/3.3/psoc creator/import/gnu/arm/4.9.3/bin/../lib/gcc/arm-none-eabi/4.9.3/../../../../arm-none-eabi/lib/armv7-m\libg_nano.a(lib_a-memcpy.o)
 .ARM.attributes
                0x00000855       0x2d c:/program files (x86)/cypress/psoc creator/3.3/psoc creator/import/gnu/arm/4.9.3/bin/../lib/gcc/arm-none-eabi/4.9.3/../../../../arm-none-eabi/lib/armv7-m\libg_nano.a(lib_a-memset.o)
 .ARM.attributes
                0x00000882       0x2d c:/program files (x86)/cypress/psoc creator/3.3/psoc creator/import/gnu/arm/4.9.3/bin/../lib/gcc/arm-none-eabi/4.9.3/../../../../arm-none-eabi/lib/armv7-m\libg_nano.a(lib_a-sprintf.o)
 .ARM.attributes
                0x000008af       0x2d c:/program files (x86)/cypress/psoc creator/3.3/psoc creator/import/gnu/arm/4.9.3/bin/../lib/gcc/arm-none-eabi/4.9.3/../../../../arm-none-eabi/lib/armv7-m\libg_nano.a(lib_a-strcpy.o)
 .ARM.attributes
                0x000008dc       0x2d c:/program files (x86)/cypress/psoc creator/3.3/psoc creator/import/gnu/arm/4.9.3/bin/../lib/gcc/arm-none-eabi/4.9.3/../../../../arm-none-eabi/lib/armv7-m\libg_nano.a(lib_a-nano-svfprintf.o)
 .ARM.attributes
                0x00000909       0x2d c:/program files (x86)/cypress/psoc creator/3.3/psoc creator/import/gnu/arm/4.9.3/bin/../lib/gcc/arm-none-eabi/4.9.3/../../../../arm-none-eabi/lib/armv7-m\libg_nano.a(lib_a-nano-vfprintf_i.o)
 .ARM.attributes
                0x00000936       0x2d c:/program files (x86)/cypress/psoc creator/3.3/psoc creator/import/gnu/arm/4.9.3/bin/../lib/gcc/arm-none-eabi/4.9.3/../../../../arm-none-eabi/lib/armv7-m\libg_nano.a(lib_a-memchr.o)
 .ARM.attributes
                0x00000963       0x2d c:/program files (x86)/cypress/psoc creator/3.3/psoc creator/import/gnu/arm/4.9.3/bin/../lib/gcc/arm-none-eabi/4.9.3/../../../../arm-none-eabi/lib/armv7-m\libg_nano.a(lib_a-memmove.o)
 .ARM.attributes
                0x00000990       0x2d c:/program files (x86)/cypress/psoc creator/3.3/psoc creator/import/gnu/arm/4.9.3/bin/../lib/gcc/arm-none-eabi/4.9.3/../../../../arm-none-eabi/lib/armv7-m\libg_nano.a(lib_a-nano-freer.o)
 .ARM.attributes
                0x000009bd       0x2d c:/program files (x86)/cypress/psoc creator/3.3/psoc creator/import/gnu/arm/4.9.3/bin/../lib/gcc/arm-none-eabi/4.9.3/../../../../arm-none-eabi/lib/armv7-m\libg_nano.a(lib_a-nano-mallocr.o)
 .ARM.attributes
                0x000009ea       0x2d c:/program files (x86)/cypress/psoc creator/3.3/psoc creator/import/gnu/arm/4.9.3/bin/../lib/gcc/arm-none-eabi/4.9.3/../../../../arm-none-eabi/lib/armv7-m\libg_nano.a(lib_a-nano-reallocr.o)
 .ARM.attributes
                0x00000a17       0x2d c:/program files (x86)/cypress/psoc creator/3.3/psoc creator/import/gnu/arm/4.9.3/bin/../lib/gcc/arm-none-eabi/4.9.3/../../../../arm-none-eabi/lib/armv7-m\libg_nano.a(lib_a-sbrkr.o)
 .ARM.attributes
                0x00000a44       0x2d c:/program files (x86)/cypress/psoc creator/3.3/psoc creator/import/gnu/arm/4.9.3/bin/../lib/gcc/arm-none-eabi/4.9.3/../../../../arm-none-eabi/lib/armv7-m\libg_nano.a(lib_a-nano-msizer.o)
 .ARM.attributes
                0x00000a71       0x2d c:/program files (x86)/cypress/psoc creator/3.3/psoc creator/import/gnu/arm/4.9.3/bin/../lib/gcc/arm-none-eabi/4.9.3/../../../../arm-none-eabi/lib/armv7-m\libg_nano.a(lib_a-reent.o)
 .ARM.attributes
                0x00000a9e       0x2d c:/program files (x86)/cypress/psoc creator/3.3/psoc creator/import/gnu/arm/4.9.3/bin/../lib/gcc/arm-none-eabi/4.9.3/armv7-m/crtend.o
 .ARM.attributes
                0x00000acb       0x1d c:/program files (x86)/cypress/psoc creator/3.3/psoc creator/import/gnu/arm/4.9.3/bin/../lib/gcc/arm-none-eabi/4.9.3/armv7-m/crtn.o

/DISCARD/
 *(.note.GNU-stack)
OUTPUT(.\CortexM3\ARM_GCC_493\Debug\CY8CKIT-059_DDS.elf elf32-littlearm)
