Archive member included because of file (symbol)

.\CortexM3\ARM_GCC_493\Debug\CY8CKIT-059_JJY_Raceiver.a(cyfitter_cfg.o)
                              .\CortexM3\ARM_GCC_493\Debug\Cm3Start.o (cyfitter_cfg)
.\CortexM3\ARM_GCC_493\Debug\CY8CKIT-059_JJY_Raceiver.a(LED.o)
                              .\CortexM3\ARM_GCC_493\Debug\main.o (LED_Write)
.\CortexM3\ARM_GCC_493\Debug\CY8CKIT-059_JJY_Raceiver.a(CyBootAsmGnu.o)
                              .\CortexM3\ARM_GCC_493\Debug\CY8CKIT-059_JJY_Raceiver.a(cyfitter_cfg.o) (CyDelayCycles)
.\CortexM3\ARM_GCC_493\Debug\CY8CKIT-059_JJY_Raceiver.a(CyDmac.o)
                              .\CortexM3\ARM_GCC_493\Debug\Cm3Start.o (CyDmacConfigure)
.\CortexM3\ARM_GCC_493\Debug\CY8CKIT-059_JJY_Raceiver.a(CyLib.o)
                              .\CortexM3\ARM_GCC_493\Debug\Cm3Start.o (CyHalt)
.\CortexM3\ARM_GCC_493\Debug\CY8CKIT-059_JJY_Raceiver.a(cyPm.o)
                              .\CortexM3\ARM_GCC_493\Debug\CY8CKIT-059_JJY_Raceiver.a(CyLib.o) (CyPmReadStatus)
.\CortexM3\ARM_GCC_493\Debug\CY8CKIT-059_JJY_Raceiver.a(I2C_1.o)
                              .\CortexM3\ARM_GCC_493\Debug\main.o (I2C_1_Start)
.\CortexM3\ARM_GCC_493\Debug\CY8CKIT-059_JJY_Raceiver.a(I2C_1_INT.o)
                              .\CortexM3\ARM_GCC_493\Debug\CY8CKIT-059_JJY_Raceiver.a(I2C_1.o) (I2C_1_ISR)
.\CortexM3\ARM_GCC_493\Debug\CY8CKIT-059_JJY_Raceiver.a(I2C_1_PM.o)
                              .\CortexM3\ARM_GCC_493\Debug\CY8CKIT-059_JJY_Raceiver.a(I2C_1.o) (I2C_1_backup)
.\CortexM3\ARM_GCC_493\Debug\CY8CKIT-059_JJY_Raceiver.a(I2C_1_MASTER.o)
                              .\CortexM3\ARM_GCC_493\Debug\CY8CKIT-059_JJY_Raceiver.a(I2C_1.o) (I2C_1_mstrStatus)
.\CortexM3\ARM_GCC_493\Debug\CY8CKIT-059_JJY_Raceiver.a(WaveDAC8_1.o)
                              .\CortexM3\ARM_GCC_493\Debug\main.o (WaveDAC8_1_Start)
.\CortexM3\ARM_GCC_493\Debug\CY8CKIT-059_JJY_Raceiver.a(WaveDAC8_1_DacClk.o)
                              .\CortexM3\ARM_GCC_493\Debug\CY8CKIT-059_JJY_Raceiver.a(WaveDAC8_1.o) (WaveDAC8_1_DacClk_Start)
.\CortexM3\ARM_GCC_493\Debug\CY8CKIT-059_JJY_Raceiver.a(WaveDAC8_1_Wave1_DMA_dma.o)
                              .\CortexM3\ARM_GCC_493\Debug\CY8CKIT-059_JJY_Raceiver.a(WaveDAC8_1.o) (WaveDAC8_1_Wave1_DMA_DmaInitialize)
.\CortexM3\ARM_GCC_493\Debug\CY8CKIT-059_JJY_Raceiver.a(WaveDAC8_1_Wave2_DMA_dma.o)
                              .\CortexM3\ARM_GCC_493\Debug\CY8CKIT-059_JJY_Raceiver.a(WaveDAC8_1.o) (WaveDAC8_1_Wave2_DMA_DmaInitialize)
.\CortexM3\ARM_GCC_493\Debug\CY8CKIT-059_JJY_Raceiver.a(WaveDAC8_1_VDAC8.o)
                              .\CortexM3\ARM_GCC_493\Debug\CY8CKIT-059_JJY_Raceiver.a(WaveDAC8_1.o) (WaveDAC8_1_VDAC8_Enable)
.\CortexM3\ARM_GCC_493\Debug\CY8CKIT-059_JJY_Raceiver.a(Counter_1.o)
                              .\CortexM3\ARM_GCC_493\Debug\main.o (Counter_1_WriteCounter)
.\CortexM3\ARM_GCC_493\Debug\CY8CKIT-059_JJY_Raceiver.a(isr_TC_PULSE_END.o)
                              .\CortexM3\ARM_GCC_493\Debug\main.o (isr_TC_PULSE_END_StartEx)
.\CortexM3\ARM_GCC_493\Debug\CY8CKIT-059_JJY_Raceiver.a(isr_TC_PULSE_DET.o)
                              .\CortexM3\ARM_GCC_493\Debug\main.o (isr_TC_PULSE_DET_StartEx)
.\CortexM3\ARM_GCC_493\Debug\CY8CKIT-059_JJY_Raceiver.a(Timer_1.o)
                              .\CortexM3\ARM_GCC_493\Debug\main.o (Timer_1_ReadStatusRegister)
.\CortexM3\ARM_GCC_493\Debug\CY8CKIT-059_JJY_Raceiver.a(TONE_Control_Reg.o)
                              .\CortexM3\ARM_GCC_493\Debug\main.o (TONE_Control_Reg_Write)
.\CortexM3\ARM_GCC_493\Debug\CY8CKIT-059_JJY_Raceiver.a(JJY_Control_Reg.o)
                              .\CortexM3\ARM_GCC_493\Debug\main.o (JJY_Control_Reg_Write)
.\CortexM3\ARM_GCC_493\Debug\CY8CKIT-059_JJY_Raceiver.a(timerISR_1.o)
                              .\CortexM3\ARM_GCC_493\Debug\main.o (timerISR_1_StartEx)
.\CortexM3\ARM_GCC_493\Debug\CY8CKIT-059_JJY_Raceiver.a(CyFlash.o)
                              .\CortexM3\ARM_GCC_493\Debug\CY8CKIT-059_JJY_Raceiver.a(cyPm.o) (CyFlash_SetWaitCycles)
.\CortexM3\ARM_GCC_493\Debug\CY8CKIT-059_JJY_Raceiver.a(CySpc.o)
                              .\CortexM3\ARM_GCC_493\Debug\CY8CKIT-059_JJY_Raceiver.a(CyFlash.o) (CySpcStart)
.\CortexM3\ARM_GCC_493\Debug\CY8CKIT-059_JJY_Raceiver.a(cyutils.o)
                              .\CortexM3\ARM_GCC_493\Debug\CY8CKIT-059_JJY_Raceiver.a(Counter_1.o) (CySetReg24)
c:/program files (x86)/cypress/psoc creator/3.3/psoc creator/import/gnu/arm/4.9.3/bin/../lib/gcc/arm-none-eabi/4.9.3/../../../../arm-none-eabi/lib/armv7-m\libg_nano.a(lib_a-errno.o)
                              .\CortexM3\ARM_GCC_493\Debug\Cm3Start.o (__errno)
c:/program files (x86)/cypress/psoc creator/3.3/psoc creator/import/gnu/arm/4.9.3/bin/../lib/gcc/arm-none-eabi/4.9.3/../../../../arm-none-eabi/lib/armv7-m\libg_nano.a(lib_a-exit.o)
[...]
Memory Configuration

Name             Origin             Length             Attributes
rom              0x00000000         0x00040000         xr
ram              0x1fff8000         0x00010000         xrw
*default*        0x00000000         0xffffffff

Linker script and memory map

LOAD c:/program files (x86)/cypress/psoc creator/3.3/psoc creator/import/gnu/arm/4.9.3/bin/../lib/gcc/arm-none-eabi/4.9.3/armv7-m/crti.o
LOAD c:/program files (x86)/cypress/psoc creator/3.3/psoc creator/import/gnu/arm/4.9.3/bin/../lib/gcc/arm-none-eabi/4.9.3/armv7-m/crtbegin.o
LOAD c:/program files (x86)/cypress/psoc creator/3.3/psoc creator/import/gnu/arm/4.9.3/bin/../lib/gcc/arm-none-eabi/4.9.3/../../../../arm-none-eabi/lib/armv7-m/crt0.o
START GROUP
LOAD .\CortexM3\ARM_GCC_493\Debug\croutine.o
LOAD .\CortexM3\ARM_GCC_493\Debug\event_groups.o
LOAD .\CortexM3\ARM_GCC_493\Debug\list.o
LOAD .\CortexM3\ARM_GCC_493\Debug\port.o
LOAD .\CortexM3\ARM_GCC_493\Debug\queue.o
LOAD .\CortexM3\ARM_GCC_493\Debug\tasks.o
LOAD .\CortexM3\ARM_GCC_493\Debug\timers.o
LOAD .\CortexM3\ARM_GCC_493\Debug\heap_2.o
LOAD .\CortexM3\ARM_GCC_493\Debug\I2C_CLCD.o
LOAD .\CortexM3\ARM_GCC_493\Debug\main.o
LOAD .\CortexM3\ARM_GCC_493\Debug\cymetadata.o
LOAD .\CortexM3\ARM_GCC_493\Debug\Cm3Start.o
LOAD .\CortexM3\ARM_GCC_493\Debug\CY8CKIT-059_JJY_Raceiver.a
LOAD C:\Program Files (x86)\Cypress\PSoC Creator\3.3\PSoC Creator\psoc\content\cycomponentlibrary\CyComponentLibrary.cylib\CortexM3\ARM_GCC_493\Debug\CyComponentLibrary.a
LOAD c:/program files (x86)/cypress/psoc creator/3.3/psoc creator/import/gnu/arm/4.9.3/bin/../lib/gcc/arm-none-eabi/4.9.3/../../../../arm-none-eabi/lib/armv7-m\libm.a
END GROUP
START GROUP
LOAD c:/program files (x86)/cypress/psoc creator/3.3/psoc creator/import/gnu/arm/4.9.3/bin/../lib/gcc/arm-none-eabi/4.9.3/armv7-m\libgcc.a
LOAD c:/program files (x86)/cypress/psoc creator/3.3/psoc creator/import/gnu/arm/4.9.3/bin/../lib/gcc/arm-none-eabi/4.9.3/../../../../arm-none-eabi/lib/armv7-m\libg_nano.a
LOAD c:/program files (x86)/cypress/psoc creator/3.3/psoc creator/import/gnu/arm/4.9.3/bin/../lib/gcc/arm-none-eabi/4.9.3/../../../../arm-none-eabi/lib/armv7-m\libc_nano.a
END GROUP
START GROUP
LOAD c:/program files (x86)/cypress/psoc creator/3.3/psoc creator/import/gnu/arm/4.9.3/bin/../lib/gcc/arm-none-eabi/4.9.3/armv7-m\libgcc.a
LOAD c:/program files (x86)/cypress/psoc creator/3.3/psoc creator/import/gnu/arm/4.9.3/bin/../lib/gcc/arm-none-eabi/4.9.3/../../../../arm-none-eabi/lib/armv7-m\libc_nano.a
END GROUP
LOAD c:/program files (x86)/cypress/psoc creator/3.3/psoc creator/import/gnu/arm/4.9.3/bin/../lib/gcc/arm-none-eabi/4.9.3/armv7-m/crtend.o
LOAD c:/program files (x86)/cypress/psoc creator/3.3/psoc creator/import/gnu/arm/4.9.3/bin/../lib/gcc/arm-none-eabi/4.9.3/armv7-m/crtn.o
START GROUP
LOAD c:/program files (x86)/cypress/psoc creator/3.3/psoc creator/import/gnu/arm/4.9.3/bin/../lib/gcc/arm-none-eabi/4.9.3/armv7-m\libgcc.a
LOAD c:/program files (x86)/cypress/psoc creator/3.3/psoc creator/import/gnu/arm/4.9.3/bin/../lib/gcc/arm-none-eabi/4.9.3/../../../../arm-none-eabi/lib/armv7-m\libc.a
LOAD c:/program files (x86)/cypress/psoc creator/3.3/psoc creator/import/gnu/arm/4.9.3/bin/../lib/gcc/arm-none-eabi/4.9.3/../../../../arm-none-eabi/lib/armv7-m\libnosys.a
END GROUP
                0x00000000                CY_APPL_ORIGIN = 0x0
                0x00000100                CY_FLASH_ROW_SIZE = 0x100
                0x00000020                CY_ECC_ROW_SIZE = 0x20
                0x00000000                CY_EE_IN_BTLDR = 0x0
                0x00000000                CY_APPL_LOADABLE = 0x0
                0x00000800                CY_EE_SIZE = 0x800
                0x00000001                CY_APPL_NUM = 0x1
                0x00000001                CY_APPL_MAX = 0x1
                0x00000040                CY_METADATA_SIZE = 0x40
                0x00000000                CY_APPL_LOADABLE = 0x0
                0x00000000                CY_CHECKSUM_EXCLUDE_SIZE = ALIGN (0x0, CY_FLASH_ROW_SIZE)
                0x20000368                PROVIDE (__cy_heap_start, _end)
                0x00000001                PROVIDE (__cy_region_num, ((__cy_regions_end - __cy_regions) / 0x10))
                0x20008000                PROVIDE (__cy_stack, (ORIGIN (ram) + 0x10000))
                0x20006000                PROVIDE (__cy_heap_end, (__cy_stack - 0x2000))

.cybootloader   0x00000000        0x0
 *(.cybootloader)
                0x00000000                appl1_start = CY_APPL_ORIGIN?CY_APPL_ORIGIN:ALIGN (CY_FLASH_ROW_SIZE)
                0x0001ff00                appl2_start = (appl1_start + ALIGN ((((0x40000 - appl1_start) - (0x2 * CY_FLASH_ROW_SIZE)) / 0x2), CY_FLASH_ROW_SIZE))
                0x00000000                appl_start = (CY_APPL_NUM == 0x1)?appl1_start:appl2_start
                0x00000000                ecc_offset = ((appl_start / CY_FLASH_ROW_SIZE) * CY_ECC_ROW_SIZE)
                0x00000000                ee_offset = (CY_APPL_LOADABLE && ! (CY_EE_IN_BTLDR))?((CY_EE_SIZE / CY_APPL_MAX) * (CY_APPL_NUM - 0x1)):0x0
                0x00000800                ee_size = (CY_APPL_LOADABLE && ! (CY_EE_IN_BTLDR))?(CY_EE_SIZE / CY_APPL_MAX):CY_EE_SIZE
                0x00000000                PROVIDE (CY_ECC_OFFSET, ecc_offset)

.text           0x00000000     0x3248
 CREATE_OBJECT_SYMBOLS
                0x00000000                PROVIDE (__cy_interrupt_vector, RomVectors)
 *(.romvectors)
 .romvectors    0x00000000       0x10 .\CortexM3\ARM_GCC_493\Debug\Cm3Start.o
                0x00000000                RomVectors
                0x00000001                ASSERT ((. != __cy_interrupt_vector), No interrupt vector)
                0x00000001                ASSERT (CY_APPL_ORIGIN?(SIZEOF (.cybootloader) <= CY_APPL_ORIGIN):0x1, Wrong image location)
                0x00000010                PROVIDE (__cy_reset, Reset)
 *(.text.Reset)
 .text.Reset    0x00000010       0x18 .\CortexM3\ARM_GCC_493\Debug\Cm3Start.o
                0x00000010                Reset
                0x00000001                ASSERT ((. != __cy_reset), No reset code)
 *(.dma_init)
                0x00000001                ASSERT ((((appl_start + .) <= 0x10000) || 0x1), DMA Init must be within the first 64k of flash)
 *(.text .text.* .gnu.linkonce.t.*)
 .text          0x00000028       0x5c c:/program files (x86)/cypress/psoc creator/3.3/psoc creator/import/gnu/arm/4.9.3/bin/../lib/gcc/arm-none-eabi/4.9.3/armv7-m/crtbegin.o
 .text.vListInitialise
                0x00000084       0x18 .\CortexM3\ARM_GCC_493\Debug\list.o
                0x00000084                vListInitialise
 .text.vListInitialiseItem
                0x0000009c        0x8 .\CortexM3\ARM_GCC_493\Debug\list.o
                0x0000009c                vListInitialiseItem
 .text.vListInsertEnd
                0x000000a4       0x18 .\CortexM3\ARM_GCC_493\Debug\list.o
                0x000000a4                vListInsertEnd
 .text.vListInsert
                0x000000bc       0x34 .\CortexM3\ARM_GCC_493\Debug\list.o
                0x000000bc                vListInsert
 .text.uxListRemove
                0x000000f0       0x24 .\CortexM3\ARM_GCC_493\Debug\list.o
                0x000000f0                uxListRemove
 .text.prvPortStartFirstTask
                0x00000114       0x20 .\CortexM3\ARM_GCC_493\Debug\port.o
 .text.pxPortInitialiseStack
                0x00000134       0x20 .\CortexM3\ARM_GCC_493\Debug\port.o
                0x00000134                pxPortInitialiseStack
 .text.vPortSVCHandler
                0x00000154       0x24 .\CortexM3\ARM_GCC_493\Debug\port.o
                0x00000154                vPortSVCHandler
 .text.vPortYield
                0x00000178       0x18 .\CortexM3\ARM_GCC_493\Debug\port.o
                0x00000178                vPortYield
 .text.ulPortSetInterruptMask
                0x00000190       0x10 .\CortexM3\ARM_GCC_493\Debug\port.o
                0x00000190                ulPortSetInterruptMask
 .text.prvTaskExitError
                0x000001a0        0x8 .\CortexM3\ARM_GCC_493\Debug\port.o
 .text.vPortEnterCritical
                0x000001a8       0x1c .\CortexM3\ARM_GCC_493\Debug\port.o
                0x000001a8                vPortEnterCritical
 .text.vPortClearInterruptMask
                0x000001c4        0x8 .\CortexM3\ARM_GCC_493\Debug\port.o
                0x000001c4                vPortClearInterruptMask
 .text.vPortExitCritical
                0x000001cc       0x18 .\CortexM3\ARM_GCC_493\Debug\port.o
                0x000001cc                vPortExitCritical
 .text.xPortPendSVHandler
                0x000001e4       0x44 .\CortexM3\ARM_GCC_493\Debug\port.o
                0x000001e4                xPortPendSVHandler
 .text.xPortSysTickHandler
                0x00000228       0x20 .\CortexM3\ARM_GCC_493\Debug\port.o
                0x00000228                xPortSysTickHandler
 .text.vPortSetupTimerInterrupt
                0x00000248       0x18 .\CortexM3\ARM_GCC_493\Debug\port.o
                0x00000248                vPortSetupTimerInterrupt
 .text.xPortStartScheduler
                0x00000260       0x30 .\CortexM3\ARM_GCC_493\Debug\port.o
                0x00000260                xPortStartScheduler
 .text.prvIsQueueFull
                0x00000290       0x20 .\CortexM3\ARM_GCC_493\Debug\queue.o
 .text.prvIsQueueEmpty
                0x000002b0       0x1c .\CortexM3\ARM_GCC_493\Debug\queue.o
 .text.prvCopyDataToQueue
                0x000002cc       0x7c .\CortexM3\ARM_GCC_493\Debug\queue.o
 .text.prvCopyDataFromQueue
                0x00000348       0x24 .\CortexM3\ARM_GCC_493\Debug\queue.o
 .text.prvUnlockQueue
                0x0000036c       0x64 .\CortexM3\ARM_GCC_493\Debug\queue.o
 .text.xQueueGenericReset
                0x000003d0       0x5c .\CortexM3\ARM_GCC_493\Debug\queue.o
                0x000003d0                xQueueGenericReset
 .text.xQueueGenericCreate
                0x0000042c       0x38 .\CortexM3\ARM_GCC_493\Debug\queue.o
                0x0000042c                xQueueGenericCreate
 .text.xQueueGenericSend
                0x00000464       0xd8 .\CortexM3\ARM_GCC_493\Debug\queue.o
                0x00000464                xQueueGenericSend
 .text.xQueueCreateMutex
                0x0000053c       0x44 .\CortexM3\ARM_GCC_493\Debug\queue.o
                0x0000053c                xQueueCreateMutex
 .text.xQueueGenericSendFromISR
                0x00000580       0x70 .\CortexM3\ARM_GCC_493\Debug\queue.o
                0x00000580                xQueueGenericSendFromISR
 .text.xQueueGenericReceive
                0x000005f0      0x100 .\CortexM3\ARM_GCC_493\Debug\queue.o
                0x000005f0                xQueueGenericReceive
 .text.uxQueueMessagesWaiting
                0x000006f0       0x14 .\CortexM3\ARM_GCC_493\Debug\queue.o
                0x000006f0                uxQueueMessagesWaiting
 .text.prvResetNextTaskUnblockTime
                0x00000704       0x2c .\CortexM3\ARM_GCC_493\Debug\tasks.o
 .text.prvDeleteTCB
                0x00000730       0x14 .\CortexM3\ARM_GCC_493\Debug\tasks.o
 .text.prvAllocateTCBAndStack
                0x00000744       0x3c .\CortexM3\ARM_GCC_493\Debug\tasks.o
 .text.prvInitialiseTCBVariables
                0x00000780       0x50 .\CortexM3\ARM_GCC_493\Debug\tasks.o
 .text.prvInitialiseTaskLists
                0x000007d0       0x58 .\CortexM3\ARM_GCC_493\Debug\tasks.o
 .text.prvAddCurrentTaskToDelayedList
                0x00000828       0x44 .\CortexM3\ARM_GCC_493\Debug\tasks.o
 .text.xTaskGenericCreate
                0x0000086c       0xf4 .\CortexM3\ARM_GCC_493\Debug\tasks.o
                0x0000086c                xTaskGenericCreate
 .text.vTaskStartScheduler
                0x00000960       0x4c .\CortexM3\ARM_GCC_493\Debug\tasks.o
                0x00000960                vTaskStartScheduler
 .text.vTaskSuspendAll
                0x000009ac       0x14 .\CortexM3\ARM_GCC_493\Debug\tasks.o
                0x000009ac                vTaskSuspendAll
 .text.xTaskIncrementTick
                0x000009c0      0x104 .\CortexM3\ARM_GCC_493\Debug\tasks.o
                0x000009c0                xTaskIncrementTick
 .text.xTaskResumeAll
                0x00000ac4       0xcc .\CortexM3\ARM_GCC_493\Debug\tasks.o
                0x00000ac4                xTaskResumeAll
 .text.vTaskDelay
                0x00000b90       0x50 .\CortexM3\ARM_GCC_493\Debug\tasks.o
                0x00000b90                vTaskDelay
 .text.prvCheckTasksWaitingTermination
                0x00000be0       0x54 .\CortexM3\ARM_GCC_493\Debug\tasks.o
 .text.prvIdleTask
                0x00000c34        0x8 .\CortexM3\ARM_GCC_493\Debug\tasks.o
 .text.vTaskSwitchContext
                0x00000c3c       0xa8 .\CortexM3\ARM_GCC_493\Debug\tasks.o
                0x00000c3c                vTaskSwitchContext
 .text.vTaskPlaceOnEventList
                0x00000ce4       0x58 .\CortexM3\ARM_GCC_493\Debug\tasks.o
                0x00000ce4                vTaskPlaceOnEventList
 .text.xTaskRemoveFromEventList
                0x00000d3c       0x70 .\CortexM3\ARM_GCC_493\Debug\tasks.o
                0x00000d3c                xTaskRemoveFromEventList
 .text.vTaskSetTimeOutState
                0x00000dac       0x14 .\CortexM3\ARM_GCC_493\Debug\tasks.o
                0x00000dac                vTaskSetTimeOutState
 .text.xTaskCheckForTimeOut
                0x00000dc0       0x58 .\CortexM3\ARM_GCC_493\Debug\tasks.o
                0x00000dc0                xTaskCheckForTimeOut
 .text.vTaskMissedYield
                0x00000e18       0x10 .\CortexM3\ARM_GCC_493\Debug\tasks.o
                0x00000e18                vTaskMissedYield
 .text.vTaskPriorityInherit
                0x00000e28       0xb0 .\CortexM3\ARM_GCC_493\Debug\tasks.o
                0x00000e28                vTaskPriorityInherit
 .text.xTaskPriorityDisinherit
                0x00000ed8       0x84 .\CortexM3\ARM_GCC_493\Debug\tasks.o
                0x00000ed8                xTaskPriorityDisinherit
 .text.pvTaskIncrementMutexHeldCount
                0x00000f5c       0x20 .\CortexM3\ARM_GCC_493\Debug\tasks.o
                0x00000f5c                pvTaskIncrementMutexHeldCount
 .text.prvHeapInit
                0x00000f7c       0x30 .\CortexM3\ARM_GCC_493\Debug\heap_2.o
 .text.pvPortMalloc
                0x00000fac       0xb4 .\CortexM3\ARM_GCC_493\Debug\heap_2.o
                0x00000fac                pvPortMalloc
 .text.vPortFree
                0x00001060       0x44 .\CortexM3\ARM_GCC_493\Debug\heap_2.o
                0x00001060                vPortFree
 .text.I2C_CLCD_WrCntrlNib
                0x000010a4       0x58 .\CortexM3\ARM_GCC_493\Debug\I2C_CLCD.o
 .text.I2C_CLCD_WrDatNib
                0x000010fc       0x6c .\CortexM3\ARM_GCC_493\Debug\I2C_CLCD.o
 .text.I2C_CLCD_IsReady
                0x00001168        0xc .\CortexM3\ARM_GCC_493\Debug\I2C_CLCD.o
                0x00001168                I2C_CLCD_IsReady
 .text.I2C_CLCD_WriteData
                0x00001174       0x18 .\CortexM3\ARM_GCC_493\Debug\I2C_CLCD.o
                0x00001174                I2C_CLCD_WriteData
 .text.I2C_CLCD_PrintString
                0x0000118c       0x1c .\CortexM3\ARM_GCC_493\Debug\I2C_CLCD.o
                0x0000118c                I2C_CLCD_PrintString
 .text.I2C_CLCD_PutChar
                0x000011a8        0x8 .\CortexM3\ARM_GCC_493\Debug\I2C_CLCD.o
                0x000011a8                I2C_CLCD_PutChar
 .text.I2C_CLCD_WriteControl
                0x000011b0       0x18 .\CortexM3\ARM_GCC_493\Debug\I2C_CLCD.o
                0x000011b0                I2C_CLCD_WriteControl
 .text.I2C_CLCD_Init
                0x000011c8       0x6c .\CortexM3\ARM_GCC_493\Debug\I2C_CLCD.o
                0x000011c8                I2C_CLCD_Init
 .text.I2C_CLCD_Enable
                0x00001234       0x14 .\CortexM3\ARM_GCC_493\Debug\I2C_CLCD.o
                0x00001234                I2C_CLCD_Enable
 .text.I2C_CLCD_Start
                0x00001248       0x1c .\CortexM3\ARM_GCC_493\Debug\I2C_CLCD.o
                0x00001248                I2C_CLCD_Start
 .text.I2C_CLCD_Position
                0x00001264       0x3c .\CortexM3\ARM_GCC_493\Debug\I2C_CLCD.o
                0x00001264                I2C_CLCD_Position
 .text.timerISR_1_Routine
                0x000012a0       0x14 .\CortexM3\ARM_GCC_493\Debug\main.o
                0x000012a0                timerISR_1_Routine
 .text.Task_TONE
                0x000012b4       0x9c .\CortexM3\ARM_GCC_493\Debug\main.o
                0x000012b4                Task_TONE
 .text.tc_pulse_det_ISR
                0x00001350       0x10 .\CortexM3\ARM_GCC_493\Debug\main.o
                0x00001350                tc_pulse_det_ISR
 .text.tc_pulse_end_ISR
                0x00001360       0x30 .\CortexM3\ARM_GCC_493\Debug\main.o
                0x00001360                tc_pulse_end_ISR
 .text.Task_JJY
                0x00001390       0xc0 .\CortexM3\ARM_GCC_493\Debug\main.o
                0x00001390                Task_JJY
 .text.prvHardwareSetup
                0x00001450       0x20 .\CortexM3\ARM_GCC_493\Debug\main.o
                0x00001450                prvHardwareSetup
 .text.vApplicationStackOverflowHook
                0x00001470        0x8 .\CortexM3\ARM_GCC_493\Debug\main.o
                0x00001470                vApplicationStackOverflowHook
 .text.vApplicationMallocFailedHook
                0x00001478        0x8 .\CortexM3\ARM_GCC_493\Debug\main.o
                0x00001478                vApplicationMallocFailedHook
 .text.main     0x00001480      0x108 .\CortexM3\ARM_GCC_493\Debug\main.o
                0x00001480                main
 .text.BCD2time
                0x00001588       0x68 .\CortexM3\ARM_GCC_493\Debug\main.o
                0x00001588                BCD2time
 .text.BCD_decode_data
                0x000015f0       0x64 .\CortexM3\ARM_GCC_493\Debug\main.o
                0x000015f0                BCD_decode_data
 .text.nDay_to_calendar
                0x00001654       0x6c .\CortexM3\ARM_GCC_493\Debug\main.o
                0x00001654                nDay_to_calendar
 .text.display_time
                0x000016c0       0xa0 .\CortexM3\ARM_GCC_493\Debug\main.o
                0x000016c0                display_time
 .text.Task_CLCD
                0x00001760      0x23c .\CortexM3\ARM_GCC_493\Debug\main.o
                0x00001760                Task_CLCD
 .text.IntDefaultHandler
                0x0000199c        0x4 .\CortexM3\ARM_GCC_493\Debug\Cm3Start.o
                0x0000199c                IntDefaultHandler
 .text._sbrk    0x000019a0       0x30 .\CortexM3\ARM_GCC_493\Debug\Cm3Start.o
                0x000019a0                _sbrk
 .text.Start_c  0x000019d0       0x4c .\CortexM3\ARM_GCC_493\Debug\Cm3Start.o
                0x000019d0                Start_c
 .text.initialize_psoc
                0x00001a1c       0x78 .\CortexM3\ARM_GCC_493\Debug\Cm3Start.o
                0x00001a1c                initialize_psoc
 .text.CyClockStartupError
                0x00001a94        0x4 .\CortexM3\ARM_GCC_493\Debug\CY8CKIT-059_JJY_Raceiver.a(cyfitter_cfg.o)
 .text.cfg_write_bytes32
                0x00001a98       0x34 .\CortexM3\ARM_GCC_493\Debug\CY8CKIT-059_JJY_Raceiver.a(cyfitter_cfg.o)
 .text.AnalogSetDefault
                0x00001acc       0x38 .\CortexM3\ARM_GCC_493\Debug\CY8CKIT-059_JJY_Raceiver.a(cyfitter_cfg.o)
 .text.ClockSetup
                0x00001b04       0xe8 .\CortexM3\ARM_GCC_493\Debug\CY8CKIT-059_JJY_Raceiver.a(cyfitter_cfg.o)
 .text.CYMEMZERO
                0x00001bec        0xc .\CortexM3\ARM_GCC_493\Debug\CY8CKIT-059_JJY_Raceiver.a(cyfitter_cfg.o)
 .text.CYCONFIGCPY
                0x00001bf8        0x8 .\CortexM3\ARM_GCC_493\Debug\CY8CKIT-059_JJY_Raceiver.a(cyfitter_cfg.o)
 .text.cyfitter_cfg
                0x00001c00       0xfc .\CortexM3\ARM_GCC_493\Debug\CY8CKIT-059_JJY_Raceiver.a(cyfitter_cfg.o)
                0x00001c00                cyfitter_cfg
 .text.LED_Write
                0x00001cfc       0x18 .\CortexM3\ARM_GCC_493\Debug\CY8CKIT-059_JJY_Raceiver.a(LED.o)
                0x00001cfc                LED_Write
 *fill*         0x00001d14        0x4 
 .text          0x00001d18       0x20 .\CortexM3\ARM_GCC_493\Debug\CY8CKIT-059_JJY_Raceiver.a(CyBootAsmGnu.o)
                0x00001d18                CyDelayCycles
                0x00001d28                CyEnterCriticalSection
                0x00001d30                CyExitCriticalSection
 .text.CyDmacConfigure
                0x00001d38       0x34 .\CortexM3\ARM_GCC_493\Debug\CY8CKIT-059_JJY_Raceiver.a(CyDmac.o)
                0x00001d38                CyDmacConfigure
 .text.CyDmaChEnable
                0x00001d6c       0x38 .\CortexM3\ARM_GCC_493\Debug\CY8CKIT-059_JJY_Raceiver.a(CyDmac.o)
                0x00001d6c                CyDmaChEnable
 .text.CyDmaChPriority
                0x00001da4       0x24 .\CortexM3\ARM_GCC_493\Debug\CY8CKIT-059_JJY_Raceiver.a(CyDmac.o)
                0x00001da4                CyDmaChPriority
 .text.CyDmaChSetExtendedAddress
                0x00001dc8       0x34 .\CortexM3\ARM_GCC_493\Debug\CY8CKIT-059_JJY_Raceiver.a(CyDmac.o)
                0x00001dc8                CyDmaChSetExtendedAddress
 .text.CyDmaChSetInitialTd
                0x00001dfc       0x18 .\CortexM3\ARM_GCC_493\Debug\CY8CKIT-059_JJY_Raceiver.a(CyDmac.o)
                0x00001dfc                CyDmaChSetInitialTd
 .text.CyDmaChSetConfiguration
                0x00001e14       0x48 .\CortexM3\ARM_GCC_493\Debug\CY8CKIT-059_JJY_Raceiver.a(CyDmac.o)
                0x00001e14                CyDmaChSetConfiguration
 .text.CyDmaTdAllocate
                0x00001e5c       0x34 .\CortexM3\ARM_GCC_493\Debug\CY8CKIT-059_JJY_Raceiver.a(CyDmac.o)
                0x00001e5c                CyDmaTdAllocate
 .text.CyDmaTdSetConfiguration
                0x00001e90       0x28 .\CortexM3\ARM_GCC_493\Debug\CY8CKIT-059_JJY_Raceiver.a(CyDmac.o)
                0x00001e90                CyDmaTdSetConfiguration
 .text.CyDmaTdSetAddress
                0x00001eb8       0x1c .\CortexM3\ARM_GCC_493\Debug\CY8CKIT-059_JJY_Raceiver.a(CyDmac.o)
                0x00001eb8                CyDmaTdSetAddress
 .text.CyHalt   0x00001ed4        0x4 .\CortexM3\ARM_GCC_493\Debug\CY8CKIT-059_JJY_Raceiver.a(CyLib.o)
                0x00001ed4                CyHalt
 .text.CyDelay  0x00001ed8       0x2c .\CortexM3\ARM_GCC_493\Debug\CY8CKIT-059_JJY_Raceiver.a(CyLib.o)
                0x00001ed8                CyDelay
 .text.CyDelayUs
                0x00001f04       0x14 .\CortexM3\ARM_GCC_493\Debug\CY8CKIT-059_JJY_Raceiver.a(CyLib.o)
                0x00001f04                CyDelayUs
 .text.CyWdtStart
                0x00001f18       0x40 .\CortexM3\ARM_GCC_493\Debug\CY8CKIT-059_JJY_Raceiver.a(CyLib.o)
                0x00001f18                CyWdtStart
 .text.CyWdtClear
                0x00001f58        0xc .\CortexM3\ARM_GCC_493\Debug\CY8CKIT-059_JJY_Raceiver.a(CyLib.o)
                0x00001f58                CyWdtClear
 .text.CyIntSetVector
                0x00001f64       0x28 .\CortexM3\ARM_GCC_493\Debug\CY8CKIT-059_JJY_Raceiver.a(CyLib.o)
                0x00001f64                CyIntSetVector
 .text.CyIntSetPriority
                0x00001f8c       0x30 .\CortexM3\ARM_GCC_493\Debug\CY8CKIT-059_JJY_Raceiver.a(CyLib.o)
                0x00001f8c                CyIntSetPriority
 .text.I2C_1_Init
                0x00001fbc       0x68 .\CortexM3\ARM_GCC_493\Debug\CY8CKIT-059_JJY_Raceiver.a(I2C_1.o)
                0x00001fbc                I2C_1_Init
 .text.I2C_1_Enable
                0x00002024       0x24 .\CortexM3\ARM_GCC_493\Debug\CY8CKIT-059_JJY_Raceiver.a(I2C_1.o)
                0x00002024                I2C_1_Enable
 .text.I2C_1_Start
                0x00002048       0x28 .\CortexM3\ARM_GCC_493\Debug\CY8CKIT-059_JJY_Raceiver.a(I2C_1.o)
                0x00002048                I2C_1_Start
 .text.I2C_1_ISR
                0x00002070      0x2cc .\CortexM3\ARM_GCC_493\Debug\CY8CKIT-059_JJY_Raceiver.a(I2C_1_INT.o)
                0x00002070                I2C_1_ISR
 .text.I2C_1_MasterSendStart
                0x0000233c       0x80 .\CortexM3\ARM_GCC_493\Debug\CY8CKIT-059_JJY_Raceiver.a(I2C_1_MASTER.o)
                0x0000233c                I2C_1_MasterSendStart
 .text.I2C_1_MasterSendStop
                0x000023bc       0x38 .\CortexM3\ARM_GCC_493\Debug\CY8CKIT-059_JJY_Raceiver.a(I2C_1_MASTER.o)
                0x000023bc                I2C_1_MasterSendStop
 .text.I2C_1_MasterWriteByte
                0x000023f4       0x58 .\CortexM3\ARM_GCC_493\Debug\CY8CKIT-059_JJY_Raceiver.a(I2C_1_MASTER.o)
                0x000023f4                I2C_1_MasterWriteByte
 .text.WaveDAC8_1_Enable
                0x0000244c       0x28 .\CortexM3\ARM_GCC_493\Debug\CY8CKIT-059_JJY_Raceiver.a(WaveDAC8_1.o)
                0x0000244c                WaveDAC8_1_Enable
 .text.WaveDAC8_1_Wave1Setup
                0x00002474       0x40 .\CortexM3\ARM_GCC_493\Debug\CY8CKIT-059_JJY_Raceiver.a(WaveDAC8_1.o)
                0x00002474                WaveDAC8_1_Wave1Setup
 .text.WaveDAC8_1_Wave2Setup
                0x000024b4       0x40 .\CortexM3\ARM_GCC_493\Debug\CY8CKIT-059_JJY_Raceiver.a(WaveDAC8_1.o)
                0x000024b4                WaveDAC8_1_Wave2Setup
 .text.WaveDAC8_1_Init
                0x000024f4       0x40 .\CortexM3\ARM_GCC_493\Debug\CY8CKIT-059_JJY_Raceiver.a(WaveDAC8_1.o)
                0x000024f4                WaveDAC8_1_Init
 .text.WaveDAC8_1_Start
                0x00002534       0x1c .\CortexM3\ARM_GCC_493\Debug\CY8CKIT-059_JJY_Raceiver.a(WaveDAC8_1.o)
                0x00002534                WaveDAC8_1_Start
 .text.WaveDAC8_1_DacClk_Start
                0x00002550       0x1c .\CortexM3\ARM_GCC_493\Debug\CY8CKIT-059_JJY_Raceiver.a(WaveDAC8_1_DacClk.o)
                0x00002550                WaveDAC8_1_DacClk_Start
 .text.WaveDAC8_1_Wave1_DMA_DmaInitialize
                0x0000256c       0x3c .\CortexM3\ARM_GCC_493\Debug\CY8CKIT-059_JJY_Raceiver.a(WaveDAC8_1_Wave1_DMA_dma.o)
                0x0000256c                WaveDAC8_1_Wave1_DMA_DmaInitialize
 .text.WaveDAC8_1_Wave2_DMA_DmaInitialize
                0x000025a8       0x3c .\CortexM3\ARM_GCC_493\Debug\CY8CKIT-059_JJY_Raceiver.a(WaveDAC8_1_Wave2_DMA_dma.o)
                0x000025a8                WaveDAC8_1_Wave2_DMA_DmaInitialize
 .text.WaveDAC8_1_VDAC8_Enable
                0x000025e4       0x1c .\CortexM3\ARM_GCC_493\Debug\CY8CKIT-059_JJY_Raceiver.a(WaveDAC8_1_VDAC8.o)
                0x000025e4                WaveDAC8_1_VDAC8_Enable
 .text.WaveDAC8_1_VDAC8_SetSpeed
                0x00002600       0x1c .\CortexM3\ARM_GCC_493\Debug\CY8CKIT-059_JJY_Raceiver.a(WaveDAC8_1_VDAC8.o)
                0x00002600                WaveDAC8_1_VDAC8_SetSpeed
 .text.WaveDAC8_1_VDAC8_SetValue
                0x0000261c        0xc .\CortexM3\ARM_GCC_493\Debug\CY8CKIT-059_JJY_Raceiver.a(WaveDAC8_1_VDAC8.o)
                0x0000261c                WaveDAC8_1_VDAC8_SetValue
 .text.WaveDAC8_1_VDAC8_DacTrim
                0x00002628       0x24 .\CortexM3\ARM_GCC_493\Debug\CY8CKIT-059_JJY_Raceiver.a(WaveDAC8_1_VDAC8.o)
                0x00002628                WaveDAC8_1_VDAC8_DacTrim
 .text.WaveDAC8_1_VDAC8_SetRange
                0x0000264c       0x20 .\CortexM3\ARM_GCC_493\Debug\CY8CKIT-059_JJY_Raceiver.a(WaveDAC8_1_VDAC8.o)
                0x0000264c                WaveDAC8_1_VDAC8_SetRange
 .text.WaveDAC8_1_VDAC8_Init
                0x0000266c       0x2c .\CortexM3\ARM_GCC_493\Debug\CY8CKIT-059_JJY_Raceiver.a(WaveDAC8_1_VDAC8.o)
                0x0000266c                WaveDAC8_1_VDAC8_Init
 .text.Counter_1_Enable
                0x00002698       0x10 .\CortexM3\ARM_GCC_493\Debug\CY8CKIT-059_JJY_Raceiver.a(Counter_1.o)
                0x00002698                Counter_1_Enable
 .text.Counter_1_SetInterruptMode
                0x000026a8        0xc .\CortexM3\ARM_GCC_493\Debug\CY8CKIT-059_JJY_Raceiver.a(Counter_1.o)
                0x000026a8                Counter_1_SetInterruptMode
 .text.Counter_1_ReadStatusRegister
                0x000026b4        0xc .\CortexM3\ARM_GCC_493\Debug\CY8CKIT-059_JJY_Raceiver.a(Counter_1.o)
                0x000026b4                Counter_1_ReadStatusRegister
 .text.Counter_1_WriteCounter
                0x000026c0       0x10 .\CortexM3\ARM_GCC_493\Debug\CY8CKIT-059_JJY_Raceiver.a(Counter_1.o)
                0x000026c0                Counter_1_WriteCounter
 .text.Counter_1_ReadCounter
                0x000026d0       0x18 .\CortexM3\ARM_GCC_493\Debug\CY8CKIT-059_JJY_Raceiver.a(Counter_1.o)
                0x000026d0                Counter_1_ReadCounter
 .text.Counter_1_ReadCapture
                0x000026e8       0x10 .\CortexM3\ARM_GCC_493\Debug\CY8CKIT-059_JJY_Raceiver.a(Counter_1.o)
                0x000026e8                Counter_1_ReadCapture
 .text.Counter_1_WritePeriod
                0x000026f8       0x10 .\CortexM3\ARM_GCC_493\Debug\CY8CKIT-059_JJY_Raceiver.a(Counter_1.o)
                0x000026f8                Counter_1_WritePeriod
 .text.Counter_1_WriteCompare
                0x00002708       0x10 .\CortexM3\ARM_GCC_493\Debug\CY8CKIT-059_JJY_Raceiver.a(Counter_1.o)
                0x00002708                Counter_1_WriteCompare
 .text.Counter_1_ClearFIFO
                0x00002718       0x14 .\CortexM3\ARM_GCC_493\Debug\CY8CKIT-059_JJY_Raceiver.a(Counter_1.o)
                0x00002718                Counter_1_ClearFIFO
 .text.Counter_1_Init
                0x0000272c       0x5c .\CortexM3\ARM_GCC_493\Debug\CY8CKIT-059_JJY_Raceiver.a(Counter_1.o)
                0x0000272c                Counter_1_Init
 .text.Counter_1_Start
                0x00002788       0x1c .\CortexM3\ARM_GCC_493\Debug\CY8CKIT-059_JJY_Raceiver.a(Counter_1.o)
                0x00002788                Counter_1_Start
 .text.isr_TC_PULSE_END_SetVector
                0x000027a4        0xc .\CortexM3\ARM_GCC_493\Debug\CY8CKIT-059_JJY_Raceiver.a(isr_TC_PULSE_END.o)
                0x000027a4                isr_TC_PULSE_END_SetVector
 .text.isr_TC_PULSE_END_SetPriority
                0x000027b0       0x10 .\CortexM3\ARM_GCC_493\Debug\CY8CKIT-059_JJY_Raceiver.a(isr_TC_PULSE_END.o)
                0x000027b0                isr_TC_PULSE_END_SetPriority
 .text.isr_TC_PULSE_END_Enable
                0x000027c0        0xc .\CortexM3\ARM_GCC_493\Debug\CY8CKIT-059_JJY_Raceiver.a(isr_TC_PULSE_END.o)
                0x000027c0                isr_TC_PULSE_END_Enable
 .text.isr_TC_PULSE_END_Disable
                0x000027cc        0xc .\CortexM3\ARM_GCC_493\Debug\CY8CKIT-059_JJY_Raceiver.a(isr_TC_PULSE_END.o)
                0x000027cc                isr_TC_PULSE_END_Disable
 .text.isr_TC_PULSE_END_StartEx
                0x000027d8       0x1c .\CortexM3\ARM_GCC_493\Debug\CY8CKIT-059_JJY_Raceiver.a(isr_TC_PULSE_END.o)
                0x000027d8                isr_TC_PULSE_END_StartEx
 .text.isr_TC_PULSE_DET_SetVector
                0x000027f4        0xc .\CortexM3\ARM_GCC_493\Debug\CY8CKIT-059_JJY_Raceiver.a(isr_TC_PULSE_DET.o)
                0x000027f4                isr_TC_PULSE_DET_SetVector
 .text.isr_TC_PULSE_DET_SetPriority
                0x00002800       0x10 .\CortexM3\ARM_GCC_493\Debug\CY8CKIT-059_JJY_Raceiver.a(isr_TC_PULSE_DET.o)
                0x00002800                isr_TC_PULSE_DET_SetPriority
 .text.isr_TC_PULSE_DET_Enable
                0x00002810        0xc .\CortexM3\ARM_GCC_493\Debug\CY8CKIT-059_JJY_Raceiver.a(isr_TC_PULSE_DET.o)
                0x00002810                isr_TC_PULSE_DET_Enable
 .text.isr_TC_PULSE_DET_Disable
                0x0000281c        0xc .\CortexM3\ARM_GCC_493\Debug\CY8CKIT-059_JJY_Raceiver.a(isr_TC_PULSE_DET.o)
                0x0000281c                isr_TC_PULSE_DET_Disable
 .text.isr_TC_PULSE_DET_StartEx
                0x00002828       0x1c .\CortexM3\ARM_GCC_493\Debug\CY8CKIT-059_JJY_Raceiver.a(isr_TC_PULSE_DET.o)
                0x00002828                isr_TC_PULSE_DET_StartEx
 .text.Timer_1_Enable
                0x00002844       0x28 .\CortexM3\ARM_GCC_493\Debug\CY8CKIT-059_JJY_Raceiver.a(Timer_1.o)
                0x00002844                Timer_1_Enable
 .text.Timer_1_SetInterruptMode
                0x0000286c        0xc .\CortexM3\ARM_GCC_493\Debug\CY8CKIT-059_JJY_Raceiver.a(Timer_1.o)
                0x0000286c                Timer_1_SetInterruptMode
 .text.Timer_1_ReadStatusRegister
                0x00002878        0xc .\CortexM3\ARM_GCC_493\Debug\CY8CKIT-059_JJY_Raceiver.a(Timer_1.o)
                0x00002878                Timer_1_ReadStatusRegister
 .text.Timer_1_WritePeriod
                0x00002884        0xc .\CortexM3\ARM_GCC_493\Debug\CY8CKIT-059_JJY_Raceiver.a(Timer_1.o)
                0x00002884                Timer_1_WritePeriod
 .text.Timer_1_WriteCounter
                0x00002890        0xc .\CortexM3\ARM_GCC_493\Debug\CY8CKIT-059_JJY_Raceiver.a(Timer_1.o)
                0x00002890                Timer_1_WriteCounter
 .text.Timer_1_Init
                0x0000289c       0x68 .\CortexM3\ARM_GCC_493\Debug\CY8CKIT-059_JJY_Raceiver.a(Timer_1.o)
                0x0000289c                Timer_1_Init
 .text.Timer_1_Start
                0x00002904       0x1c .\CortexM3\ARM_GCC_493\Debug\CY8CKIT-059_JJY_Raceiver.a(Timer_1.o)
                0x00002904                Timer_1_Start
 .text.TONE_Control_Reg_Write
                0x00002920        0xc .\CortexM3\ARM_GCC_493\Debug\CY8CKIT-059_JJY_Raceiver.a(TONE_Control_Reg.o)
                0x00002920                TONE_Control_Reg_Write
 .text.JJY_Control_Reg_Write
                0x0000292c        0xc .\CortexM3\ARM_GCC_493\Debug\CY8CKIT-059_JJY_Raceiver.a(JJY_Control_Reg.o)
                0x0000292c                JJY_Control_Reg_Write
 .text.JJY_Control_Reg_Read
                0x00002938        0xc .\CortexM3\ARM_GCC_493\Debug\CY8CKIT-059_JJY_Raceiver.a(JJY_Control_Reg.o)
                0x00002938                JJY_Control_Reg_Read
 .text.timerISR_1_SetVector
                0x00002944       0x10 .\CortexM3\ARM_GCC_493\Debug\CY8CKIT-059_JJY_Raceiver.a(timerISR_1.o)
                0x00002944                timerISR_1_SetVector
 .text.timerISR_1_SetPriority
                0x00002954       0x10 .\CortexM3\ARM_GCC_493\Debug\CY8CKIT-059_JJY_Raceiver.a(timerISR_1.o)
                0x00002954                timerISR_1_SetPriority
 .text.timerISR_1_Enable
                0x00002964       0x10 .\CortexM3\ARM_GCC_493\Debug\CY8CKIT-059_JJY_Raceiver.a(timerISR_1.o)
                0x00002964                timerISR_1_Enable
 .text.timerISR_1_Disable
                0x00002974       0x10 .\CortexM3\ARM_GCC_493\Debug\CY8CKIT-059_JJY_Raceiver.a(timerISR_1.o)
                0x00002974                timerISR_1_Disable
 .text.timerISR_1_StartEx
                0x00002984       0x1c .\CortexM3\ARM_GCC_493\Debug\CY8CKIT-059_JJY_Raceiver.a(timerISR_1.o)
                0x00002984                timerISR_1_StartEx
 .text.CySetReg24
                0x000029a0       0x14 .\CortexM3\ARM_GCC_493\Debug\CY8CKIT-059_JJY_Raceiver.a(cyutils.o)
                0x000029a0                CySetReg24
 .text.__errno  0x000029b4        0xc c:/program files (x86)/cypress/psoc creator/3.3/psoc creator/import/gnu/arm/4.9.3/bin/../lib/gcc/arm-none-eabi/4.9.3/../../../../arm-none-eabi/lib/armv7-m\libg_nano.a(lib_a-errno.o)
                0x000029b4                __errno
 .text.__libc_init_array
                0x000029c0       0x4c c:/program files (x86)/cypress/psoc creator/3.3/psoc creator/import/gnu/arm/4.9.3/bin/../lib/gcc/arm-none-eabi/4.9.3/../../../../arm-none-eabi/lib/armv7-m\libg_nano.a(lib_a-init.o)
                0x000029c0                __libc_init_array
 .text.memcpy   0x00002a0c       0x16 c:/program files (x86)/cypress/psoc creator/3.3/psoc creator/import/gnu/arm/4.9.3/bin/../lib/gcc/arm-none-eabi/4.9.3/../../../../arm-none-eabi/lib/armv7-m\libg_nano.a(lib_a-memcpy.o)
                0x00002a0c                memcpy
 .text.memset   0x00002a22       0x10 c:/program files (x86)/cypress/psoc creator/3.3/psoc creator/import/gnu/arm/4.9.3/bin/../lib/gcc/arm-none-eabi/4.9.3/../../../../arm-none-eabi/lib/armv7-m\libg_nano.a(lib_a-memset.o)
                0x00002a22                memset
 *fill*         0x00002a32        0x2 
 .text.sprintf  0x00002a34       0x48 c:/program files (x86)/cypress/psoc creator/3.3/psoc creator/import/gnu/arm/4.9.3/bin/../lib/gcc/arm-none-eabi/4.9.3/../../../../arm-none-eabi/lib/armv7-m\libg_nano.a(lib_a-sprintf.o)
                0x00002a34                siprintf
                0x00002a34                sprintf
 .text.__ssputs_r
                0x00002a7c       0xb2 c:/program files (x86)/cypress/psoc creator/3.3/psoc creator/import/gnu/arm/4.9.3/bin/../lib/gcc/arm-none-eabi/4.9.3/../../../../arm-none-eabi/lib/armv7-m\libg_nano.a(lib_a-nano-svfprintf.o)
                0x00002a7c                __ssputs_r
 *fill*         0x00002b2e        0x2 
 .text._svfprintf_r
                0x00002b30      0x1e4 c:/program files (x86)/cypress/psoc creator/3.3/psoc creator/import/gnu/arm/4.9.3/bin/../lib/gcc/arm-none-eabi/4.9.3/../../../../arm-none-eabi/lib/armv7-m\libg_nano.a(lib_a-nano-svfprintf.o)
                0x00002b30                _svfiprintf_r
                0x00002b30                _svfprintf_r
 .text._printf_common
                0x00002d14       0xea c:/program files (x86)/cypress/psoc creator/3.3/psoc creator/import/gnu/arm/4.9.3/bin/../lib/gcc/arm-none-eabi/4.9.3/../../../../arm-none-eabi/lib/armv7-m\libg_nano.a(lib_a-nano-vfprintf_i.o)
                0x00002d14                _printf_common
 *fill*         0x00002dfe        0x2 
 .text._printf_i
                0x00002e00      0x240 c:/program files (x86)/cypress/psoc creator/3.3/psoc creator/import/gnu/arm/4.9.3/bin/../lib/gcc/arm-none-eabi/4.9.3/../../../../arm-none-eabi/lib/armv7-m\libg_nano.a(lib_a-nano-vfprintf_i.o)
                0x00002e00                _printf_i
 .text.memchr   0x00003040       0x1c c:/program files (x86)/cypress/psoc creator/3.3/psoc creator/import/gnu/arm/4.9.3/bin/../lib/gcc/arm-none-eabi/4.9.3/../../../../arm-none-eabi/lib/armv7-m\libg_nano.a(lib_a-memchr.o)
                0x00003040                memchr
 .text.memmove  0x0000305c       0x36 c:/program files (x86)/cypress/psoc creator/3.3/psoc creator/import/gnu/arm/4.9.3/bin/../lib/gcc/arm-none-eabi/4.9.3/../../../../arm-none-eabi/lib/armv7-m\libg_nano.a(lib_a-memmove.o)
                0x0000305c                memmove
 *fill*         0x00003092        0x2 
 .text._free_r  0x00003094       0x88 c:/program files (x86)/cypress/psoc creator/3.3/psoc creator/import/gnu/arm/4.9.3/bin/../lib/gcc/arm-none-eabi/4.9.3/../../../../arm-none-eabi/lib/armv7-m\libg_nano.a(lib_a-nano-freer.o)
                0x00003094                _free_r
 .text._malloc_r
                0x0000311c       0xac c:/program files (x86)/cypress/psoc creator/3.3/psoc creator/import/gnu/arm/4.9.3/bin/../lib/gcc/arm-none-eabi/4.9.3/../../../../arm-none-eabi/lib/armv7-m\libg_nano.a(lib_a-nano-mallocr.o)
                0x0000311c                _malloc_r
 .text._realloc_r
                0x000031c8       0x4c c:/program files (x86)/cypress/psoc creator/3.3/psoc creator/import/gnu/arm/4.9.3/bin/../lib/gcc/arm-none-eabi/4.9.3/../../../../arm-none-eabi/lib/armv7-m\libg_nano.a(lib_a-nano-reallocr.o)
                0x000031c8                _realloc_r
 .text._sbrk_r  0x00003214       0x20 c:/program files (x86)/cypress/psoc creator/3.3/psoc creator/import/gnu/arm/4.9.3/bin/../lib/gcc/arm-none-eabi/4.9.3/../../../../arm-none-eabi/lib/armv7-m\libg_nano.a(lib_a-sbrkr.o)
                0x00003214                _sbrk_r
 .text._malloc_usable_size_r
                0x00003234       0x14 c:/program files (x86)/cypress/psoc creator/3.3/psoc creator/import/gnu/arm/4.9.3/bin/../lib/gcc/arm-none-eabi/4.9.3/../../../../arm-none-eabi/lib/armv7-m\libg_nano.a(lib_a-nano-msizer.o)
                0x00003234                _malloc_usable_size_r
 *(.plt)
 *(.gnu.warning)
 *(.glue_7t)
 .glue_7t       0x00000000        0x0 linker stubs
 *(.glue_7)
 .glue_7        0x00000000        0x0 linker stubs
 *(.vfp11_veneer)
 .vfp11_veneer  0x00000000        0x0 linker stubs
 *(.bootloader)
 *(.ARM.extab* .gnu.linkonce.armextab.*)
 *(.gcc_except_table)

.v4_bx          0x00003248        0x0
 .v4_bx         0x00000000        0x0 linker stubs

.iplt           0x00003248        0x0
 .iplt          0x00000000        0x0 c:/program files (x86)/cypress/psoc creator/3.3/psoc creator/import/gnu/arm/4.9.3/bin/../lib/gcc/arm-none-eabi/4.9.3/armv7-m/crtbegin.o

.eh_frame_hdr
 *(.eh_frame_hdr)

.eh_frame       0x00003248        0x4
 *(.eh_frame)
 .eh_frame      0x00003248        0x0 c:/program files (x86)/cypress/psoc creator/3.3/psoc creator/import/gnu/arm/4.9.3/bin/../lib/gcc/arm-none-eabi/4.9.3/armv7-m/crtbegin.o
 .eh_frame      0x00003248        0x4 c:/program files (x86)/cypress/psoc creator/3.3/psoc creator/import/gnu/arm/4.9.3/bin/../lib/gcc/arm-none-eabi/4.9.3/armv7-m/crtend.o
                0x0000324c                PROVIDE (__exidx_start, .)

.ARM.exidx
 *(.ARM.exidx* .gnu.linkonce.armexidx.*)
                0x0000324c                __exidx_end = .

.rodata         0x0000324c      0x27c
 *(.rodata .rodata.* .gnu.linkonce.r.*)
 .rodata.str1.4
                0x0000324c        0x5 .\CortexM3\ARM_GCC_493\Debug\tasks.o
                                  0x8 (size before relaxing)
 *fill*         0x00003251        0x3 
 .rodata        0x00003254       0x70 .\CortexM3\ARM_GCC_493\Debug\main.o
 .rodata.str1.4
                0x000032c4       0x94 .\CortexM3\ARM_GCC_493\Debug\main.o
 .rodata        0x00003358       0x3c .\CortexM3\ARM_GCC_493\Debug\CY8CKIT-059_JJY_Raceiver.a(cyfitter_cfg.o)
 .rodata        0x00003394       0xc8 .\CortexM3\ARM_GCC_493\Debug\CY8CKIT-059_JJY_Raceiver.a(WaveDAC8_1.o)
                0x00003394                WaveDAC8_1_wave1
                0x000033f8                WaveDAC8_1_wave2
 .rodata.str1.1
                0x0000345c        0x2 c:/program files (x86)/cypress/psoc creator/3.3/psoc creator/import/gnu/arm/4.9.3/bin/../lib/gcc/arm-none-eabi/4.9.3/../../../../arm-none-eabi/lib/armv7-m\libg_nano.a(lib_a-impure.o)
 .rodata.str1.1
                0x0000345e       0x11 c:/program files (x86)/cypress/psoc creator/3.3/psoc creator/import/gnu/arm/4.9.3/bin/../lib/gcc/arm-none-eabi/4.9.3/../../../../arm-none-eabi/lib/armv7-m\libg_nano.a(lib_a-nano-svfprintf.o)
 .rodata.str1.1
                0x0000346f       0x22 c:/program files (x86)/cypress/psoc creator/3.3/psoc creator/import/gnu/arm/4.9.3/bin/../lib/gcc/arm-none-eabi/4.9.3/../../../../arm-none-eabi/lib/armv7-m\libg_nano.a(lib_a-nano-vfprintf_i.o)
                0x00003494                . = ALIGN (0x4)
 *fill*         0x00003491        0x3 
 *(.init)
 .init          0x00003494        0x4 c:/program files (x86)/cypress/psoc creator/3.3/psoc creator/import/gnu/arm/4.9.3/bin/../lib/gcc/arm-none-eabi/4.9.3/armv7-m/crti.o
                0x00003494                _init
 .init          0x00003498        0x8 c:/program files (x86)/cypress/psoc creator/3.3/psoc creator/import/gnu/arm/4.9.3/bin/../lib/gcc/arm-none-eabi/4.9.3/armv7-m/crtn.o
                0x000034a0                . = ALIGN (0x4)
                0x000034a0                __preinit_array_start = .
 *(.preinit_array)
                0x000034a0                __preinit_array_end = .
                0x000034a0                . = ALIGN (0x4)
                0x000034a0                __init_array_start = .
 *(SORT(.init_array.*))
 *(.init_array)
 .init_array    0x000034a0        0x4 c:/program files (x86)/cypress/psoc creator/3.3/psoc creator/import/gnu/arm/4.9.3/bin/../lib/gcc/arm-none-eabi/4.9.3/armv7-m/crtbegin.o
 .init_array    0x000034a4        0x4 .\CortexM3\ARM_GCC_493\Debug\Cm3Start.o
                0x000034a8                __init_array_end = .
                0x000034a8                . = ALIGN (0x4)
 *(.fini)
 .fini          0x000034a8        0x4 c:/program files (x86)/cypress/psoc creator/3.3/psoc creator/import/gnu/arm/4.9.3/bin/../lib/gcc/arm-none-eabi/4.9.3/armv7-m/crti.o
                0x000034a8                _fini
 .fini          0x000034ac        0x8 c:/program files (x86)/cypress/psoc creator/3.3/psoc creator/import/gnu/arm/4.9.3/bin/../lib/gcc/arm-none-eabi/4.9.3/armv7-m/crtn.o
                0x000034b4                . = ALIGN (0x4)
                0x000034b4                __fini_array_start = .
 *(.fini_array)
 .fini_array    0x000034b4        0x4 c:/program files (x86)/cypress/psoc creator/3.3/psoc creator/import/gnu/arm/4.9.3/bin/../lib/gcc/arm-none-eabi/4.9.3/armv7-m/crtbegin.o
 *(SORT(.fini_array.*))
                0x000034b8                __fini_array_end = .
                0x000034b8                . = ALIGN (0x4)
 *crtbegin.o(.ctors)
 *(EXCLUDE_FILE(*crtend.o) .ctors)
 *(SORT(.ctors.*))
 *crtend.o(.ctors)
                0x000034b8                . = ALIGN (0x4)
 *crtbegin.o(.dtors)
 *(EXCLUDE_FILE(*crtend.o) .dtors)
 *(SORT(.dtors.*))
 *crtend.o(.dtors)
                0x000034b8                . = ALIGN (0x4)
                0x000034b8                __cy_regions = .
                0x000034b8        0x4 LONG 0x34c8 __cy_region_init_ram
                0x000034bc        0x4 LONG 0x1fff8108 __cy_region_start_data
                0x000034c0        0x4 LONG 0x98 __cy_region_init_size_ram
                0x000034c4        0x4 LONG 0x81c8 __cy_region_zero_size_ram
                0x000034c8                __cy_regions_end = .
                0x000034c8                . = ALIGN (0x8)
                0x000034c8                _etext = .

.cy_checksum_exclude
                0x000034c8        0x0
 *(.cy_checksum_exclude)

.ramvectors     0x1fff8000      0x100
                0x1fff8000                __cy_region_start_ram = .
 *(.ramvectors)
 .ramvectors    0x1fff8000      0x100 .\CortexM3\ARM_GCC_493\Debug\Cm3Start.o
                0x1fff8000                CyRamVectors

.noinit         0x1fff8100        0x5
 *(.noinit)
 .noinit        0x1fff8100        0x4 .\CortexM3\ARM_GCC_493\Debug\Cm3Start.o
 .noinit        0x1fff8104        0x1 .\CortexM3\ARM_GCC_493\Debug\CY8CKIT-059_JJY_Raceiver.a(CyLib.o)
                0x1fff8104                CyResetStatus

.data           0x1fff8108       0x98 load address 0x000034c8
                0x1fff8108                __cy_region_start_data = .
 *(.jcr)
 .jcr           0x1fff8108        0x0 c:/program files (x86)/cypress/psoc creator/3.3/psoc creator/import/gnu/arm/4.9.3/bin/../lib/gcc/arm-none-eabi/4.9.3/armv7-m/crtbegin.o
 .jcr           0x1fff8108        0x4 c:/program files (x86)/cypress/psoc creator/3.3/psoc creator/import/gnu/arm/4.9.3/bin/../lib/gcc/arm-none-eabi/4.9.3/armv7-m/crtend.o
 *(.got.plt)
 *(.got)
 *(.shdata)
 *(.data .data.* .gnu.linkonce.d.*)
 .data          0x1fff810c        0x4 .\CortexM3\ARM_GCC_493\Debug\port.o
 .data          0x1fff8110        0x4 .\CortexM3\ARM_GCC_493\Debug\heap_2.o
 .data          0x1fff8114        0x2 .\CortexM3\ARM_GCC_493\Debug\I2C_CLCD.o
                0x1fff8114                I2C_CLCD_BackLight
                0x1fff8115                slaveAddress
 *fill*         0x1fff8116        0x2 
 .data          0x1fff8118        0x4 .\CortexM3\ARM_GCC_493\Debug\Cm3Start.o
 .data          0x1fff811c        0x8 .\CortexM3\ARM_GCC_493\Debug\CY8CKIT-059_JJY_Raceiver.a(CyDmac.o)
 .data          0x1fff8124       0x10 .\CortexM3\ARM_GCC_493\Debug\CY8CKIT-059_JJY_Raceiver.a(CyLib.o)
                0x1fff8124                cydelay_32k_ms
                0x1fff8128                cydelay_freq_khz
                0x1fff812c                cydelay_freq_mhz
                0x1fff8130                cydelay_freq_hz
 .data          0x1fff8134        0x1 .\CortexM3\ARM_GCC_493\Debug\CY8CKIT-059_JJY_Raceiver.a(WaveDAC8_1_Wave1_DMA_dma.o)
                0x1fff8134                WaveDAC8_1_Wave1_DMA_DmaHandle
 .data          0x1fff8135        0x1 .\CortexM3\ARM_GCC_493\Debug\CY8CKIT-059_JJY_Raceiver.a(WaveDAC8_1_Wave2_DMA_dma.o)
                0x1fff8135                WaveDAC8_1_Wave2_DMA_DmaHandle
 *fill*         0x1fff8136        0x2 
 .data.impure_data
                0x1fff8138       0x60 c:/program files (x86)/cypress/psoc creator/3.3/psoc creator/import/gnu/arm/4.9.3/bin/../lib/gcc/arm-none-eabi/4.9.3/../../../../arm-none-eabi/lib/armv7-m\libg_nano.a(lib_a-impure.o)
 .data._impure_ptr
                0x1fff8198        0x4 c:/program files (x86)/cypress/psoc creator/3.3/psoc creator/import/gnu/arm/4.9.3/bin/../lib/gcc/arm-none-eabi/4.9.3/../../../../arm-none-eabi/lib/armv7-m\libg_nano.a(lib_a-impure.o)
                0x1fff8198                _impure_ptr
                0x1fff81a0                . = ALIGN (0x8)
 *fill*         0x1fff819c        0x4 
 *(.ram)
                0x1fff81a0                _edata = .

.igot.plt       0x1fff81a0        0x0 load address 0x00003560
 .igot.plt      0x00000000        0x0 c:/program files (x86)/cypress/psoc creator/3.3/psoc creator/import/gnu/arm/4.9.3/bin/../lib/gcc/arm-none-eabi/4.9.3/armv7-m/crtbegin.o

.bss            0x1fff81a0     0x81c8 load address 0x00003560
                0x1fff81a0                PROVIDE (__bss_start__, .)
 *(.shbss)
 *(.bss .bss.* .gnu.linkonce.b.*)
 .bss           0x1fff81a0       0x1c c:/program files (x86)/cypress/psoc creator/3.3/psoc creator/import/gnu/arm/4.9.3/bin/../lib/gcc/arm-none-eabi/4.9.3/armv7-m/crtbegin.o
 .bss           0x1fff81bc      0x100 .\CortexM3\ARM_GCC_493\Debug\tasks.o
                0x1fff8290                pxCurrentTCB
 .bss           0x1fff82bc     0x8014 .\CortexM3\ARM_GCC_493\Debug\heap_2.o
 .bss           0x200002d0        0x2 .\CortexM3\ARM_GCC_493\Debug\I2C_CLCD.o
                0x200002d0                I2C_CLCD_enableState
                0x200002d1                I2C_CLCD_initVar
 .bss           0x200002d2        0x1 .\CortexM3\ARM_GCC_493\Debug\CY8CKIT-059_JJY_Raceiver.a(I2C_1.o)
                0x200002d2                I2C_1_initVar
 .bss           0x200002d3        0x5 .\CortexM3\ARM_GCC_493\Debug\CY8CKIT-059_JJY_Raceiver.a(WaveDAC8_1.o)
                0x200002d7                WaveDAC8_1_initVar
 .bss           0x200002d8        0x1 .\CortexM3\ARM_GCC_493\Debug\CY8CKIT-059_JJY_Raceiver.a(Counter_1.o)
                0x200002d8                Counter_1_initVar
 .bss           0x200002d9        0x1 .\CortexM3\ARM_GCC_493\Debug\CY8CKIT-059_JJY_Raceiver.a(Timer_1.o)
                0x200002d9                Timer_1_initVar
 *fill*         0x200002da        0x2 
 .bss.__malloc_sbrk_start
                0x200002dc        0x4 c:/program files (x86)/cypress/psoc creator/3.3/psoc creator/import/gnu/arm/4.9.3/bin/../lib/gcc/arm-none-eabi/4.9.3/../../../../arm-none-eabi/lib/armv7-m\libg_nano.a(lib_a-nano-mallocr.o)
                0x200002dc                __malloc_sbrk_start
 .bss.__malloc_free_list
                0x200002e0        0x4 c:/program files (x86)/cypress/psoc creator/3.3/psoc creator/import/gnu/arm/4.9.3/bin/../lib/gcc/arm-none-eabi/4.9.3/../../../../arm-none-eabi/lib/armv7-m\libg_nano.a(lib_a-nano-mallocr.o)
                0x200002e0                __malloc_free_list
 *(COMMON)
 COMMON         0x200002e4       0x64 .\CortexM3\ARM_GCC_493\Debug\main.o
                0x200002e4                tFlag
                0x200002e8                xMutex_CLCD
                0x200002ec                xQueue_JJY_Bit
                0x200002f0                ct
                0x20000304                tmp_buf
                0x20000340                xQueue_TONE
                0x20000344                xQueue_Pule_Width
 COMMON         0x20000348        0x1 .\CortexM3\ARM_GCC_493\Debug\CY8CKIT-059_JJY_Raceiver.a(I2C_1.o)
                0x20000348                I2C_1_state
 *fill*         0x20000349        0x3 
 COMMON         0x2000034c       0x11 .\CortexM3\ARM_GCC_493\Debug\CY8CKIT-059_JJY_Raceiver.a(I2C_1_MASTER.o)
                0x2000034c                I2C_1_mstrWrBufIndex
                0x2000034d                I2C_1_mstrControl
                0x2000034e                I2C_1_mstrStatus
                0x2000034f                I2C_1_mstrWrBufSize
                0x20000350                I2C_1_mstrRdBufIndex
                0x20000354                I2C_1_mstrWrBufPtr
                0x20000358                I2C_1_mstrRdBufPtr
                0x2000035c                I2C_1_mstrRdBufSize
 *fill*         0x2000035d        0x3 
 COMMON         0x20000360        0x4 c:/program files (x86)/cypress/psoc creator/3.3/psoc creator/import/gnu/arm/4.9.3/bin/../lib/gcc/arm-none-eabi/4.9.3/../../../../arm-none-eabi/lib/armv7-m\libg_nano.a(lib_a-reent.o)
                0x20000360                errno
                0x20000368                . = ALIGN (0x8)
 *fill*         0x20000364        0x4 
 *(.ram.b)
                0x20000368                _end = .
                0x20000368                __end = .
                0x20000368                PROVIDE (end, .)
                0x20000368                PROVIDE (__bss_end__, .)
                0x000034c8                __cy_region_init_ram = LOADADDR (.data)
                0x00000098                __cy_region_init_size_ram = (_edata - ADDR (.data))
                0x000081c8                __cy_region_zero_size_ram = (_end - _edata)

.heap           0x20000368      0x800 load address 0x00003560
                0x20000368                . = _end
                0x20000b68                . = (. + 0x800)
 *fill*         0x20000368      0x800 
                0x20000b68                __cy_heap_limit = .

.stack          0x20006000     0x2000
                0x20006000                __cy_stack_limit = .
                0x20008000                . = (. + 0x2000)
 *fill*         0x20006000     0x2000 
                0x00000001                ASSERT ((__cy_stack_limit >= __cy_heap_limit), region RAM overflowed with stack)
                0x00000000                cy_checksum_exclude_size = (CY_APPL_LOADABLE == 0x1)?SIZEOF (.cy_checksum_exclude):0x0
                0x00000001                ASSERT ((cy_checksum_exclude_size <= CY_CHECKSUM_EXCLUDE_SIZE), CY_BOOT: Section .cy_checksum_exclude size exceedes specified limit.)

.cyloadermeta
 *(.cyloadermeta)

.cyloadablemeta
 *(.cyloadablemeta)

.cyconfigecc    0x80000000      0x2b8
 *(.cyconfigecc)
 .cyconfigecc   0x80000000      0x2b8 .\CortexM3\ARM_GCC_493\Debug\cymetadata.o
                0x80000000                cy_meta_configecc

.cycustnvl      0x90000000        0x4
 *(.cycustnvl)
 .cycustnvl     0x90000000        0x4 .\CortexM3\ARM_GCC_493\Debug\cymetadata.o
                0x90000000                cy_meta_custnvl

.cywolatch      0x90100000        0x4
 *(.cywolatch)
 .cywolatch     0x90100000        0x4 .\CortexM3\ARM_GCC_493\Debug\cymetadata.o
                0x90100000                cy_meta_wonvl

.cyeeprom       0x90200000        0x0
 *(.cyeeprom)
                0x00000001                ASSERT ((. <= ((0x90200000 + ee_offset) + ee_size)), .cyeeprom data will not fit in EEPROM)

.cyflashprotect
                0x90400000      0x100
 *(.cyflashprotect)
 .cyflashprotect
                0x90400000      0x100 .\CortexM3\ARM_GCC_493\Debug\cymetadata.o
                0x90400000                cy_meta_flashprotect

.cymeta         0x90500000        0xc
 *(.cymeta)
 .cymeta        0x90500000        0xc .\CortexM3\ARM_GCC_493\Debug\cymetadata.o
                0x90500000                cy_metadata

.rel.dyn        0x00003560        0x0 load address 0x9050000c
 .rel.iplt      0x00000000        0x0 c:/program files (x86)/cypress/psoc creator/3.3/psoc creator/import/gnu/arm/4.9.3/bin/../lib/gcc/arm-none-eabi/4.9.3/armv7-m/crtbegin.o

.stab
 *(.stab)

.stabstr
 *(.stabstr)

.debug
 *(.debug)

.line
 *(.line)

.debug_srcinfo
 *(.debug_srcinfo)

.debug_sfnames
 *(.debug_sfnames)

.debug_aranges  0x00000000     0x10d8
 *(.debug_aranges)
 .debug_aranges
                0x00000000       0x18 .\CortexM3\ARM_GCC_493\Debug\croutine.o
 .debug_aranges
                0x00000018       0x68 .\CortexM3\ARM_GCC_493\Debug\event_groups.o
 .debug_aranges
                0x00000080       0x40 .\CortexM3\ARM_GCC_493\Debug\list.o
 .debug_aranges
                0x000000c0       0x88 .\CortexM3\ARM_GCC_493\Debug\port.o
 .debug_aranges
                0x00000148       0xe0 .\CortexM3\ARM_GCC_493\Debug\queue.o
 .debug_aranges
                0x00000228      0x1a0 .\CortexM3\ARM_GCC_493\Debug\tasks.o
 .debug_aranges
                0x000003c8       0x18 .\CortexM3\ARM_GCC_493\Debug\timers.o
 .debug_aranges
                0x000003e0       0x40 .\CortexM3\ARM_GCC_493\Debug\heap_2.o
 .debug_aranges
                0x00000420       0x98 .\CortexM3\ARM_GCC_493\Debug\I2C_CLCD.o
 .debug_aranges
                0x000004b8       0x88 .\CortexM3\ARM_GCC_493\Debug\main.o
 .debug_aranges
                0x00000540       0x18 .\CortexM3\ARM_GCC_493\Debug\cymetadata.o
 .debug_aranges
                0x00000558       0x48 .\CortexM3\ARM_GCC_493\Debug\Cm3Start.o
 .debug_aranges
                0x000005a0       0x58 .\CortexM3\ARM_GCC_493\Debug\CY8CKIT-059_JJY_Raceiver.a(cyfitter_cfg.o)
 .debug_aranges
                0x000005f8       0x38 .\CortexM3\ARM_GCC_493\Debug\CY8CKIT-059_JJY_Raceiver.a(LED.o)
 .debug_aranges
                0x00000630       0x20 .\CortexM3\ARM_GCC_493\Debug\CY8CKIT-059_JJY_Raceiver.a(CyBootAsmGnu.o)
 .debug_aranges
                0x00000650       0xd8 .\CortexM3\ARM_GCC_493\Debug\CY8CKIT-059_JJY_Raceiver.a(CyDmac.o)
 .debug_aranges
                0x00000728      0x298 .\CortexM3\ARM_GCC_493\Debug\CY8CKIT-059_JJY_Raceiver.a(CyLib.o)
 .debug_aranges
                0x000009c0       0x98 .\CortexM3\ARM_GCC_493\Debug\CY8CKIT-059_JJY_Raceiver.a(cyPm.o)
 .debug_aranges
                0x00000a58       0x38 .\CortexM3\ARM_GCC_493\Debug\CY8CKIT-059_JJY_Raceiver.a(I2C_1.o)
 .debug_aranges
                0x00000a90       0x20 .\CortexM3\ARM_GCC_493\Debug\CY8CKIT-059_JJY_Raceiver.a(I2C_1_INT.o)
 .debug_aranges
                0x00000ab0       0x38 .\CortexM3\ARM_GCC_493\Debug\CY8CKIT-059_JJY_Raceiver.a(I2C_1_PM.o)
 .debug_aranges
                0x00000ae8       0x80 .\CortexM3\ARM_GCC_493\Debug\CY8CKIT-059_JJY_Raceiver.a(I2C_1_MASTER.o)
 .debug_aranges
                0x00000b68       0x50 .\CortexM3\ARM_GCC_493\Debug\CY8CKIT-059_JJY_Raceiver.a(WaveDAC8_1.o)
 .debug_aranges
                0x00000bb8       0x70 .\CortexM3\ARM_GCC_493\Debug\CY8CKIT-059_JJY_Raceiver.a(WaveDAC8_1_DacClk.o)
 .debug_aranges
                0x00000c28       0x28 .\CortexM3\ARM_GCC_493\Debug\CY8CKIT-059_JJY_Raceiver.a(WaveDAC8_1_Wave1_DMA_dma.o)
 .debug_aranges
                0x00000c50       0x28 .\CortexM3\ARM_GCC_493\Debug\CY8CKIT-059_JJY_Raceiver.a(WaveDAC8_1_Wave2_DMA_dma.o)
 .debug_aranges
                0x00000c78       0x58 .\CortexM3\ARM_GCC_493\Debug\CY8CKIT-059_JJY_Raceiver.a(WaveDAC8_1_VDAC8.o)
 .debug_aranges
                0x00000cd0       0x98 .\CortexM3\ARM_GCC_493\Debug\CY8CKIT-059_JJY_Raceiver.a(Counter_1.o)
 .debug_aranges
                0x00000d68       0x80 .\CortexM3\ARM_GCC_493\Debug\CY8CKIT-059_JJY_Raceiver.a(isr_TC_PULSE_END.o)
 .debug_aranges
                0x00000de8       0x80 .\CortexM3\ARM_GCC_493\Debug\CY8CKIT-059_JJY_Raceiver.a(isr_TC_PULSE_DET.o)
 .debug_aranges
                0x00000e68       0x88 .\CortexM3\ARM_GCC_493\Debug\CY8CKIT-059_JJY_Raceiver.a(Timer_1.o)
 .debug_aranges
                0x00000ef0       0x28 .\CortexM3\ARM_GCC_493\Debug\CY8CKIT-059_JJY_Raceiver.a(TONE_Control_Reg.o)
 .debug_aranges
                0x00000f18       0x28 .\CortexM3\ARM_GCC_493\Debug\CY8CKIT-059_JJY_Raceiver.a(JJY_Control_Reg.o)
 .debug_aranges
                0x00000f40       0x80 .\CortexM3\ARM_GCC_493\Debug\CY8CKIT-059_JJY_Raceiver.a(timerISR_1.o)
 .debug_aranges
                0x00000fc0       0x80 .\CortexM3\ARM_GCC_493\Debug\CY8CKIT-059_JJY_Raceiver.a(CyFlash.o)
 .debug_aranges
                0x00001040       0x78 .\CortexM3\ARM_GCC_493\Debug\CY8CKIT-059_JJY_Raceiver.a(CySpc.o)
 .debug_aranges
                0x000010b8       0x20 .\CortexM3\ARM_GCC_493\Debug\CY8CKIT-059_JJY_Raceiver.a(cyutils.o)

.debug_pubnames
 *(.debug_pubnames)

.debug_info     0x00000000     0xc78b
 *(.debug_info .gnu.linkonce.wi.*)
 .debug_info    0x00000000       0xa7 .\CortexM3\ARM_GCC_493\Debug\croutine.o
 .debug_info    0x000000a7      0x906 .\CortexM3\ARM_GCC_493\Debug\event_groups.o
 .debug_info    0x000009ad      0x2d3 .\CortexM3\ARM_GCC_493\Debug\list.o
 .debug_info    0x00000c80      0x2f0 .\CortexM3\ARM_GCC_493\Debug\port.o
 .debug_info    0x00000f70     0x1311 .\CortexM3\ARM_GCC_493\Debug\queue.o
 .debug_info    0x00002281     0x1f02 .\CortexM3\ARM_GCC_493\Debug\tasks.o
 .debug_info    0x00004183       0xa7 .\CortexM3\ARM_GCC_493\Debug\timers.o
 .debug_info    0x0000422a      0x384 .\CortexM3\ARM_GCC_493\Debug\heap_2.o
 .debug_info    0x000045ae      0x869 .\CortexM3\ARM_GCC_493\Debug\I2C_CLCD.o
 .debug_info    0x00004e17     0x122e .\CortexM3\ARM_GCC_493\Debug\main.o
 .debug_info    0x00006045      0x13b .\CortexM3\ARM_GCC_493\Debug\cymetadata.o
 .debug_info    0x00006180      0x3b5 .\CortexM3\ARM_GCC_493\Debug\Cm3Start.o
 .debug_info    0x00006535      0x50b .\CortexM3\ARM_GCC_493\Debug\CY8CKIT-059_JJY_Raceiver.a(cyfitter_cfg.o)
 .debug_info    0x00006a40      0x11f .\CortexM3\ARM_GCC_493\Debug\CY8CKIT-059_JJY_Raceiver.a(LED.o)
 .debug_info    0x00006b5f       0xa4 .\CortexM3\ARM_GCC_493\Debug\CY8CKIT-059_JJY_Raceiver.a(CyBootAsmGnu.o)
 .debug_info    0x00006c03      0x944 .\CortexM3\ARM_GCC_493\Debug\CY8CKIT-059_JJY_Raceiver.a(CyDmac.o)
 .debug_info    0x00007547     0x1371 .\CortexM3\ARM_GCC_493\Debug\CY8CKIT-059_JJY_Raceiver.a(CyLib.o)
 .debug_info    0x000088b8      0xa58 .\CortexM3\ARM_GCC_493\Debug\CY8CKIT-059_JJY_Raceiver.a(cyPm.o)
 .debug_info    0x00009310      0x2d9 .\CortexM3\ARM_GCC_493\Debug\CY8CKIT-059_JJY_Raceiver.a(I2C_1.o)
 .debug_info    0x000095e9      0x17f .\CortexM3\ARM_GCC_493\Debug\CY8CKIT-059_JJY_Raceiver.a(I2C_1_INT.o)
 .debug_info    0x00009768      0x1fe .\CortexM3\ARM_GCC_493\Debug\CY8CKIT-059_JJY_Raceiver.a(I2C_1_PM.o)
 .debug_info    0x00009966      0x400 .\CortexM3\ARM_GCC_493\Debug\CY8CKIT-059_JJY_Raceiver.a(I2C_1_MASTER.o)
 .debug_info    0x00009d66      0x591 .\CortexM3\ARM_GCC_493\Debug\CY8CKIT-059_JJY_Raceiver.a(WaveDAC8_1.o)
 .debug_info    0x0000a2f7      0x283 .\CortexM3\ARM_GCC_493\Debug\CY8CKIT-059_JJY_Raceiver.a(WaveDAC8_1_DacClk.o)
 .debug_info    0x0000a57a      0x1fd .\CortexM3\ARM_GCC_493\Debug\CY8CKIT-059_JJY_Raceiver.a(WaveDAC8_1_Wave1_DMA_dma.o)
 .debug_info    0x0000a777      0x1fd .\CortexM3\ARM_GCC_493\Debug\CY8CKIT-059_JJY_Raceiver.a(WaveDAC8_1_Wave2_DMA_dma.o)
 .debug_info    0x0000a974      0x1de .\CortexM3\ARM_GCC_493\Debug\CY8CKIT-059_JJY_Raceiver.a(WaveDAC8_1_VDAC8.o)
 .debug_info    0x0000ab52      0x3b6 .\CortexM3\ARM_GCC_493\Debug\CY8CKIT-059_JJY_Raceiver.a(Counter_1.o)
 .debug_info    0x0000af08      0x2cb .\CortexM3\ARM_GCC_493\Debug\CY8CKIT-059_JJY_Raceiver.a(isr_TC_PULSE_END.o)
 .debug_info    0x0000b1d3      0x2cb .\CortexM3\ARM_GCC_493\Debug\CY8CKIT-059_JJY_Raceiver.a(isr_TC_PULSE_DET.o)
 .debug_info    0x0000b49e      0x28e .\CortexM3\ARM_GCC_493\Debug\CY8CKIT-059_JJY_Raceiver.a(Timer_1.o)
 .debug_info    0x0000b72c       0xd6 .\CortexM3\ARM_GCC_493\Debug\CY8CKIT-059_JJY_Raceiver.a(TONE_Control_Reg.o)
 .debug_info    0x0000b802       0xd6 .\CortexM3\ARM_GCC_493\Debug\CY8CKIT-059_JJY_Raceiver.a(JJY_Control_Reg.o)
 .debug_info    0x0000b8d8      0x2cb .\CortexM3\ARM_GCC_493\Debug\CY8CKIT-059_JJY_Raceiver.a(timerISR_1.o)
 .debug_info    0x0000bba3      0x60a .\CortexM3\ARM_GCC_493\Debug\CY8CKIT-059_JJY_Raceiver.a(CyFlash.o)
 .debug_info    0x0000c1ad      0x4f0 .\CortexM3\ARM_GCC_493\Debug\CY8CKIT-059_JJY_Raceiver.a(CySpc.o)
 .debug_info    0x0000c69d       0xee .\CortexM3\ARM_GCC_493\Debug\CY8CKIT-059_JJY_Raceiver.a(cyutils.o)

.debug_abbrev   0x00000000     0x32ae
 *(.debug_abbrev)
 .debug_abbrev  0x00000000       0x4b .\CortexM3\ARM_GCC_493\Debug\croutine.o
 .debug_abbrev  0x0000004b      0x250 .\CortexM3\ARM_GCC_493\Debug\event_groups.o
 .debug_abbrev  0x0000029b       0xf6 .\CortexM3\ARM_GCC_493\Debug\list.o
 .debug_abbrev  0x00000391      0x1aa .\CortexM3\ARM_GCC_493\Debug\port.o
 .debug_abbrev  0x0000053b      0x27a .\CortexM3\ARM_GCC_493\Debug\queue.o
 .debug_abbrev  0x000007b5      0x307 .\CortexM3\ARM_GCC_493\Debug\tasks.o
 .debug_abbrev  0x00000abc       0x4b .\CortexM3\ARM_GCC_493\Debug\timers.o
 .debug_abbrev  0x00000b07      0x1d9 .\CortexM3\ARM_GCC_493\Debug\heap_2.o
 .debug_abbrev  0x00000ce0      0x192 .\CortexM3\ARM_GCC_493\Debug\I2C_CLCD.o
 .debug_abbrev  0x00000e72      0x302 .\CortexM3\ARM_GCC_493\Debug\main.o
 .debug_abbrev  0x00001174       0x66 .\CortexM3\ARM_GCC_493\Debug\cymetadata.o
 .debug_abbrev  0x000011da      0x20f .\CortexM3\ARM_GCC_493\Debug\Cm3Start.o
 .debug_abbrev  0x000013e9      0x203 .\CortexM3\ARM_GCC_493\Debug\CY8CKIT-059_JJY_Raceiver.a(cyfitter_cfg.o)
 .debug_abbrev  0x000015ec       0x90 .\CortexM3\ARM_GCC_493\Debug\CY8CKIT-059_JJY_Raceiver.a(LED.o)
 .debug_abbrev  0x0000167c       0x14 .\CortexM3\ARM_GCC_493\Debug\CY8CKIT-059_JJY_Raceiver.a(CyBootAsmGnu.o)
 .debug_abbrev  0x00001690      0x1cc .\CortexM3\ARM_GCC_493\Debug\CY8CKIT-059_JJY_Raceiver.a(CyDmac.o)
 .debug_abbrev  0x0000185c      0x296 .\CortexM3\ARM_GCC_493\Debug\CY8CKIT-059_JJY_Raceiver.a(CyLib.o)
 .debug_abbrev  0x00001af2      0x1ed .\CortexM3\ARM_GCC_493\Debug\CY8CKIT-059_JJY_Raceiver.a(cyPm.o)
 .debug_abbrev  0x00001cdf      0x15c .\CortexM3\ARM_GCC_493\Debug\CY8CKIT-059_JJY_Raceiver.a(I2C_1.o)
 .debug_abbrev  0x00001e3b       0xbd .\CortexM3\ARM_GCC_493\Debug\CY8CKIT-059_JJY_Raceiver.a(I2C_1_INT.o)
 .debug_abbrev  0x00001ef8      0x12b .\CortexM3\ARM_GCC_493\Debug\CY8CKIT-059_JJY_Raceiver.a(I2C_1_PM.o)
 .debug_abbrev  0x00002023      0x13c .\CortexM3\ARM_GCC_493\Debug\CY8CKIT-059_JJY_Raceiver.a(I2C_1_MASTER.o)
 .debug_abbrev  0x0000215f      0x14d .\CortexM3\ARM_GCC_493\Debug\CY8CKIT-059_JJY_Raceiver.a(WaveDAC8_1.o)
 .debug_abbrev  0x000022ac      0x139 .\CortexM3\ARM_GCC_493\Debug\CY8CKIT-059_JJY_Raceiver.a(WaveDAC8_1_DacClk.o)
 .debug_abbrev  0x000023e5       0xeb .\CortexM3\ARM_GCC_493\Debug\CY8CKIT-059_JJY_Raceiver.a(WaveDAC8_1_Wave1_DMA_dma.o)
 .debug_abbrev  0x000024d0       0xeb .\CortexM3\ARM_GCC_493\Debug\CY8CKIT-059_JJY_Raceiver.a(WaveDAC8_1_Wave2_DMA_dma.o)
 .debug_abbrev  0x000025bb       0xf7 .\CortexM3\ARM_GCC_493\Debug\CY8CKIT-059_JJY_Raceiver.a(WaveDAC8_1_VDAC8.o)
 .debug_abbrev  0x000026b2      0x167 .\CortexM3\ARM_GCC_493\Debug\CY8CKIT-059_JJY_Raceiver.a(Counter_1.o)
 .debug_abbrev  0x00002819      0x173 .\CortexM3\ARM_GCC_493\Debug\CY8CKIT-059_JJY_Raceiver.a(isr_TC_PULSE_END.o)
 .debug_abbrev  0x0000298c      0x173 .\CortexM3\ARM_GCC_493\Debug\CY8CKIT-059_JJY_Raceiver.a(isr_TC_PULSE_DET.o)
 .debug_abbrev  0x00002aff      0x11a .\CortexM3\ARM_GCC_493\Debug\CY8CKIT-059_JJY_Raceiver.a(Timer_1.o)
 .debug_abbrev  0x00002c19       0x81 .\CortexM3\ARM_GCC_493\Debug\CY8CKIT-059_JJY_Raceiver.a(TONE_Control_Reg.o)
 .debug_abbrev  0x00002c9a       0x81 .\CortexM3\ARM_GCC_493\Debug\CY8CKIT-059_JJY_Raceiver.a(JJY_Control_Reg.o)
 .debug_abbrev  0x00002d1b      0x173 .\CortexM3\ARM_GCC_493\Debug\CY8CKIT-059_JJY_Raceiver.a(timerISR_1.o)
 .debug_abbrev  0x00002e8e      0x1d1 .\CortexM3\ARM_GCC_493\Debug\CY8CKIT-059_JJY_Raceiver.a(CyFlash.o)
 .debug_abbrev  0x0000305f      0x1c1 .\CortexM3\ARM_GCC_493\Debug\CY8CKIT-059_JJY_Raceiver.a(CySpc.o)
 .debug_abbrev  0x00003220       0x8e .\CortexM3\ARM_GCC_493\Debug\CY8CKIT-059_JJY_Raceiver.a(cyutils.o)

.debug_line     0x00000000     0x4c72
 *(.debug_line)
 .debug_line    0x00000000      0x13a .\CortexM3\ARM_GCC_493\Debug\croutine.o
 .debug_line    0x0000013a      0x369 .\CortexM3\ARM_GCC_493\Debug\event_groups.o
 .debug_line    0x000004a3      0x1e6 .\CortexM3\ARM_GCC_493\Debug\list.o
 .debug_line    0x00000689      0x290 .\CortexM3\ARM_GCC_493\Debug\port.o
 .debug_line    0x00000919      0x56d .\CortexM3\ARM_GCC_493\Debug\queue.o
 .debug_line    0x00000e86      0x991 .\CortexM3\ARM_GCC_493\Debug\tasks.o
 .debug_line    0x00001817      0x13a .\CortexM3\ARM_GCC_493\Debug\timers.o
 .debug_line    0x00001951      0x296 .\CortexM3\ARM_GCC_493\Debug\heap_2.o
 .debug_line    0x00001be7      0x1d6 .\CortexM3\ARM_GCC_493\Debug\I2C_CLCD.o
 .debug_line    0x00001dbd      0x46b .\CortexM3\ARM_GCC_493\Debug\main.o
 .debug_line    0x00002228       0x53 .\CortexM3\ARM_GCC_493\Debug\cymetadata.o
 .debug_line    0x0000227b      0x254 .\CortexM3\ARM_GCC_493\Debug\Cm3Start.o
 .debug_line    0x000024cf      0x1e8 .\CortexM3\ARM_GCC_493\Debug\CY8CKIT-059_JJY_Raceiver.a(cyfitter_cfg.o)
 .debug_line    0x000026b7       0x92 .\CortexM3\ARM_GCC_493\Debug\CY8CKIT-059_JJY_Raceiver.a(LED.o)
 .debug_line    0x00002749       0x68 .\CortexM3\ARM_GCC_493\Debug\CY8CKIT-059_JJY_Raceiver.a(CyBootAsmGnu.o)
 .debug_line    0x000027b1      0x2e5 .\CortexM3\ARM_GCC_493\Debug\CY8CKIT-059_JJY_Raceiver.a(CyDmac.o)
 .debug_line    0x00002a96      0x806 .\CortexM3\ARM_GCC_493\Debug\CY8CKIT-059_JJY_Raceiver.a(CyLib.o)
 .debug_line    0x0000329c      0x366 .\CortexM3\ARM_GCC_493\Debug\CY8CKIT-059_JJY_Raceiver.a(cyPm.o)
 .debug_line    0x00003602       0xe1 .\CortexM3\ARM_GCC_493\Debug\CY8CKIT-059_JJY_Raceiver.a(I2C_1.o)
 .debug_line    0x000036e3      0x11a .\CortexM3\ARM_GCC_493\Debug\CY8CKIT-059_JJY_Raceiver.a(I2C_1_INT.o)
 .debug_line    0x000037fd       0xc1 .\CortexM3\ARM_GCC_493\Debug\CY8CKIT-059_JJY_Raceiver.a(I2C_1_PM.o)
 .debug_line    0x000038be      0x203 .\CortexM3\ARM_GCC_493\Debug\CY8CKIT-059_JJY_Raceiver.a(I2C_1_MASTER.o)
 .debug_line    0x00003ac1      0x179 .\CortexM3\ARM_GCC_493\Debug\CY8CKIT-059_JJY_Raceiver.a(WaveDAC8_1.o)
 .debug_line    0x00003c3a      0x199 .\CortexM3\ARM_GCC_493\Debug\CY8CKIT-059_JJY_Raceiver.a(WaveDAC8_1_DacClk.o)
 .debug_line    0x00003dd3       0xaa .\CortexM3\ARM_GCC_493\Debug\CY8CKIT-059_JJY_Raceiver.a(WaveDAC8_1_Wave1_DMA_dma.o)
 .debug_line    0x00003e7d       0xaa .\CortexM3\ARM_GCC_493\Debug\CY8CKIT-059_JJY_Raceiver.a(WaveDAC8_1_Wave2_DMA_dma.o)
 .debug_line    0x00003f27       0xee .\CortexM3\ARM_GCC_493\Debug\CY8CKIT-059_JJY_Raceiver.a(WaveDAC8_1_VDAC8.o)
 .debug_line    0x00004015      0x18b .\CortexM3\ARM_GCC_493\Debug\CY8CKIT-059_JJY_Raceiver.a(Counter_1.o)
 .debug_line    0x000041a0      0x156 .\CortexM3\ARM_GCC_493\Debug\CY8CKIT-059_JJY_Raceiver.a(isr_TC_PULSE_END.o)
 .debug_line    0x000042f6      0x156 .\CortexM3\ARM_GCC_493\Debug\CY8CKIT-059_JJY_Raceiver.a(isr_TC_PULSE_DET.o)
 .debug_line    0x0000444c      0x157 .\CortexM3\ARM_GCC_493\Debug\CY8CKIT-059_JJY_Raceiver.a(Timer_1.o)
 .debug_line    0x000045a3       0x7a .\CortexM3\ARM_GCC_493\Debug\CY8CKIT-059_JJY_Raceiver.a(TONE_Control_Reg.o)
 .debug_line    0x0000461d       0x79 .\CortexM3\ARM_GCC_493\Debug\CY8CKIT-059_JJY_Raceiver.a(JJY_Control_Reg.o)
 .debug_line    0x00004696      0x150 .\CortexM3\ARM_GCC_493\Debug\CY8CKIT-059_JJY_Raceiver.a(timerISR_1.o)
 .debug_line    0x000047e6      0x1ec .\CortexM3\ARM_GCC_493\Debug\CY8CKIT-059_JJY_Raceiver.a(CyFlash.o)
 .debug_line    0x000049d2      0x23e .\CortexM3\ARM_GCC_493\Debug\CY8CKIT-059_JJY_Raceiver.a(CySpc.o)
 .debug_line    0x00004c10       0x62 .\CortexM3\ARM_GCC_493\Debug\CY8CKIT-059_JJY_Raceiver.a(cyutils.o)

.debug_frame    0x00000000     0x2e9c
 *(.debug_frame)
 .debug_frame   0x00000000      0x148 .\CortexM3\ARM_GCC_493\Debug\event_groups.o
 .debug_frame   0x00000148       0x70 .\CortexM3\ARM_GCC_493\Debug\list.o
 .debug_frame   0x000001b8      0x12c .\CortexM3\ARM_GCC_493\Debug\port.o
 .debug_frame   0x000002e4      0x2f4 .\CortexM3\ARM_GCC_493\Debug\queue.o
 .debug_frame   0x000005d8      0x5c8 .\CortexM3\ARM_GCC_493\Debug\tasks.o
 .debug_frame   0x00000ba0       0x8c .\CortexM3\ARM_GCC_493\Debug\heap_2.o
 .debug_frame   0x00000c2c      0x1e4 .\CortexM3\ARM_GCC_493\Debug\I2C_CLCD.o
 .debug_frame   0x00000e10      0x1b8 .\CortexM3\ARM_GCC_493\Debug\main.o
 .debug_frame   0x00000fc8       0xac .\CortexM3\ARM_GCC_493\Debug\Cm3Start.o
 .debug_frame   0x00001074       0xe0 .\CortexM3\ARM_GCC_493\Debug\CY8CKIT-059_JJY_Raceiver.a(cyfitter_cfg.o)
 .debug_frame   0x00001154       0x50 .\CortexM3\ARM_GCC_493\Debug\CY8CKIT-059_JJY_Raceiver.a(LED.o)
 .debug_frame   0x000011a4      0x1f4 .\CortexM3\ARM_GCC_493\Debug\CY8CKIT-059_JJY_Raceiver.a(CyDmac.o)
 .debug_frame   0x00001398      0x728 .\CortexM3\ARM_GCC_493\Debug\CY8CKIT-059_JJY_Raceiver.a(CyLib.o)
 .debug_frame   0x00001ac0      0x1f8 .\CortexM3\ARM_GCC_493\Debug\CY8CKIT-059_JJY_Raceiver.a(cyPm.o)
 .debug_frame   0x00001cb8       0x90 .\CortexM3\ARM_GCC_493\Debug\CY8CKIT-059_JJY_Raceiver.a(I2C_1.o)
 .debug_frame   0x00001d48       0x30 .\CortexM3\ARM_GCC_493\Debug\CY8CKIT-059_JJY_Raceiver.a(I2C_1_INT.o)
 .debug_frame   0x00001d78       0x74 .\CortexM3\ARM_GCC_493\Debug\CY8CKIT-059_JJY_Raceiver.a(I2C_1_PM.o)
 .debug_frame   0x00001dec      0x138 .\CortexM3\ARM_GCC_493\Debug\CY8CKIT-059_JJY_Raceiver.a(I2C_1_MASTER.o)
 .debug_frame   0x00001f24       0xe0 .\CortexM3\ARM_GCC_493\Debug\CY8CKIT-059_JJY_Raceiver.a(WaveDAC8_1.o)
 .debug_frame   0x00002004       0xe0 .\CortexM3\ARM_GCC_493\Debug\CY8CKIT-059_JJY_Raceiver.a(WaveDAC8_1_DacClk.o)
 .debug_frame   0x000020e4       0x54 .\CortexM3\ARM_GCC_493\Debug\CY8CKIT-059_JJY_Raceiver.a(WaveDAC8_1_Wave1_DMA_dma.o)
 .debug_frame   0x00002138       0x54 .\CortexM3\ARM_GCC_493\Debug\CY8CKIT-059_JJY_Raceiver.a(WaveDAC8_1_Wave2_DMA_dma.o)
 .debug_frame   0x0000218c       0xb4 .\CortexM3\ARM_GCC_493\Debug\CY8CKIT-059_JJY_Raceiver.a(WaveDAC8_1_VDAC8.o)
 .debug_frame   0x00002240      0x158 .\CortexM3\ARM_GCC_493\Debug\CY8CKIT-059_JJY_Raceiver.a(Counter_1.o)
 .debug_frame   0x00002398      0x104 .\CortexM3\ARM_GCC_493\Debug\CY8CKIT-059_JJY_Raceiver.a(isr_TC_PULSE_END.o)
 .debug_frame   0x0000249c      0x104 .\CortexM3\ARM_GCC_493\Debug\CY8CKIT-059_JJY_Raceiver.a(isr_TC_PULSE_DET.o)
 .debug_frame   0x000025a0      0x108 .\CortexM3\ARM_GCC_493\Debug\CY8CKIT-059_JJY_Raceiver.a(Timer_1.o)
 .debug_frame   0x000026a8       0x30 .\CortexM3\ARM_GCC_493\Debug\CY8CKIT-059_JJY_Raceiver.a(TONE_Control_Reg.o)
 .debug_frame   0x000026d8       0x30 .\CortexM3\ARM_GCC_493\Debug\CY8CKIT-059_JJY_Raceiver.a(JJY_Control_Reg.o)
 .debug_frame   0x00002708      0x104 .\CortexM3\ARM_GCC_493\Debug\CY8CKIT-059_JJY_Raceiver.a(timerISR_1.o)
 .debug_frame   0x0000280c      0x174 .\CortexM3\ARM_GCC_493\Debug\CY8CKIT-059_JJY_Raceiver.a(CyFlash.o)
 .debug_frame   0x00002980      0x160 .\CortexM3\ARM_GCC_493\Debug\CY8CKIT-059_JJY_Raceiver.a(CySpc.o)
 .debug_frame   0x00002ae0       0x20 .\CortexM3\ARM_GCC_493\Debug\CY8CKIT-059_JJY_Raceiver.a(cyutils.o)
 .debug_frame   0x00002b00       0x20 c:/program files (x86)/cypress/psoc creator/3.3/psoc creator/import/gnu/arm/4.9.3/bin/../lib/gcc/arm-none-eabi/4.9.3/../../../../arm-none-eabi/lib/armv7-m\libg_nano.a(lib_a-errno.o)
 .debug_frame   0x00002b20       0x28 c:/program files (x86)/cypress/psoc creator/3.3/psoc creator/import/gnu/arm/4.9.3/bin/../lib/gcc/arm-none-eabi/4.9.3/../../../../arm-none-eabi/lib/armv7-m\libg_nano.a(lib_a-exit.o)
 .debug_frame   0x00002b48       0x2c c:/program files (x86)/cypress/psoc creator/3.3/psoc creator/import/gnu/arm/4.9.3/bin/../lib/gcc/arm-none-eabi/4.9.3/../../../../arm-none-eabi/lib/armv7-m\libg_nano.a(lib_a-init.o)
 .debug_frame   0x00002b74       0x28 c:/program files (x86)/cypress/psoc creator/3.3/psoc creator/import/gnu/arm/4.9.3/bin/../lib/gcc/arm-none-eabi/4.9.3/../../../../arm-none-eabi/lib/armv7-m\libg_nano.a(lib_a-memcpy.o)
 .debug_frame   0x00002b9c       0x20 c:/program files (x86)/cypress/psoc creator/3.3/psoc creator/import/gnu/arm/4.9.3/bin/../lib/gcc/arm-none-eabi/4.9.3/../../../../arm-none-eabi/lib/armv7-m\libg_nano.a(lib_a-memset.o)
 .debug_frame   0x00002bbc       0x70 c:/program files (x86)/cypress/psoc creator/3.3/psoc creator/import/gnu/arm/4.9.3/bin/../lib/gcc/arm-none-eabi/4.9.3/../../../../arm-none-eabi/lib/armv7-m\libg_nano.a(lib_a-sprintf.o)
 .debug_frame   0x00002c2c       0x8c c:/program files (x86)/cypress/psoc creator/3.3/psoc creator/import/gnu/arm/4.9.3/bin/../lib/gcc/arm-none-eabi/4.9.3/../../../../arm-none-eabi/lib/armv7-m\libg_nano.a(lib_a-nano-svfprintf.o)
 .debug_frame   0x00002cb8       0x58 c:/program files (x86)/cypress/psoc creator/3.3/psoc creator/import/gnu/arm/4.9.3/bin/../lib/gcc/arm-none-eabi/4.9.3/../../../../arm-none-eabi/lib/armv7-m\libg_nano.a(lib_a-nano-vfprintf_i.o)
 .debug_frame   0x00002d10       0x28 c:/program files (x86)/cypress/psoc creator/3.3/psoc creator/import/gnu/arm/4.9.3/bin/../lib/gcc/arm-none-eabi/4.9.3/../../../../arm-none-eabi/lib/armv7-m\libg_nano.a(lib_a-memchr.o)
 .debug_frame   0x00002d38       0x28 c:/program files (x86)/cypress/psoc creator/3.3/psoc creator/import/gnu/arm/4.9.3/bin/../lib/gcc/arm-none-eabi/4.9.3/../../../../arm-none-eabi/lib/armv7-m\libg_nano.a(lib_a-memmove.o)
 .debug_frame   0x00002d60       0x2c c:/program files (x86)/cypress/psoc creator/3.3/psoc creator/import/gnu/arm/4.9.3/bin/../lib/gcc/arm-none-eabi/4.9.3/../../../../arm-none-eabi/lib/armv7-m\libg_nano.a(lib_a-nano-freer.o)
 .debug_frame   0x00002d8c       0x2c c:/program files (x86)/cypress/psoc creator/3.3/psoc creator/import/gnu/arm/4.9.3/bin/../lib/gcc/arm-none-eabi/4.9.3/../../../../arm-none-eabi/lib/armv7-m\libg_nano.a(lib_a-nano-mallocr.o)
 .debug_frame   0x00002db8       0x3c c:/program files (x86)/cypress/psoc creator/3.3/psoc creator/import/gnu/arm/4.9.3/bin/../lib/gcc/arm-none-eabi/4.9.3/../../../../arm-none-eabi/lib/armv7-m\libg_nano.a(lib_a-nano-reallocr.o)
 .debug_frame   0x00002df4       0x2c c:/program files (x86)/cypress/psoc creator/3.3/psoc creator/import/gnu/arm/4.9.3/bin/../lib/gcc/arm-none-eabi/4.9.3/../../../../arm-none-eabi/lib/armv7-m\libg_nano.a(lib_a-sbrkr.o)
 .debug_frame   0x00002e20       0x20 c:/program files (x86)/cypress/psoc creator/3.3/psoc creator/import/gnu/arm/4.9.3/bin/../lib/gcc/arm-none-eabi/4.9.3/../../../../arm-none-eabi/lib/armv7-m\libg_nano.a(lib_a-nano-msizer.o)
 .debug_frame   0x00002e40       0x5c c:/program files (x86)/cypress/psoc creator/3.3/psoc creator/import/gnu/arm/4.9.3/bin/../lib/gcc/arm-none-eabi/4.9.3/../../../../arm-none-eabi/lib/armv7-m\libg_nano.a(lib_a-reent.o)

.debug_str      0x00000000     0x4176
 *(.debug_str)
 .debug_str     0x00000000      0x176 .\CortexM3\ARM_GCC_493\Debug\croutine.o
                                0x1b7 (size before relaxing)
 .debug_str     0x00000176      0x444 .\CortexM3\ARM_GCC_493\Debug\event_groups.o
                                0x62e (size before relaxing)
 .debug_str     0x000005ba       0x90 .\CortexM3\ARM_GCC_493\Debug\list.o
                                0x306 (size before relaxing)
 .debug_str     0x0000064a      0x136 .\CortexM3\ARM_GCC_493\Debug\port.o
                                0x36b (size before relaxing)
 .debug_str     0x00000780      0x55a .\CortexM3\ARM_GCC_493\Debug\queue.o
                                0x8d5 (size before relaxing)
 .debug_str     0x00000cda      0x8d9 .\CortexM3\ARM_GCC_493\Debug\tasks.o
                                0xec2 (size before relaxing)
 .debug_str     0x000015b3       0x15 .\CortexM3\ARM_GCC_493\Debug\timers.o
                                0x1b5 (size before relaxing)
 .debug_str     0x000015c8      0x14f .\CortexM3\ARM_GCC_493\Debug\heap_2.o
                                0x37c (size before relaxing)
 .debug_str     0x00001717      0x252 .\CortexM3\ARM_GCC_493\Debug\I2C_CLCD.o
                                0x3de (size before relaxing)
 .debug_str     0x00001969      0x397 .\CortexM3\ARM_GCC_493\Debug\main.o
                                0x7ed (size before relaxing)
 .debug_str     0x00001d00       0x77 .\CortexM3\ARM_GCC_493\Debug\cymetadata.o
                                0x1fe (size before relaxing)
 .debug_str     0x00001d77      0x14e .\CortexM3\ARM_GCC_493\Debug\Cm3Start.o
                                0x322 (size before relaxing)
 .debug_str     0x00001ec5      0x142 .\CortexM3\ARM_GCC_493\Debug\CY8CKIT-059_JJY_Raceiver.a(cyfitter_cfg.o)
                                0x317 (size before relaxing)
 .debug_str     0x00002007       0x59 .\CortexM3\ARM_GCC_493\Debug\CY8CKIT-059_JJY_Raceiver.a(LED.o)
                                0x1ec (size before relaxing)
 .debug_str     0x00002060      0x37f .\CortexM3\ARM_GCC_493\Debug\CY8CKIT-059_JJY_Raceiver.a(CyDmac.o)
                                0x552 (size before relaxing)
 .debug_str     0x000023df      0x7a7 .\CortexM3\ARM_GCC_493\Debug\CY8CKIT-059_JJY_Raceiver.a(CyLib.o)
                                0xa37 (size before relaxing)
 .debug_str     0x00002b86      0x35b .\CortexM3\ARM_GCC_493\Debug\CY8CKIT-059_JJY_Raceiver.a(cyPm.o)
                                0x72f (size before relaxing)
 .debug_str     0x00002ee1       0xe5 .\CortexM3\ARM_GCC_493\Debug\CY8CKIT-059_JJY_Raceiver.a(I2C_1.o)
                                0x30e (size before relaxing)
 .debug_str     0x00002fc6       0x96 .\CortexM3\ARM_GCC_493\Debug\CY8CKIT-059_JJY_Raceiver.a(I2C_1_INT.o)
                                0x27d (size before relaxing)
 .debug_str     0x0000305c       0x62 .\CortexM3\ARM_GCC_493\Debug\CY8CKIT-059_JJY_Raceiver.a(I2C_1_PM.o)
                                0x297 (size before relaxing)
 .debug_str     0x000030be      0x140 .\CortexM3\ARM_GCC_493\Debug\CY8CKIT-059_JJY_Raceiver.a(I2C_1_MASTER.o)
                                0x3da (size before relaxing)
 .debug_str     0x000031fe      0x260 .\CortexM3\ARM_GCC_493\Debug\CY8CKIT-059_JJY_Raceiver.a(WaveDAC8_1.o)
                                0x47a (size before relaxing)
 .debug_str     0x0000345e      0x1ad .\CortexM3\ARM_GCC_493\Debug\CY8CKIT-059_JJY_Raceiver.a(WaveDAC8_1_DacClk.o)
                                0x37a (size before relaxing)
 .debug_str     0x0000360b       0xae .\CortexM3\ARM_GCC_493\Debug\CY8CKIT-059_JJY_Raceiver.a(WaveDAC8_1_Wave1_DMA_dma.o)
                                0x2b9 (size before relaxing)
 .debug_str     0x000036b9       0x73 .\CortexM3\ARM_GCC_493\Debug\CY8CKIT-059_JJY_Raceiver.a(WaveDAC8_1_Wave2_DMA_dma.o)
                                0x2b9 (size before relaxing)
 .debug_str     0x0000372c       0x81 .\CortexM3\ARM_GCC_493\Debug\CY8CKIT-059_JJY_Raceiver.a(WaveDAC8_1_VDAC8.o)
                                0x2a1 (size before relaxing)
 .debug_str     0x000037ad      0x1b4 .\CortexM3\ARM_GCC_493\Debug\CY8CKIT-059_JJY_Raceiver.a(Counter_1.o)
                                0x3b7 (size before relaxing)
 .debug_str     0x00003961      0x169 .\CortexM3\ARM_GCC_493\Debug\CY8CKIT-059_JJY_Raceiver.a(isr_TC_PULSE_END.o)
                                0x348 (size before relaxing)
 .debug_str     0x00003aca      0x169 .\CortexM3\ARM_GCC_493\Debug\CY8CKIT-059_JJY_Raceiver.a(isr_TC_PULSE_DET.o)
                                0x348 (size before relaxing)
 .debug_str     0x00003c33      0x144 .\CortexM3\ARM_GCC_493\Debug\CY8CKIT-059_JJY_Raceiver.a(Timer_1.o)
                                0x31d (size before relaxing)
 .debug_str     0x00003d77       0x42 .\CortexM3\ARM_GCC_493\Debug\CY8CKIT-059_JJY_Raceiver.a(TONE_Control_Reg.o)
                                0x1e4 (size before relaxing)
 .debug_str     0x00003db9       0x2b .\CortexM3\ARM_GCC_493\Debug\CY8CKIT-059_JJY_Raceiver.a(JJY_Control_Reg.o)
                                0x1e1 (size before relaxing)
 .debug_str     0x00003de4      0x11b .\CortexM3\ARM_GCC_493\Debug\CY8CKIT-059_JJY_Raceiver.a(timerISR_1.o)
                                0x2f4 (size before relaxing)
 .debug_str     0x00003eff      0x19e .\CortexM3\ARM_GCC_493\Debug\CY8CKIT-059_JJY_Raceiver.a(CyFlash.o)
                                0x3a9 (size before relaxing)
 .debug_str     0x0000409d       0xae .\CortexM3\ARM_GCC_493\Debug\CY8CKIT-059_JJY_Raceiver.a(CySpc.o)
                                0x332 (size before relaxing)
 .debug_str     0x0000414b       0x2b .\CortexM3\ARM_GCC_493\Debug\CY8CKIT-059_JJY_Raceiver.a(cyutils.o)
                                0x1c6 (size before relaxing)

.debug_loc      0x00000000     0x629f
 *(.debug_loc)
 .debug_loc     0x00000000      0x65e .\CortexM3\ARM_GCC_493\Debug\event_groups.o
 .debug_loc     0x0000065e       0x65 .\CortexM3\ARM_GCC_493\Debug\list.o
 .debug_loc     0x000006c3       0x80 .\CortexM3\ARM_GCC_493\Debug\port.o
 .debug_loc     0x00000743      0xeb5 .\CortexM3\ARM_GCC_493\Debug\queue.o
 .debug_loc     0x000015f8     0x13e3 .\CortexM3\ARM_GCC_493\Debug\tasks.o
 .debug_loc     0x000029db      0x1cc .\CortexM3\ARM_GCC_493\Debug\heap_2.o
 .debug_loc     0x00002ba7      0x401 .\CortexM3\ARM_GCC_493\Debug\I2C_CLCD.o
 .debug_loc     0x00002fa8      0x395 .\CortexM3\ARM_GCC_493\Debug\main.o
 .debug_loc     0x0000333d      0x144 .\CortexM3\ARM_GCC_493\Debug\Cm3Start.o
 .debug_loc     0x00003481      0x1d7 .\CortexM3\ARM_GCC_493\Debug\CY8CKIT-059_JJY_Raceiver.a(cyfitter_cfg.o)
 .debug_loc     0x00003658       0x42 .\CortexM3\ARM_GCC_493\Debug\CY8CKIT-059_JJY_Raceiver.a(LED.o)
 .debug_loc     0x0000369a      0xb83 .\CortexM3\ARM_GCC_493\Debug\CY8CKIT-059_JJY_Raceiver.a(CyDmac.o)
 .debug_loc     0x0000421d      0xa11 .\CortexM3\ARM_GCC_493\Debug\CY8CKIT-059_JJY_Raceiver.a(CyLib.o)
 .debug_loc     0x00004c2e      0x1e4 .\CortexM3\ARM_GCC_493\Debug\CY8CKIT-059_JJY_Raceiver.a(cyPm.o)
 .debug_loc     0x00004e12       0x39 .\CortexM3\ARM_GCC_493\Debug\CY8CKIT-059_JJY_Raceiver.a(I2C_1.o)
 .debug_loc     0x00004e4b       0x29 .\CortexM3\ARM_GCC_493\Debug\CY8CKIT-059_JJY_Raceiver.a(I2C_1_INT.o)
 .debug_loc     0x00004e74       0x13 .\CortexM3\ARM_GCC_493\Debug\CY8CKIT-059_JJY_Raceiver.a(I2C_1_PM.o)
 .debug_loc     0x00004e87      0x52f .\CortexM3\ARM_GCC_493\Debug\CY8CKIT-059_JJY_Raceiver.a(I2C_1_MASTER.o)
 .debug_loc     0x000053b6      0x11b .\CortexM3\ARM_GCC_493\Debug\CY8CKIT-059_JJY_Raceiver.a(WaveDAC8_1.o)
 .debug_loc     0x000054d1      0x128 .\CortexM3\ARM_GCC_493\Debug\CY8CKIT-059_JJY_Raceiver.a(WaveDAC8_1_DacClk.o)
 .debug_loc     0x000055f9       0x84 .\CortexM3\ARM_GCC_493\Debug\CY8CKIT-059_JJY_Raceiver.a(WaveDAC8_1_Wave1_DMA_dma.o)
 .debug_loc     0x0000567d       0x84 .\CortexM3\ARM_GCC_493\Debug\CY8CKIT-059_JJY_Raceiver.a(WaveDAC8_1_Wave2_DMA_dma.o)
 .debug_loc     0x00005701       0x79 .\CortexM3\ARM_GCC_493\Debug\CY8CKIT-059_JJY_Raceiver.a(WaveDAC8_1_VDAC8.o)
 .debug_loc     0x0000577a       0xb5 .\CortexM3\ARM_GCC_493\Debug\CY8CKIT-059_JJY_Raceiver.a(Counter_1.o)
 .debug_loc     0x0000582f       0x56 .\CortexM3\ARM_GCC_493\Debug\CY8CKIT-059_JJY_Raceiver.a(isr_TC_PULSE_END.o)
 .debug_loc     0x00005885       0x56 .\CortexM3\ARM_GCC_493\Debug\CY8CKIT-059_JJY_Raceiver.a(isr_TC_PULSE_DET.o)
 .debug_loc     0x000058db       0x56 .\CortexM3\ARM_GCC_493\Debug\CY8CKIT-059_JJY_Raceiver.a(timerISR_1.o)
 .debug_loc     0x00005931      0x300 .\CortexM3\ARM_GCC_493\Debug\CY8CKIT-059_JJY_Raceiver.a(CyFlash.o)
 .debug_loc     0x00005c31      0x64d .\CortexM3\ARM_GCC_493\Debug\CY8CKIT-059_JJY_Raceiver.a(CySpc.o)
 .debug_loc     0x0000627e       0x21 .\CortexM3\ARM_GCC_493\Debug\CY8CKIT-059_JJY_Raceiver.a(cyutils.o)

.debug_macinfo
 *(.debug_macinfo)

.debug_ranges   0x00000000      0xeb0
 *(.debug_ranges)
 .debug_ranges  0x00000000       0x70 .\CortexM3\ARM_GCC_493\Debug\event_groups.o
 .debug_ranges  0x00000070       0x30 .\CortexM3\ARM_GCC_493\Debug\list.o
 .debug_ranges  0x000000a0       0x78 .\CortexM3\ARM_GCC_493\Debug\port.o
 .debug_ranges  0x00000118       0xd0 .\CortexM3\ARM_GCC_493\Debug\queue.o
 .debug_ranges  0x000001e8      0x1c8 .\CortexM3\ARM_GCC_493\Debug\tasks.o
 .debug_ranges  0x000003b0       0x30 .\CortexM3\ARM_GCC_493\Debug\heap_2.o
 .debug_ranges  0x000003e0       0x88 .\CortexM3\ARM_GCC_493\Debug\I2C_CLCD.o
 .debug_ranges  0x00000468       0x78 .\CortexM3\ARM_GCC_493\Debug\main.o
 .debug_ranges  0x000004e0       0x38 .\CortexM3\ARM_GCC_493\Debug\Cm3Start.o
 .debug_ranges  0x00000518       0x48 .\CortexM3\ARM_GCC_493\Debug\CY8CKIT-059_JJY_Raceiver.a(cyfitter_cfg.o)
 .debug_ranges  0x00000560       0x28 .\CortexM3\ARM_GCC_493\Debug\CY8CKIT-059_JJY_Raceiver.a(LED.o)
 .debug_ranges  0x00000588       0xc8 .\CortexM3\ARM_GCC_493\Debug\CY8CKIT-059_JJY_Raceiver.a(CyDmac.o)
 .debug_ranges  0x00000650      0x288 .\CortexM3\ARM_GCC_493\Debug\CY8CKIT-059_JJY_Raceiver.a(CyLib.o)
 .debug_ranges  0x000008d8       0x88 .\CortexM3\ARM_GCC_493\Debug\CY8CKIT-059_JJY_Raceiver.a(cyPm.o)
 .debug_ranges  0x00000960       0x28 .\CortexM3\ARM_GCC_493\Debug\CY8CKIT-059_JJY_Raceiver.a(I2C_1.o)
 .debug_ranges  0x00000988       0x10 .\CortexM3\ARM_GCC_493\Debug\CY8CKIT-059_JJY_Raceiver.a(I2C_1_INT.o)
 .debug_ranges  0x00000998       0x28 .\CortexM3\ARM_GCC_493\Debug\CY8CKIT-059_JJY_Raceiver.a(I2C_1_PM.o)
 .debug_ranges  0x000009c0       0x70 .\CortexM3\ARM_GCC_493\Debug\CY8CKIT-059_JJY_Raceiver.a(I2C_1_MASTER.o)
 .debug_ranges  0x00000a30       0x40 .\CortexM3\ARM_GCC_493\Debug\CY8CKIT-059_JJY_Raceiver.a(WaveDAC8_1.o)
 .debug_ranges  0x00000a70       0x60 .\CortexM3\ARM_GCC_493\Debug\CY8CKIT-059_JJY_Raceiver.a(WaveDAC8_1_DacClk.o)
 .debug_ranges  0x00000ad0       0x18 .\CortexM3\ARM_GCC_493\Debug\CY8CKIT-059_JJY_Raceiver.a(WaveDAC8_1_Wave1_DMA_dma.o)
 .debug_ranges  0x00000ae8       0x18 .\CortexM3\ARM_GCC_493\Debug\CY8CKIT-059_JJY_Raceiver.a(WaveDAC8_1_Wave2_DMA_dma.o)
 .debug_ranges  0x00000b00       0x48 .\CortexM3\ARM_GCC_493\Debug\CY8CKIT-059_JJY_Raceiver.a(WaveDAC8_1_VDAC8.o)
 .debug_ranges  0x00000b48       0x88 .\CortexM3\ARM_GCC_493\Debug\CY8CKIT-059_JJY_Raceiver.a(Counter_1.o)
 .debug_ranges  0x00000bd0       0x70 .\CortexM3\ARM_GCC_493\Debug\CY8CKIT-059_JJY_Raceiver.a(isr_TC_PULSE_END.o)
 .debug_ranges  0x00000c40       0x70 .\CortexM3\ARM_GCC_493\Debug\CY8CKIT-059_JJY_Raceiver.a(isr_TC_PULSE_DET.o)
 .debug_ranges  0x00000cb0       0x78 .\CortexM3\ARM_GCC_493\Debug\CY8CKIT-059_JJY_Raceiver.a(Timer_1.o)
 .debug_ranges  0x00000d28       0x18 .\CortexM3\ARM_GCC_493\Debug\CY8CKIT-059_JJY_Raceiver.a(TONE_Control_Reg.o)
 .debug_ranges  0x00000d40       0x18 .\CortexM3\ARM_GCC_493\Debug\CY8CKIT-059_JJY_Raceiver.a(JJY_Control_Reg.o)
 .debug_ranges  0x00000d58       0x70 .\CortexM3\ARM_GCC_493\Debug\CY8CKIT-059_JJY_Raceiver.a(timerISR_1.o)
 .debug_ranges  0x00000dc8       0x70 .\CortexM3\ARM_GCC_493\Debug\CY8CKIT-059_JJY_Raceiver.a(CyFlash.o)
 .debug_ranges  0x00000e38       0x68 .\CortexM3\ARM_GCC_493\Debug\CY8CKIT-059_JJY_Raceiver.a(CySpc.o)
 .debug_ranges  0x00000ea0       0x10 .\CortexM3\ARM_GCC_493\Debug\CY8CKIT-059_JJY_Raceiver.a(cyutils.o)

.comment        0x00000000       0x70
 .comment       0x00000000       0x70 .\CortexM3\ARM_GCC_493\Debug\croutine.o
                                 0x71 (size before relaxing)
 .comment       0x00000000       0x71 .\CortexM3\ARM_GCC_493\Debug\event_groups.o
 .comment       0x00000000       0x71 .\CortexM3\ARM_GCC_493\Debug\list.o
 .comment       0x00000000       0x71 .\CortexM3\ARM_GCC_493\Debug\port.o
 .comment       0x00000000       0x71 .\CortexM3\ARM_GCC_493\Debug\queue.o
 .comment       0x00000000       0x71 .\CortexM3\ARM_GCC_493\Debug\tasks.o
 .comment       0x00000000       0x71 .\CortexM3\ARM_GCC_493\Debug\timers.o
 .comment       0x00000000       0x71 .\CortexM3\ARM_GCC_493\Debug\heap_2.o
 .comment       0x00000000       0x71 .\CortexM3\ARM_GCC_493\Debug\I2C_CLCD.o
 .comment       0x00000000       0x71 .\CortexM3\ARM_GCC_493\Debug\main.o
 .comment       0x00000000       0x71 .\CortexM3\ARM_GCC_493\Debug\cymetadata.o
 .comment       0x00000000       0x71 .\CortexM3\ARM_GCC_493\Debug\Cm3Start.o
 .comment       0x00000000       0x71 .\CortexM3\ARM_GCC_493\Debug\CY8CKIT-059_JJY_Raceiver.a(cyfitter_cfg.o)
 .comment       0x00000000       0x71 .\CortexM3\ARM_GCC_493\Debug\CY8CKIT-059_JJY_Raceiver.a(LED.o)
 .comment       0x00000000       0x71 .\CortexM3\ARM_GCC_493\Debug\CY8CKIT-059_JJY_Raceiver.a(CyDmac.o)
 .comment       0x00000000       0x71 .\CortexM3\ARM_GCC_493\Debug\CY8CKIT-059_JJY_Raceiver.a(CyLib.o)
 .comment       0x00000000       0x71 .\CortexM3\ARM_GCC_493\Debug\CY8CKIT-059_JJY_Raceiver.a(cyPm.o)
 .comment       0x00000000       0x71 .\CortexM3\ARM_GCC_493\Debug\CY8CKIT-059_JJY_Raceiver.a(I2C_1.o)
 .comment       0x00000000       0x71 .\CortexM3\ARM_GCC_493\Debug\CY8CKIT-059_JJY_Raceiver.a(I2C_1_INT.o)
 .comment       0x00000000       0x71 .\CortexM3\ARM_GCC_493\Debug\CY8CKIT-059_JJY_Raceiver.a(I2C_1_PM.o)
 .comment       0x00000000       0x71 .\CortexM3\ARM_GCC_493\Debug\CY8CKIT-059_JJY_Raceiver.a(I2C_1_MASTER.o)
 .comment       0x00000000       0x71 .\CortexM3\ARM_GCC_493\Debug\CY8CKIT-059_JJY_Raceiver.a(WaveDAC8_1.o)
 .comment       0x00000000       0x71 .\CortexM3\ARM_GCC_493\Debug\CY8CKIT-059_JJY_Raceiver.a(WaveDAC8_1_DacClk.o)
 .comment       0x00000000       0x71 .\CortexM3\ARM_GCC_493\Debug\CY8CKIT-059_JJY_Raceiver.a(WaveDAC8_1_Wave1_DMA_dma.o)
 .comment       0x00000000       0x71 .\CortexM3\ARM_GCC_493\Debug\CY8CKIT-059_JJY_Raceiver.a(WaveDAC8_1_Wave2_DMA_dma.o)
 .comment       0x00000000       0x71 .\CortexM3\ARM_GCC_493\Debug\CY8CKIT-059_JJY_Raceiver.a(WaveDAC8_1_VDAC8.o)
 .comment       0x00000000       0x71 .\CortexM3\ARM_GCC_493\Debug\CY8CKIT-059_JJY_Raceiver.a(Counter_1.o)
 .comment       0x00000000       0x71 .\CortexM3\ARM_GCC_493\Debug\CY8CKIT-059_JJY_Raceiver.a(isr_TC_PULSE_END.o)
 .comment       0x00000000       0x71 .\CortexM3\ARM_GCC_493\Debug\CY8CKIT-059_JJY_Raceiver.a(isr_TC_PULSE_DET.o)
 .comment       0x00000000       0x71 .\CortexM3\ARM_GCC_493\Debug\CY8CKIT-059_JJY_Raceiver.a(Timer_1.o)
 .comment       0x00000000       0x71 .\CortexM3\ARM_GCC_493\Debug\CY8CKIT-059_JJY_Raceiver.a(TONE_Control_Reg.o)
 .comment       0x00000000       0x71 .\CortexM3\ARM_GCC_493\Debug\CY8CKIT-059_JJY_Raceiver.a(JJY_Control_Reg.o)
 .comment       0x00000000       0x71 .\CortexM3\ARM_GCC_493\Debug\CY8CKIT-059_JJY_Raceiver.a(timerISR_1.o)
 .comment       0x00000000       0x71 .\CortexM3\ARM_GCC_493\Debug\CY8CKIT-059_JJY_Raceiver.a(CyFlash.o)
 .comment       0x00000000       0x71 .\CortexM3\ARM_GCC_493\Debug\CY8CKIT-059_JJY_Raceiver.a(CySpc.o)
 .comment       0x00000000       0x71 .\CortexM3\ARM_GCC_493\Debug\CY8CKIT-059_JJY_Raceiver.a(cyutils.o)

.debug_weaknames
 *(.debug_weaknames)

.debug_funcnames
 *(.debug_funcnames)

.debug_typenames
 *(.debug_typenames)

.debug_varnames
 *(.debug_varnames)

.note.gnu.arm.ident
 *(.note.gnu.arm.ident)

.ARM.attributes
                0x00000000       0x29
 *(.ARM.attributes)
 .ARM.attributes
                0x00000000       0x1d c:/program files (x86)/cypress/psoc creator/3.3/psoc creator/import/gnu/arm/4.9.3/bin/../lib/gcc/arm-none-eabi/4.9.3/armv7-m/crti.o
 .ARM.attributes
                0x0000001d       0x2d c:/program files (x86)/cypress/psoc creator/3.3/psoc creator/import/gnu/arm/4.9.3/bin/../lib/gcc/arm-none-eabi/4.9.3/armv7-m/crtbegin.o
 .ARM.attributes
                0x0000004a       0x1b c:/program files (x86)/cypress/psoc creator/3.3/psoc creator/import/gnu/arm/4.9.3/bin/../lib/gcc/arm-none-eabi/4.9.3/../../../../arm-none-eabi/lib/armv7-m/crt0.o
 .ARM.attributes
                0x00000065       0x33 .\CortexM3\ARM_GCC_493\Debug\croutine.o